Archive member included to satisfy reference by file (symbol)

/usr/lib/gcc/arm-none-eabi/9.2.1/thumb/v6-m/nofp/libgcc.a(_dvmd_tls.o)
                              CMakeFiles/pedal_proj.dir/home/surya/pico/pico-sdk/src/rp2_common/pico_divider/divider.S.obj (__aeabi_idiv0)
/usr/lib/gcc/arm-none-eabi/9.2.1/../../../arm-none-eabi/lib/thumb/v6-m/nofp/libg.a(lib_a-atexit.o)
                              /usr/lib/gcc/arm-none-eabi/9.2.1/../../../arm-none-eabi/lib/thumb/v6-m/nofp/crt0.o (atexit)
/usr/lib/gcc/arm-none-eabi/9.2.1/../../../arm-none-eabi/lib/thumb/v6-m/nofp/libg.a(lib_a-calloc.o)
                              CMakeFiles/pedal_proj.dir/home/surya/pico/pico-sdk/src/rp2_common/pico_malloc/pico_malloc.c.obj (calloc)
/usr/lib/gcc/arm-none-eabi/9.2.1/../../../arm-none-eabi/lib/thumb/v6-m/nofp/libg.a(lib_a-callocr.o)
                              /usr/lib/gcc/arm-none-eabi/9.2.1/../../../arm-none-eabi/lib/thumb/v6-m/nofp/libg.a(lib_a-calloc.o) (_calloc_r)
/usr/lib/gcc/arm-none-eabi/9.2.1/../../../arm-none-eabi/lib/thumb/v6-m/nofp/libg.a(lib_a-fini.o)
                              /usr/lib/gcc/arm-none-eabi/9.2.1/../../../arm-none-eabi/lib/thumb/v6-m/nofp/crt0.o (__libc_fini_array)
/usr/lib/gcc/arm-none-eabi/9.2.1/../../../arm-none-eabi/lib/thumb/v6-m/nofp/libg.a(lib_a-impure.o)
                              /usr/lib/gcc/arm-none-eabi/9.2.1/../../../arm-none-eabi/lib/thumb/v6-m/nofp/libg.a(lib_a-calloc.o) (_impure_ptr)
/usr/lib/gcc/arm-none-eabi/9.2.1/../../../arm-none-eabi/lib/thumb/v6-m/nofp/libg.a(lib_a-init.o)
                              /usr/lib/gcc/arm-none-eabi/9.2.1/../../../arm-none-eabi/lib/thumb/v6-m/nofp/crt0.o (__libc_init_array)
/usr/lib/gcc/arm-none-eabi/9.2.1/../../../arm-none-eabi/lib/thumb/v6-m/nofp/libg.a(lib_a-malloc.o)
                              CMakeFiles/pedal_proj.dir/home/surya/pico/pico-sdk/src/rp2_common/pico_malloc/pico_malloc.c.obj (malloc)
/usr/lib/gcc/arm-none-eabi/9.2.1/../../../arm-none-eabi/lib/thumb/v6-m/nofp/libg.a(lib_a-mallocr.o)
                              /usr/lib/gcc/arm-none-eabi/9.2.1/../../../arm-none-eabi/lib/thumb/v6-m/nofp/libg.a(lib_a-callocr.o) (_malloc_r)
/usr/lib/gcc/arm-none-eabi/9.2.1/../../../arm-none-eabi/lib/thumb/v6-m/nofp/libg.a(lib_a-mlock.o)
                              /usr/lib/gcc/arm-none-eabi/9.2.1/../../../arm-none-eabi/lib/thumb/v6-m/nofp/libg.a(lib_a-mallocr.o) (__malloc_lock)
/usr/lib/gcc/arm-none-eabi/9.2.1/../../../arm-none-eabi/lib/thumb/v6-m/nofp/libg.a(lib_a-realloc.o)
                              CMakeFiles/pedal_proj.dir/home/surya/pico/pico-sdk/src/rp2_common/pico_malloc/pico_malloc.c.obj (realloc)
/usr/lib/gcc/arm-none-eabi/9.2.1/../../../arm-none-eabi/lib/thumb/v6-m/nofp/libg.a(lib_a-reallocr.o)
                              /usr/lib/gcc/arm-none-eabi/9.2.1/../../../arm-none-eabi/lib/thumb/v6-m/nofp/libg.a(lib_a-realloc.o) (_realloc_r)
/usr/lib/gcc/arm-none-eabi/9.2.1/../../../arm-none-eabi/lib/thumb/v6-m/nofp/libg.a(lib_a-sbrkr.o)
                              /usr/lib/gcc/arm-none-eabi/9.2.1/../../../arm-none-eabi/lib/thumb/v6-m/nofp/libg.a(lib_a-mallocr.o) (_sbrk_r)
/usr/lib/gcc/arm-none-eabi/9.2.1/../../../arm-none-eabi/lib/thumb/v6-m/nofp/libg.a(lib_a-strlen-stub.o)
                              CMakeFiles/pedal_proj.dir/home/surya/pico/pico-sdk/src/rp2_common/pico_stdio/stdio.c.obj (strlen)
/usr/lib/gcc/arm-none-eabi/9.2.1/../../../arm-none-eabi/lib/thumb/v6-m/nofp/libg.a(lib_a-__atexit.o)
                              /usr/lib/gcc/arm-none-eabi/9.2.1/../../../arm-none-eabi/lib/thumb/v6-m/nofp/libg.a(lib_a-atexit.o) (__register_exitproc)
/usr/lib/gcc/arm-none-eabi/9.2.1/../../../arm-none-eabi/lib/thumb/v6-m/nofp/libg.a(lib_a-freer.o)
                              /usr/lib/gcc/arm-none-eabi/9.2.1/../../../arm-none-eabi/lib/thumb/v6-m/nofp/libg.a(lib_a-malloc.o) (_free_r)
/usr/lib/gcc/arm-none-eabi/9.2.1/../../../arm-none-eabi/lib/thumb/v6-m/nofp/libg.a(lib_a-memmove.o)
                              /usr/lib/gcc/arm-none-eabi/9.2.1/../../../arm-none-eabi/lib/thumb/v6-m/nofp/libg.a(lib_a-reallocr.o) (memmove)
/usr/lib/gcc/arm-none-eabi/9.2.1/../../../arm-none-eabi/lib/thumb/v6-m/nofp/libg.a(lib_a-reent.o)
                              /usr/lib/gcc/arm-none-eabi/9.2.1/../../../arm-none-eabi/lib/thumb/v6-m/nofp/libg.a(lib_a-sbrkr.o) (errno)

Allocating common symbols
Common symbol       size              file

sf_table            0x100             CMakeFiles/pedal_proj.dir/home/surya/pico/pico-sdk/src/rp2_common/pico_float/float_init_rom.c.obj
errno               0x4               /usr/lib/gcc/arm-none-eabi/9.2.1/../../../arm-none-eabi/lib/thumb/v6-m/nofp/libg.a(lib_a-reent.o)
_usbd_qdef_buf      0xc0              CMakeFiles/pedal_proj.dir/home/surya/pico/pico-sdk/lib/tinyusb/src/device/usbd.c.obj
sd_table            0x100             CMakeFiles/pedal_proj.dir/home/surya/pico/pico-sdk/src/rp2_common/pico_double/double_init_rom.c.obj
uart_char_to_line_feed
[...]
Memory Configuration

Name             Origin             Length             Attributes
FLASH            0x0000000010000000 0x0000000000200000 xr
RAM              0x0000000020000000 0x0000000000040000 xrw
SCRATCH_X        0x0000000020040000 0x0000000000001000 xrw
SCRATCH_Y        0x0000000020041000 0x0000000000001000 xrw
*default*        0x0000000000000000 0xffffffffffffffff

Linker script and memory map

LOAD /usr/lib/gcc/arm-none-eabi/9.2.1/thumb/v6-m/nofp/crti.o
LOAD /usr/lib/gcc/arm-none-eabi/9.2.1/thumb/v6-m/nofp/crtbegin.o
LOAD /usr/lib/gcc/arm-none-eabi/9.2.1/../../../arm-none-eabi/lib/thumb/v6-m/nofp/crt0.o

.flash_begin    0x0000000010000000        0x0
                0x0000000010000000                __flash_binary_start = .

.boot2          0x0000000010000000      0x100
                0x0000000010000000                __boot2_start__ = .
 *(.boot2)
 .boot2         0x0000000010000000      0x100 /tmp/cc4TWdbp.o
                0x0000000010000100                __boot2_end__ = .
                0x0000000000000001                ASSERT (((__boot2_end__ - __boot2_start__) == 0x100), ERROR: Pico second stage bootloader must be 256 bytes in size)

.text           0x0000000010000100     0x4280
                0x0000000010000100                __logical_binary_start = .
 *(.vectors)
 .vectors       0x0000000010000100       0xd4 CMakeFiles/pedal_proj.dir/home/surya/pico/pico-sdk/src/rp2_common/pico_standard_link/crt0.S.obj
                0x0000000010000100                __vectors
                0x0000000010000100                __VECTOR_TABLE
                0x00000000100001c0                isr_invalid
                0x00000000100001c0                __default_isrs_start
                0x00000000100001c2                isr_nmi
                0x00000000100001c4                isr_hardfault
                0x00000000100001c6                isr_svcall
                0x00000000100001c8                isr_pendsv
                0x00000000100001ca                isr_systick
                0x00000000100001cc                isr_irq30
                0x00000000100001cc                __unhandled_user_irq
                0x00000000100001cc                isr_irq13
                0x00000000100001cc                isr_irq27
                0x00000000100001cc                isr_irq31
                0x00000000100001cc                isr_irq5
                0x00000000100001cc                isr_irq11
                0x00000000100001cc                isr_irq23
                0x00000000100001cc                isr_irq18
                0x00000000100001cc                isr_irq28
                0x00000000100001cc                isr_irq19
                0x00000000100001cc                isr_irq0
                0x00000000100001cc                isr_irq6
                0x00000000100001cc                isr_irq22
                0x00000000100001cc                isr_irq17
                0x00000000100001cc                isr_irq14
                0x00000000100001cc                isr_irq2
                0x00000000100001cc                isr_irq10
                0x00000000100001cc                isr_irq8
                0x00000000100001cc                isr_irq24
                0x00000000100001cc                isr_irq1
                0x00000000100001cc                isr_irq7
                0x00000000100001cc                isr_irq21
                0x00000000100001cc                isr_irq20
                0x00000000100001cc                isr_irq15
                0x00000000100001cc                isr_irq25
                0x00000000100001cc                isr_irq4
                0x00000000100001cc                isr_irq16
                0x00000000100001cc                isr_irq29
                0x00000000100001cc                isr_irq26
                0x00000000100001cc                __default_isrs_end
                0x00000000100001cc                isr_irq3
                0x00000000100001cc                isr_irq12
                0x00000000100001cc                isr_irq9
                0x00000000100001d2                unhandled_user_irq_num_in_r0
 *(.binary_info_header)
 .binary_info_header
                0x00000000100001d4       0x14 CMakeFiles/pedal_proj.dir/home/surya/pico/pico-sdk/src/rp2_common/pico_standard_link/crt0.S.obj
                0x00000000100001e8                __binary_info_header_end = .
 *(.reset)
 .reset         0x00000000100001e8       0xa0 CMakeFiles/pedal_proj.dir/home/surya/pico/pico-sdk/src/rp2_common/pico_standard_link/crt0.S.obj
                0x00000000100001e8                _entry_point
 .reset         0x0000000010000288       0x30 CMakeFiles/pedal_proj.dir/home/surya/pico/pico-sdk/src/rp2_common/pico_standard_link/binary_info.c.obj
 *(.init)
 .init          0x00000000100002b8        0x4 /usr/lib/gcc/arm-none-eabi/9.2.1/thumb/v6-m/nofp/crti.o
                0x00000000100002b8                _init
 *(EXCLUDE_FILE(*libm.a: *libc.a:*lib_a-mem*.o *libgcc.a:) .text*)
 .text          0x00000000100002bc       0x98 /usr/lib/gcc/arm-none-eabi/9.2.1/thumb/v6-m/nofp/crtbegin.o
 .text.main     0x0000000010000354       0x2c CMakeFiles/pedal_proj.dir/main.cpp.obj
                0x0000000010000354                main
 .text.gpio_set_function
                0x0000000010000380       0x30 CMakeFiles/pedal_proj.dir/home/surya/pico/pico-sdk/src/rp2_common/hardware_gpio/gpio.c.obj
                0x0000000010000380                gpio_set_function
 .text.gpio_init
                0x00000000100003b0       0x16 CMakeFiles/pedal_proj.dir/home/surya/pico/pico-sdk/src/rp2_common/hardware_gpio/gpio.c.obj
                0x00000000100003b0                gpio_init
 *fill*         0x00000000100003c6        0x2 
 .text.running_on_fpga
                0x00000000100003c8       0x14 CMakeFiles/pedal_proj.dir/home/surya/pico/pico-sdk/src/rp2_common/pico_platform/platform.c.obj
                0x00000000100003c8                running_on_fpga
 .text.hw_claim_lock
                0x00000000100003dc       0x18 CMakeFiles/pedal_proj.dir/home/surya/pico/pico-sdk/src/rp2_common/hardware_claim/claim.c.obj
                0x00000000100003dc                hw_claim_lock
 .text.hw_claim_unlock
                0x00000000100003f4       0x14 CMakeFiles/pedal_proj.dir/home/surya/pico/pico-sdk/src/rp2_common/hardware_claim/claim.c.obj
                0x00000000100003f4                hw_claim_unlock
 .text.hw_claim_or_assert
                0x0000000010000408       0x32 CMakeFiles/pedal_proj.dir/home/surya/pico/pico-sdk/src/rp2_common/hardware_claim/claim.c.obj
                0x0000000010000408                hw_claim_or_assert
 *fill*         0x000000001000043a        0x2 
 .text.spin_locks_reset
                0x000000001000043c       0x20 CMakeFiles/pedal_proj.dir/home/surya/pico/pico-sdk/src/rp2_common/hardware_sync/sync.c.obj
                0x000000001000043c                spin_locks_reset
 .text.next_striped_spin_lock_num
                0x000000001000045c       0x1c CMakeFiles/pedal_proj.dir/home/surya/pico/pico-sdk/src/rp2_common/hardware_sync/sync.c.obj
                0x000000001000045c                next_striped_spin_lock_num
 .text.set_raw_irq_handler_and_unlock
                0x0000000010000478       0x28 CMakeFiles/pedal_proj.dir/home/surya/pico/pico-sdk/src/rp2_common/hardware_irq/irq.c.obj
 .text.make_branch
                0x00000000100004a0       0x48 CMakeFiles/pedal_proj.dir/home/surya/pico/pico-sdk/src/rp2_common/hardware_irq/irq.c.obj
 .text.insert_branch_and_link
                0x00000000100004e8       0x40 CMakeFiles/pedal_proj.dir/home/surya/pico/pico-sdk/src/rp2_common/hardware_irq/irq.c.obj
 .text.irq_is_enabled
                0x0000000010000528       0x18 CMakeFiles/pedal_proj.dir/home/surya/pico/pico-sdk/src/rp2_common/hardware_irq/irq.c.obj
                0x0000000010000528                irq_is_enabled
 .text.irq_set_mask_enabled
                0x0000000010000540       0x20 CMakeFiles/pedal_proj.dir/home/surya/pico/pico-sdk/src/rp2_common/hardware_irq/irq.c.obj
                0x0000000010000540                irq_set_mask_enabled
 .text.irq_set_enabled
                0x0000000010000560        0xe CMakeFiles/pedal_proj.dir/home/surya/pico/pico-sdk/src/rp2_common/hardware_irq/irq.c.obj
                0x0000000010000560                irq_set_enabled
 *fill*         0x000000001000056e        0x2 
 .text.irq_get_vtable_handler
                0x0000000010000570       0x10 CMakeFiles/pedal_proj.dir/home/surya/pico/pico-sdk/src/rp2_common/hardware_irq/irq.c.obj
                0x0000000010000570                irq_get_vtable_handler
 .text.irq_set_exclusive_handler
                0x0000000010000580       0x54 CMakeFiles/pedal_proj.dir/home/surya/pico/pico-sdk/src/rp2_common/hardware_irq/irq.c.obj
                0x0000000010000580                irq_set_exclusive_handler
 .text.irq_remove_handler
                0x00000000100005d4      0x1ac CMakeFiles/pedal_proj.dir/home/surya/pico/pico-sdk/src/rp2_common/hardware_irq/irq.c.obj
                0x00000000100005d4                irq_remove_handler
 .text.irq_add_tail_to_free_list
                0x0000000010000780       0xf0 CMakeFiles/pedal_proj.dir/home/surya/pico/pico-sdk/src/rp2_common/hardware_irq/irq.c.obj
                0x0000000010000780                irq_add_tail_to_free_list
 .text.irq_init_priorities
                0x0000000010000870       0x1c CMakeFiles/pedal_proj.dir/home/surya/pico/pico-sdk/src/rp2_common/hardware_irq/irq.c.obj
                0x0000000010000870                irq_init_priorities
 .text.lock_init
                0x000000001000088c       0x10 CMakeFiles/pedal_proj.dir/home/surya/pico/pico-sdk/src/common/pico_sync/lock_core.c.obj
                0x000000001000088c                lock_init
 .text.mutex_init
                0x000000001000089c       0x1a CMakeFiles/pedal_proj.dir/home/surya/pico/pico-sdk/src/common/pico_sync/mutex.c.obj
                0x000000001000089c                mutex_init
 .text.recursive_mutex_init
                0x00000000100008b6       0x1e CMakeFiles/pedal_proj.dir/home/surya/pico/pico-sdk/src/common/pico_sync/mutex.c.obj
                0x00000000100008b6                recursive_mutex_init
 .text.alarm_pool_post_alloc_init
                0x00000000100008d4       0x40 CMakeFiles/pedal_proj.dir/home/surya/pico/pico-sdk/src/common/pico_time/time.c.obj
 .text.sleep_until_callback
                0x0000000010000914       0x30 CMakeFiles/pedal_proj.dir/home/surya/pico/pico-sdk/src/common/pico_time/time.c.obj
 .text.timer_pool_entry_comparator
                0x0000000010000944       0x7c CMakeFiles/pedal_proj.dir/home/surya/pico/pico-sdk/src/common/pico_time/time.c.obj
                0x0000000010000944                timer_pool_entry_comparator
 .text.ph_add_child_node
                0x00000000100009c0       0xa4 CMakeFiles/pedal_proj.dir/home/surya/pico/pico-sdk/src/common/pico_time/time.c.obj
 .text.ph_merge_nodes
                0x0000000010000a64       0x3e CMakeFiles/pedal_proj.dir/home/surya/pico/pico-sdk/src/common/pico_time/time.c.obj
 *fill*         0x0000000010000aa2        0x2 
 .text.add_alarm_under_lock
                0x0000000010000aa4      0x174 CMakeFiles/pedal_proj.dir/home/surya/pico/pico-sdk/src/common/pico_time/time.c.obj
 .text.alarm_pool_alarm_callback
                0x0000000010000c18      0x33c CMakeFiles/pedal_proj.dir/home/surya/pico/pico-sdk/src/common/pico_time/time.c.obj
 .text.alarm_pool_init_default
                0x0000000010000f54       0x40 CMakeFiles/pedal_proj.dir/home/surya/pico/pico-sdk/src/common/pico_time/time.c.obj
                0x0000000010000f54                alarm_pool_init_default
 .text.alarm_pool_get_default
                0x0000000010000f94       0x2c CMakeFiles/pedal_proj.dir/home/surya/pico/pico-sdk/src/common/pico_time/time.c.obj
                0x0000000010000f94                alarm_pool_get_default
 .text.alarm_pool_add_alarm_at
                0x0000000010000fc0      0x168 CMakeFiles/pedal_proj.dir/home/surya/pico/pico-sdk/src/common/pico_time/time.c.obj
                0x0000000010000fc0                alarm_pool_add_alarm_at
 .text.alarm_pool_cancel_alarm
                0x0000000010001128       0xf8 CMakeFiles/pedal_proj.dir/home/surya/pico/pico-sdk/src/common/pico_time/time.c.obj
                0x0000000010001128                alarm_pool_cancel_alarm
 .text.sleep_until
                0x0000000010001220       0xfc CMakeFiles/pedal_proj.dir/home/surya/pico/pico-sdk/src/common/pico_time/time.c.obj
                0x0000000010001220                sleep_until
 .text.sleep_us
                0x000000001000131c       0x58 CMakeFiles/pedal_proj.dir/home/surya/pico/pico-sdk/src/common/pico_time/time.c.obj
                0x000000001000131c                sleep_us
 .text.sleep_ms
                0x0000000010001374       0x14 CMakeFiles/pedal_proj.dir/home/surya/pico/pico-sdk/src/common/pico_time/time.c.obj
                0x0000000010001374                sleep_ms
 .text.best_effort_wfe_or_timeout
                0x0000000010001388       0xac CMakeFiles/pedal_proj.dir/home/surya/pico/pico-sdk/src/common/pico_time/time.c.obj
                0x0000000010001388                best_effort_wfe_or_timeout
 .text.hardware_alarm_irq_handler
                0x0000000010001434       0x90 CMakeFiles/pedal_proj.dir/home/surya/pico/pico-sdk/src/rp2_common/hardware_timer/timer.c.obj
 .text.hardware_alarm_claim
                0x00000000100014c4       0x18 CMakeFiles/pedal_proj.dir/home/surya/pico/pico-sdk/src/rp2_common/hardware_timer/timer.c.obj
                0x00000000100014c4                hardware_alarm_claim
 .text.time_us_64
                0x00000000100014dc       0x18 CMakeFiles/pedal_proj.dir/home/surya/pico/pico-sdk/src/rp2_common/hardware_timer/timer.c.obj
                0x00000000100014dc                time_us_64
 .text.busy_wait_until
                0x00000000100014f4       0x24 CMakeFiles/pedal_proj.dir/home/surya/pico/pico-sdk/src/rp2_common/hardware_timer/timer.c.obj
                0x00000000100014f4                busy_wait_until
 .text.hardware_alarm_set_callback
                0x0000000010001518       0x90 CMakeFiles/pedal_proj.dir/home/surya/pico/pico-sdk/src/rp2_common/hardware_timer/timer.c.obj
                0x0000000010001518                hardware_alarm_set_callback
 .text.hardware_alarm_set_target
                0x00000000100015a8       0xe8 CMakeFiles/pedal_proj.dir/home/surya/pico/pico-sdk/src/rp2_common/hardware_timer/timer.c.obj
                0x00000000100015a8                hardware_alarm_set_target
 .text.hardware_alarm_cancel
                0x0000000010001690       0x40 CMakeFiles/pedal_proj.dir/home/surya/pico/pico-sdk/src/rp2_common/hardware_timer/timer.c.obj
                0x0000000010001690                hardware_alarm_cancel
 .text.ph_add_child_node
                0x00000000100016d0       0xa4 CMakeFiles/pedal_proj.dir/home/surya/pico/pico-sdk/src/common/pico_util/pheap.c.obj
 .text.ph_merge_nodes
                0x0000000010001774       0x3e CMakeFiles/pedal_proj.dir/home/surya/pico/pico-sdk/src/common/pico_util/pheap.c.obj
 *fill*         0x00000000100017b2        0x2 
 .text.ph_clear
                0x00000000100017b4       0x70 CMakeFiles/pedal_proj.dir/home/surya/pico/pico-sdk/src/common/pico_util/pheap.c.obj
                0x00000000100017b4                ph_clear
 .text.ph_post_alloc_init
                0x0000000010001824        0xe CMakeFiles/pedal_proj.dir/home/surya/pico/pico-sdk/src/common/pico_util/pheap.c.obj
                0x0000000010001824                ph_post_alloc_init
 *fill*         0x0000000010001832        0x2 
 .text.ph_merge_two_pass
                0x0000000010001834       0xa8 CMakeFiles/pedal_proj.dir/home/surya/pico/pico-sdk/src/common/pico_util/pheap.c.obj
                0x0000000010001834                ph_merge_two_pass
 .text.ph_remove_any_head
                0x00000000100018dc      0x128 CMakeFiles/pedal_proj.dir/home/surya/pico/pico-sdk/src/common/pico_util/pheap.c.obj
 .text.ph_remove_head
                0x0000000010001a04       0x14 CMakeFiles/pedal_proj.dir/home/surya/pico/pico-sdk/src/common/pico_util/pheap.c.obj
                0x0000000010001a04                ph_remove_head
 .text.ph_remove_and_free_node
                0x0000000010001a18       0xf8 CMakeFiles/pedal_proj.dir/home/surya/pico/pico-sdk/src/common/pico_util/pheap.c.obj
                0x0000000010001a18                ph_remove_and_free_node
 .text.clock_configure
                0x0000000010001b10      0x108 CMakeFiles/pedal_proj.dir/home/surya/pico/pico-sdk/src/rp2_common/hardware_clocks/clocks.c.obj
                0x0000000010001b10                clock_configure
 .text.clocks_init
                0x0000000010001c18      0x100 CMakeFiles/pedal_proj.dir/home/surya/pico/pico-sdk/src/rp2_common/hardware_clocks/clocks.c.obj
                0x0000000010001c18                clocks_init
 .text.pll_init
                0x0000000010001d18      0x124 CMakeFiles/pedal_proj.dir/home/surya/pico/pico-sdk/src/rp2_common/hardware_pll/pll.c.obj
                0x0000000010001d18                pll_init
 .text.watchdog_start_tick
                0x0000000010001e3c       0x10 CMakeFiles/pedal_proj.dir/home/surya/pico/pico-sdk/src/rp2_common/hardware_watchdog/watchdog.c.obj
                0x0000000010001e3c                watchdog_start_tick
 .text.xosc_init
                0x0000000010001e4c       0x28 CMakeFiles/pedal_proj.dir/home/surya/pico/pico-sdk/src/rp2_common/hardware_xosc/xosc.c.obj
                0x0000000010001e4c                xosc_init
 .text._exit    0x0000000010001e74        0x4 CMakeFiles/pedal_proj.dir/home/surya/pico/pico-sdk/src/rp2_common/pico_runtime/runtime.c.obj
                0x0000000010001e74                _exit
 .text.exit     0x0000000010001e78        0x6 CMakeFiles/pedal_proj.dir/home/surya/pico/pico-sdk/src/rp2_common/pico_runtime/runtime.c.obj
                0x0000000010001e78                exit
 *fill*         0x0000000010001e7e        0x2 
 .text.__assert_func
                0x0000000010001e80       0x3c CMakeFiles/pedal_proj.dir/home/surya/pico/pico-sdk/src/rp2_common/pico_runtime/runtime.c.obj
                0x0000000010001e80                __assert_func
 .text.runtime_init
                0x0000000010001ebc       0xf8 CMakeFiles/pedal_proj.dir/home/surya/pico/pico-sdk/src/rp2_common/pico_runtime/runtime.c.obj
                0x0000000010001ebc                runtime_init
 .text.panic    0x0000000010001fb4       0x30 CMakeFiles/pedal_proj.dir/home/surya/pico/pico-sdk/src/rp2_common/pico_runtime/runtime.c.obj
                0x0000000010001fb4                panic
 .text._out_null
                0x0000000010001fe4        0x2 CMakeFiles/pedal_proj.dir/home/surya/pico/pico-sdk/src/rp2_common/pico_printf/printf.c.obj
 .text._out_fct
                0x0000000010001fe6        0xe CMakeFiles/pedal_proj.dir/home/surya/pico/pico-sdk/src/rp2_common/pico_printf/printf.c.obj
 .text._atoi    0x0000000010001ff4       0x24 CMakeFiles/pedal_proj.dir/home/surya/pico/pico-sdk/src/rp2_common/pico_printf/printf.c.obj
 .text._out_rev
                0x0000000010002018       0xae CMakeFiles/pedal_proj.dir/home/surya/pico/pico-sdk/src/rp2_common/pico_printf/printf.c.obj
 .text._ntoa_format
                0x00000000100020c6      0x110 CMakeFiles/pedal_proj.dir/home/surya/pico/pico-sdk/src/rp2_common/pico_printf/printf.c.obj
 .text._ntoa_long
                0x00000000100021d6       0xbc CMakeFiles/pedal_proj.dir/home/surya/pico/pico-sdk/src/rp2_common/pico_printf/printf.c.obj
 .text._ntoa_long_long
                0x0000000010002292       0xe2 CMakeFiles/pedal_proj.dir/home/surya/pico/pico-sdk/src/rp2_common/pico_printf/printf.c.obj
 .text._etoa    0x0000000010002374      0x40c CMakeFiles/pedal_proj.dir/home/surya/pico/pico-sdk/src/rp2_common/pico_printf/printf.c.obj
 .text._ftoa    0x0000000010002780      0x354 CMakeFiles/pedal_proj.dir/home/surya/pico/pico-sdk/src/rp2_common/pico_printf/printf.c.obj
 .text._vsnprintf
                0x0000000010002ad4      0x628 CMakeFiles/pedal_proj.dir/home/surya/pico/pico-sdk/src/rp2_common/pico_printf/printf.c.obj
 .text.vfctprintf
                0x00000000100030fc       0x20 CMakeFiles/pedal_proj.dir/home/surya/pico/pico-sdk/src/rp2_common/pico_printf/printf.c.obj
                0x00000000100030fc                vfctprintf
 .text          0x000000001000311c       0x10 CMakeFiles/pedal_proj.dir/home/surya/pico/pico-sdk/src/rp2_common/pico_bit_ops/bit_ops_aeabi.S.obj
 .text.rom_func_lookup
                0x000000001000312c       0x10 CMakeFiles/pedal_proj.dir/home/surya/pico/pico-sdk/src/rp2_common/pico_bootrom/bootrom.c.obj
                0x000000001000312c                rom_func_lookup
 .text.rom_data_lookup
                0x000000001000313c       0x10 CMakeFiles/pedal_proj.dir/home/surya/pico/pico-sdk/src/rp2_common/pico_bootrom/bootrom.c.obj
                0x000000001000313c                rom_data_lookup
 .text.rom_funcs_lookup
                0x000000001000314c       0x36 CMakeFiles/pedal_proj.dir/home/surya/pico/pico-sdk/src/rp2_common/pico_bootrom/bootrom.c.obj
                0x000000001000314c                rom_funcs_lookup
 *fill*         0x0000000010003182        0x2 
 .text.__wrap___aeabi_idiv
                0x0000000010003184       0x50 CMakeFiles/pedal_proj.dir/home/surya/pico/pico-sdk/src/rp2_common/pico_divider/divider.S.obj
                0x0000000010003184                __wrap___aeabi_idivmod
                0x0000000010003184                divmod_s32s32
                0x0000000010003184                div_s32s32
                0x0000000010003184                __wrap___aeabi_idiv
                0x000000001000318c                divmod_s32s32_unsafe
                0x00000000100031b8                divmod_s32s32_savestate
 .text.__wrap___aeabi_uidiv
                0x00000000100031d4       0x4c CMakeFiles/pedal_proj.dir/home/surya/pico/pico-sdk/src/rp2_common/pico_divider/divider.S.obj
                0x00000000100031d4                __wrap___aeabi_uidiv
                0x00000000100031d4                __wrap___aeabi_uidivmod
                0x00000000100031d4                div_u32u32
                0x00000000100031d4                divmod_u32u32
                0x00000000100031dc                divmod_u32u32_unsafe
                0x0000000010003204                divmod_u32u32_savestate
 .text.__wrap___aeabi_ldiv
                0x0000000010003220      0x424 CMakeFiles/pedal_proj.dir/home/surya/pico/pico-sdk/src/rp2_common/pico_divider/divider.S.obj
                0x0000000010003220                div_s64s64
                0x0000000010003220                divmod_s64s64
                0x0000000010003220                __wrap___aeabi_ldivmod
                0x0000000010003250                div_u64u64
                0x0000000010003250                divmod_u64u64
                0x0000000010003250                __wrap___aeabi_uldivmod
                0x0000000010003260                divmod_u64u64_savestate
                0x0000000010003280                divmod_s64s64_unsafe
                0x0000000010003308                divmod_u64u64_unsafe
 .text.__wrap___aeabi_darithmetic
                0x0000000010003644       0x80 CMakeFiles/pedal_proj.dir/home/surya/pico/pico-sdk/src/rp2_common/pico_double/double_aeabi.S.obj
                0x0000000010003644                __wrap___aeabi_drsub
                0x000000001000364a                __wrap___aeabi_dsub
                0x000000001000365c                __wrap___aeabi_dadd
                0x000000001000366e                __wrap___aeabi_ddiv
                0x00000000100036aa                __wrap___aeabi_dmul
 .text.__wrap___aeabi_cdcmple
                0x00000000100036c4       0x6c CMakeFiles/pedal_proj.dir/home/surya/pico/pico-sdk/src/rp2_common/pico_double/double_aeabi.S.obj
                0x00000000100036c4                __wrap___aeabi_cdrcmple
                0x00000000100036d4                __wrap___aeabi_cdcmple
                0x00000000100036d4                __wrap___aeabi_cdcmpeq
 .text.__wrap___aeabi_dcmplt
                0x0000000010003730        0xc CMakeFiles/pedal_proj.dir/home/surya/pico/pico-sdk/src/rp2_common/pico_double/double_aeabi.S.obj
                0x0000000010003730                __wrap___aeabi_dcmplt
 .text.__wrap___aeabi_dcmple
                0x000000001000373c       0x10 CMakeFiles/pedal_proj.dir/home/surya/pico/pico-sdk/src/rp2_common/pico_double/double_aeabi.S.obj
                0x000000001000373c                __wrap___aeabi_dcmple
 .text.__wrap___aeabi_dcmpge
                0x000000001000374c       0x10 CMakeFiles/pedal_proj.dir/home/surya/pico/pico-sdk/src/rp2_common/pico_double/double_aeabi.S.obj
                0x000000001000374c                __wrap___aeabi_dcmpge
 .text.__wrap___aeabi_dcmpgt
                0x000000001000375c        0xa CMakeFiles/pedal_proj.dir/home/surya/pico/pico-sdk/src/rp2_common/pico_double/double_aeabi.S.obj
                0x000000001000375c                __wrap___aeabi_dcmpgt
 .text.__wrap___aeabi_dcmpun
                0x0000000010003766       0x1c CMakeFiles/pedal_proj.dir/home/surya/pico/pico-sdk/src/rp2_common/pico_double/double_aeabi.S.obj
                0x0000000010003766                __wrap___aeabi_dcmpun
 *fill*         0x0000000010003782        0x2 
 .text.__wrap___aeabi_i2d
                0x0000000010003784       0x38 CMakeFiles/pedal_proj.dir/home/surya/pico/pico-sdk/src/rp2_common/pico_double/double_aeabi.S.obj
                0x0000000010003784                __wrap___aeabi_ui2d
                0x000000001000378c                __wrap___aeabi_i2d
 .text.__wrap___aeabi_d2iz
                0x00000000100037bc       0x48 CMakeFiles/pedal_proj.dir/home/surya/pico/pico-sdk/src/rp2_common/pico_double/double_aeabi.S.obj
                0x00000000100037bc                __wrap___aeabi_d2iz
                0x00000000100037bc                double2int_z
 .text.__wrap___aeabi_d2uiz
                0x0000000010003804       0x18 CMakeFiles/pedal_proj.dir/home/surya/pico/pico-sdk/src/rp2_common/pico_double/double_aeabi.S.obj
                0x0000000010003804                double2uint
                0x0000000010003804                __wrap___aeabi_d2uiz
 .text.__aeabi_double_init
                0x000000001000381c       0xc8 CMakeFiles/pedal_proj.dir/home/surya/pico/pico-sdk/src/rp2_common/pico_double/double_init_rom.c.obj
                0x000000001000381c                __aeabi_double_init
 .text.double_table_shim_on_use_helper
                0x00000000100038e4       0x34 CMakeFiles/pedal_proj.dir/home/surya/pico/pico-sdk/src/rp2_common/pico_double/double_v1_rom_shim.S.obj
                0x00000000100038e4                double_table_shim_on_use_helper
 .text.__wrap___aeabi_dsub
                0x0000000010003918       0x10 CMakeFiles/pedal_proj.dir/home/surya/pico/pico-sdk/src/rp2_common/pico_double/double_v1_rom_shim.S.obj
                0x0000000010003918                drsub_shim
                0x000000001000391e                dsub_shim
 .text.dadd_shim
                0x0000000010003928      0x15c CMakeFiles/pedal_proj.dir/home/surya/pico/pico-sdk/src/rp2_common/pico_double/double_v1_rom_shim.S.obj
                0x0000000010003928                dadd_shim
 .text.dmul_shim
                0x0000000010003a84      0x15c CMakeFiles/pedal_proj.dir/home/surya/pico/pico-sdk/src/rp2_common/pico_double/double_v1_rom_shim.S.obj
                0x0000000010003a84                dmul_shim
 .text.ddiv_shim
                0x0000000010003be0      0x1b0 CMakeFiles/pedal_proj.dir/home/surya/pico/pico-sdk/src/rp2_common/pico_double/double_v1_rom_shim.S.obj
                0x0000000010003be0                ddiv_shim
 .text.double2uint_shim
                0x0000000010003d90        0xe CMakeFiles/pedal_proj.dir/home/surya/pico/pico-sdk/src/rp2_common/pico_double/double_v1_rom_shim.S.obj
                0x0000000010003d90                double2uint_shim
                0x0000000010003d92                double2ufix_shim
 *fill*         0x0000000010003d9e        0x2 
 .text.double2uint64_shim
                0x0000000010003da0       0x70 CMakeFiles/pedal_proj.dir/home/surya/pico/pico-sdk/src/rp2_common/pico_double/double_v1_rom_shim.S.obj
                0x0000000010003da0                double2uint64_shim
                0x0000000010003da2                double2ufix64_shim
                0x0000000010003dc2                d2fix_a
 .text.dunpacks
                0x0000000010003e10       0x3c CMakeFiles/pedal_proj.dir/home/surya/pico/pico-sdk/src/rp2_common/pico_double/double_v1_rom_shim.S.obj
                0x0000000010003e10                dunpacks
 .text.__aeabi_lmul
                0x0000000010003e4c       0x32 CMakeFiles/pedal_proj.dir/home/surya/pico/pico-sdk/src/rp2_common/pico_int64_ops/pico_int64_ops_aeabi.S.obj
                0x0000000010003e4c                __wrap___aeabi_lmul
 *fill*         0x0000000010003e7e        0x2 
 .text.__aeabi_float_init
                0x0000000010003e80       0xfc CMakeFiles/pedal_proj.dir/home/surya/pico/pico-sdk/src/rp2_common/pico_float/float_init_rom.c.obj
                0x0000000010003e80                __aeabi_float_init
 .text.float_table_shim_on_use_helper
                0x0000000010003f7c       0x34 CMakeFiles/pedal_proj.dir/home/surya/pico/pico-sdk/src/rp2_common/pico_float/float_v1_rom_shim.S.obj
                0x0000000010003f7c                float_table_shim_on_use_helper
 .text          0x0000000010003fb0       0x10 CMakeFiles/pedal_proj.dir/home/surya/pico/pico-sdk/src/rp2_common/pico_mem_ops/mem_ops_aeabi.S.obj
                0x0000000010003fb0                __aeabi_mem_init
 .text.memset   0x0000000010003fc0        0xc CMakeFiles/pedal_proj.dir/home/surya/pico/pico-sdk/src/rp2_common/pico_mem_ops/mem_ops_aeabi.S.obj
                0x0000000010003fc0                __wrap_memset
 .text.memcpy   0x0000000010003fcc        0xc CMakeFiles/pedal_proj.dir/home/surya/pico/pico-sdk/src/rp2_common/pico_mem_ops/mem_ops_aeabi.S.obj
                0x0000000010003fcc                __wrap___aeabi_memcpy
                0x0000000010003fcc                __wrap_memcpy
 .text.stdio_out_chars_no_crlf
                0x0000000010003fd8        0xe CMakeFiles/pedal_proj.dir/home/surya/pico/pico-sdk/src/rp2_common/pico_stdio/stdio.c.obj
 *fill*         0x0000000010003fe6        0x2 
 .text.stdio_out_chars_crlf
                0x0000000010003fe8       0x80 CMakeFiles/pedal_proj.dir/home/surya/pico/pico-sdk/src/rp2_common/pico_stdio/stdio.c.obj
 .text.stdio_stack_buffer_flush
                0x0000000010004068       0x44 CMakeFiles/pedal_proj.dir/home/surya/pico/pico-sdk/src/rp2_common/pico_stdio/stdio.c.obj
 .text.stdio_buffered_printer
                0x00000000100040ac       0x20 CMakeFiles/pedal_proj.dir/home/surya/pico/pico-sdk/src/rp2_common/pico_stdio/stdio.c.obj
 .text.stdout_serialize_begin
                0x00000000100040cc       0x5c CMakeFiles/pedal_proj.dir/home/surya/pico/pico-sdk/src/rp2_common/pico_stdio/stdio.c.obj
                0x00000000100040cc                stdout_serialize_begin
 .text.stdout_serialize_end
                0x0000000010004128       0x10 CMakeFiles/pedal_proj.dir/home/surya/pico/pico-sdk/src/rp2_common/pico_stdio/stdio.c.obj
                0x0000000010004128                stdout_serialize_end
 .text.stdio_put_string
                0x0000000010004138       0x98 CMakeFiles/pedal_proj.dir/home/surya/pico/pico-sdk/src/rp2_common/pico_stdio/stdio.c.obj
 .text.stdio_flush
                0x00000000100041d0       0x20 CMakeFiles/pedal_proj.dir/home/surya/pico/pico-sdk/src/rp2_common/pico_stdio/stdio.c.obj
                0x00000000100041d0                stdio_flush
 .text.__wrap_puts
                0x00000000100041f0       0x1e CMakeFiles/pedal_proj.dir/home/surya/pico/pico-sdk/src/rp2_common/pico_stdio/stdio.c.obj
                0x00000000100041f0                __wrap_puts
 *fill*         0x000000001000420e        0x2 
 .text.__wrap_vprintf
                0x0000000010004210       0x40 CMakeFiles/pedal_proj.dir/home/surya/pico/pico-sdk/src/rp2_common/pico_stdio/stdio.c.obj
                0x0000000010004210                __wrap_vprintf
 .text.__wrap_printf
                0x0000000010004250       0x18 CMakeFiles/pedal_proj.dir/home/surya/pico/pico-sdk/src/rp2_common/pico_stdio/stdio.c.obj
                0x0000000010004250                __wrap_printf
 .text._retrieve_unique_id_on_boot
                0x0000000010004268       0x10 CMakeFiles/pedal_proj.dir/home/surya/pico/pico-sdk/src/rp2_common/pico_unique_id/unique_id.c.obj
 .text.flash_get_unique_id
                0x0000000010004278       0x46 CMakeFiles/pedal_proj.dir/home/surya/pico/pico-sdk/src/rp2_common/hardware_flash/flash.c.obj
                0x0000000010004278                flash_get_unique_id
 *fill*         0x00000000100042be        0x2 
 .text          0x00000000100042c0       0x68 /usr/lib/gcc/arm-none-eabi/9.2.1/../../../arm-none-eabi/lib/thumb/v6-m/nofp/libg.a(lib_a-strlen-stub.o)
                0x00000000100042c0                strlen
 *(.fini)
 .fini          0x0000000010004328        0x4 /usr/lib/gcc/arm-none-eabi/9.2.1/thumb/v6-m/nofp/crti.o
                0x0000000010004328                _fini
 *fill*         0x000000001000432c        0x4 
 .fini.__stub   0x0000000010004330       0x50 linker stubs
 *crtbegin.o(.ctors)
 *crtbegin?.o(.ctors)
 *(EXCLUDE_FILE(*crtend.o *crtend?.o) .ctors)
 *(SORT_BY_NAME(.ctors.*))
 *(.ctors)
 *crtbegin.o(.dtors)
 *crtbegin?.o(.dtors)
 *(EXCLUDE_FILE(*crtend.o *crtend?.o) .dtors)
 *(SORT_BY_NAME(.dtors.*))
 *(.dtors)
 *(.eh_frame*)
 .eh_frame      0x0000000010004380        0x0 /usr/lib/gcc/arm-none-eabi/9.2.1/thumb/v6-m/nofp/crtbegin.o
                0x0000000010004380                . = ALIGN (0x4)

.glue_7         0x0000000010004380        0x0
 .glue_7        0x0000000010004380        0x0 linker stubs

.glue_7t        0x0000000010004380        0x0
 .glue_7t       0x0000000010004380        0x0 linker stubs

.vfp11_veneer   0x0000000010004380        0x0
 .vfp11_veneer  0x0000000010004380        0x0 linker stubs

.v4_bx          0x0000000010004380        0x0
 .v4_bx         0x0000000010004380        0x0 linker stubs

.iplt           0x0000000010004380        0x0
 .iplt          0x0000000010004380        0x0 /usr/lib/gcc/arm-none-eabi/9.2.1/thumb/v6-m/nofp/crtbegin.o

.rodata         0x0000000010004380     0x1040
 *(EXCLUDE_FILE(*libm.a: *libc.a:*lib_a-mem*.o *libgcc.a:) .rodata*)
 .rodata.make_branch.str1.4
                0x0000000010004380       0x6c CMakeFiles/pedal_proj.dir/home/surya/pico/pico-sdk/src/rp2_common/hardware_irq/irq.c.obj
 .rodata.insert_branch_and_link.str1.4
                0x00000000100043ec       0x10 CMakeFiles/pedal_proj.dir/home/surya/pico/pico-sdk/src/rp2_common/hardware_irq/irq.c.obj
 .rodata.irq_set_exclusive_handler.str1.4
                0x00000000100043fc       0x36 CMakeFiles/pedal_proj.dir/home/surya/pico/pico-sdk/src/rp2_common/hardware_irq/irq.c.obj
 *fill*         0x0000000010004432        0x2 
 .rodata.irq_add_shared_handler.str1.4
                0x0000000010004434       0xd9 CMakeFiles/pedal_proj.dir/home/surya/pico/pico-sdk/src/rp2_common/hardware_irq/irq.c.obj
 *fill*         0x000000001000450d        0x3 
 .rodata.irq_remove_handler.str1.4
                0x0000000010004510       0x3a CMakeFiles/pedal_proj.dir/home/surya/pico/pico-sdk/src/rp2_common/hardware_irq/irq.c.obj
 *fill*         0x000000001000454a        0x2 
 .rodata.irq_add_tail_to_free_list.str1.4
                0x000000001000454c       0x3a CMakeFiles/pedal_proj.dir/home/surya/pico/pico-sdk/src/rp2_common/hardware_irq/irq.c.obj
 *fill*         0x0000000010004586        0x2 
 .rodata.__func__.4809
                0x0000000010004588       0x1a CMakeFiles/pedal_proj.dir/home/surya/pico/pico-sdk/src/rp2_common/hardware_irq/irq.c.obj
 *fill*         0x00000000100045a2        0x2 
 .rodata.__func__.4823
                0x00000000100045a4        0xc CMakeFiles/pedal_proj.dir/home/surya/pico/pico-sdk/src/rp2_common/hardware_irq/irq.c.obj
 .rodata.__func__.4831
                0x00000000100045b0       0x17 CMakeFiles/pedal_proj.dir/home/surya/pico/pico-sdk/src/rp2_common/hardware_irq/irq.c.obj
 *fill*         0x00000000100045c7        0x1 
 .rodata.__func__.4835
                0x00000000100045c8        0xf CMakeFiles/pedal_proj.dir/home/surya/pico/pico-sdk/src/rp2_common/hardware_irq/irq.c.obj
 *fill*         0x00000000100045d7        0x1 
 .rodata.__func__.4874
                0x00000000100045d8       0x13 CMakeFiles/pedal_proj.dir/home/surya/pico/pico-sdk/src/rp2_common/hardware_irq/irq.c.obj
 *fill*         0x00000000100045eb        0x1 
 .rodata.__func__.4896
                0x00000000100045ec       0x1a CMakeFiles/pedal_proj.dir/home/surya/pico/pico-sdk/src/rp2_common/hardware_irq/irq.c.obj
 *fill*         0x0000000010004606        0x2 
 .rodata.str1.4
                0x0000000010004608       0xe9 CMakeFiles/pedal_proj.dir/home/surya/pico/pico-sdk/src/common/pico_sync/mutex.c.obj
 *fill*         0x00000000100046f1        0x3 
 .rodata.__func__.4724
                0x00000000100046f4       0x18 CMakeFiles/pedal_proj.dir/home/surya/pico/pico-sdk/src/common/pico_sync/mutex.c.obj
 .rodata.__func__.4743
                0x000000001000470c        0xb CMakeFiles/pedal_proj.dir/home/surya/pico/pico-sdk/src/common/pico_sync/mutex.c.obj
 *fill*         0x0000000010004717        0x1 
 .rodata.repeating_timer_callback.str1.4
                0x0000000010004718       0x4a CMakeFiles/pedal_proj.dir/home/surya/pico/pico-sdk/src/common/pico_time/time.c.obj
 *fill*         0x0000000010004762        0x2 
 .rodata.timer_pool_entry_comparator.str1.4
                0x0000000010004764       0x22 CMakeFiles/pedal_proj.dir/home/surya/pico/pico-sdk/src/common/pico_time/time.c.obj
 *fill*         0x0000000010004786        0x2 
 .rodata.ph_add_child_node.str1.4
                0x0000000010004788       0x96 CMakeFiles/pedal_proj.dir/home/surya/pico/pico-sdk/src/common/pico_time/time.c.obj
 *fill*         0x000000001000481e        0x2 
 .rodata.add_alarm_under_lock.str1.4
                0x0000000010004820       0x28 CMakeFiles/pedal_proj.dir/home/surya/pico/pico-sdk/src/common/pico_time/time.c.obj
                                         0x2b (size before relaxing)
 .rodata.alarm_pool_alarm_callback.str1.4
                0x0000000010004848       0x98 CMakeFiles/pedal_proj.dir/home/surya/pico/pico-sdk/src/common/pico_time/time.c.obj
                                         0xf8 (size before relaxing)
 .rodata.alarm_pool_get_default.str1.4
                0x00000000100048e0       0x21 CMakeFiles/pedal_proj.dir/home/surya/pico/pico-sdk/src/common/pico_time/time.c.obj
 *fill*         0x0000000010004901        0x3 
 .rodata.alarm_pool_cancel_alarm.str1.4
                0x0000000010004904       0x27 CMakeFiles/pedal_proj.dir/home/surya/pico/pico-sdk/src/common/pico_time/time.c.obj
 *fill*         0x000000001000492b        0x1 
 .rodata.sleep_until.str1.4
                0x000000001000492c       0x4d CMakeFiles/pedal_proj.dir/home/surya/pico/pico-sdk/src/common/pico_time/time.c.obj
 *fill*         0x0000000010004979        0x3 
 .rodata.__func__.5701
                0x000000001000497c       0x15 CMakeFiles/pedal_proj.dir/home/surya/pico/pico-sdk/src/common/pico_time/time.c.obj
 *fill*         0x0000000010004991        0x3 
 .rodata.__func__.6045
                0x0000000010004994        0xc CMakeFiles/pedal_proj.dir/home/surya/pico/pico-sdk/src/common/pico_time/time.c.obj
 .rodata.__func__.6052
                0x00000000100049a0       0x12 CMakeFiles/pedal_proj.dir/home/surya/pico/pico-sdk/src/common/pico_time/time.c.obj
 *fill*         0x00000000100049b2        0x2 
 .rodata.__func__.6068
                0x00000000100049b4        0xf CMakeFiles/pedal_proj.dir/home/surya/pico/pico-sdk/src/common/pico_time/time.c.obj
 *fill*         0x00000000100049c3        0x1 
 .rodata.__func__.6090
                0x00000000100049c4        0xd CMakeFiles/pedal_proj.dir/home/surya/pico/pico-sdk/src/common/pico_time/time.c.obj
 *fill*         0x00000000100049d1        0x3 
 .rodata.__func__.6319
                0x00000000100049d4        0xa CMakeFiles/pedal_proj.dir/home/surya/pico/pico-sdk/src/common/pico_time/time.c.obj
 *fill*         0x00000000100049de        0x2 
 .rodata.__func__.6324
                0x00000000100049e0       0x12 CMakeFiles/pedal_proj.dir/home/surya/pico/pico-sdk/src/common/pico_time/time.c.obj
 *fill*         0x00000000100049f2        0x2 
 .rodata.__func__.6339
                0x00000000100049f4       0x17 CMakeFiles/pedal_proj.dir/home/surya/pico/pico-sdk/src/common/pico_time/time.c.obj
 *fill*         0x0000000010004a0b        0x1 
 .rodata.__func__.6350
                0x0000000010004a0c       0x15 CMakeFiles/pedal_proj.dir/home/surya/pico/pico-sdk/src/common/pico_time/time.c.obj
 *fill*         0x0000000010004a21        0x3 
 .rodata.__func__.6367
                0x0000000010004a24       0x1a CMakeFiles/pedal_proj.dir/home/surya/pico/pico-sdk/src/common/pico_time/time.c.obj
 *fill*         0x0000000010004a3e        0x2 
 .rodata.__func__.6420
                0x0000000010004a40       0x18 CMakeFiles/pedal_proj.dir/home/surya/pico/pico-sdk/src/common/pico_time/time.c.obj
 .rodata.hardware_alarm_claim.str1.4
                0x0000000010004a58       0x22 CMakeFiles/pedal_proj.dir/home/surya/pico/pico-sdk/src/rp2_common/hardware_timer/timer.c.obj
 *fill*         0x0000000010004a7a        0x2 
 .rodata.hardware_alarm_set_target.str1.4
                0x0000000010004a7c       0x64 CMakeFiles/pedal_proj.dir/home/surya/pico/pico-sdk/src/rp2_common/hardware_timer/timer.c.obj
 .rodata.__func__.4590
                0x0000000010004ae0       0x1a CMakeFiles/pedal_proj.dir/home/surya/pico/pico-sdk/src/rp2_common/hardware_timer/timer.c.obj
 .rodata.ph_add_child_node.str1.4
                0x0000000010004afa       0x96 CMakeFiles/pedal_proj.dir/home/surya/pico/pico-sdk/src/common/pico_util/pheap.c.obj
 *fill*         0x0000000010004afa        0x2 
 .rodata.ph_remove_any_head.str1.4
                0x0000000010004afc       0x8c CMakeFiles/pedal_proj.dir/home/surya/pico/pico-sdk/src/common/pico_util/pheap.c.obj
                                         0xa0 (size before relaxing)
 .rodata.ph_remove_and_free_node.str1.4
                0x0000000010004b88       0x1e CMakeFiles/pedal_proj.dir/home/surya/pico/pico-sdk/src/common/pico_util/pheap.c.obj
                                         0x26 (size before relaxing)
 *fill*         0x0000000010004ba6        0x2 
 .rodata.__func__.5726
                0x0000000010004ba8        0xc CMakeFiles/pedal_proj.dir/home/surya/pico/pico-sdk/src/common/pico_util/pheap.c.obj
 .rodata.__func__.5733
                0x0000000010004bb4       0x12 CMakeFiles/pedal_proj.dir/home/surya/pico/pico-sdk/src/common/pico_util/pheap.c.obj
 *fill*         0x0000000010004bc6        0x2 
 .rodata.__func__.5819
                0x0000000010004bc8       0x13 CMakeFiles/pedal_proj.dir/home/surya/pico/pico-sdk/src/common/pico_util/pheap.c.obj
 *fill*         0x0000000010004bdb        0x1 
 .rodata.__func__.5837
                0x0000000010004bdc       0x18 CMakeFiles/pedal_proj.dir/home/surya/pico/pico-sdk/src/common/pico_util/pheap.c.obj
 .rodata.clock_configure.str1.4
                0x0000000010004bf4       0x56 CMakeFiles/pedal_proj.dir/home/surya/pico/pico-sdk/src/rp2_common/hardware_clocks/clocks.c.obj
 *fill*         0x0000000010004c4a        0x2 
 .rodata.__func__.4776
                0x0000000010004c4c       0x10 CMakeFiles/pedal_proj.dir/home/surya/pico/pico-sdk/src/rp2_common/hardware_clocks/clocks.c.obj
 .rodata.pll_init.str1.4
                0x0000000010004c5c      0x120 CMakeFiles/pedal_proj.dir/home/surya/pico/pico-sdk/src/rp2_common/hardware_pll/pll.c.obj
 .rodata.__func__.4433
                0x0000000010004d7c        0x9 CMakeFiles/pedal_proj.dir/home/surya/pico/pico-sdk/src/rp2_common/hardware_pll/pll.c.obj
 *fill*         0x0000000010004d85        0x3 
 .rodata.__assert_func.str1.4
                0x0000000010004d88       0x3f CMakeFiles/pedal_proj.dir/home/surya/pico/pico-sdk/src/rp2_common/pico_runtime/runtime.c.obj
                                         0x43 (size before relaxing)
 *fill*         0x0000000010004dc7        0x1 
 .rodata.runtime_init.str1.4
                0x0000000010004dc8       0x60 CMakeFiles/pedal_proj.dir/home/surya/pico/pico-sdk/src/rp2_common/pico_runtime/runtime.c.obj
 .rodata.panic.str1.4
                0x0000000010004e28       0x12 CMakeFiles/pedal_proj.dir/home/surya/pico/pico-sdk/src/rp2_common/pico_runtime/runtime.c.obj
 *fill*         0x0000000010004e3a        0x2 
 .rodata.__func__.6387
                0x0000000010004e3c        0xd CMakeFiles/pedal_proj.dir/home/surya/pico/pico-sdk/src/rp2_common/pico_runtime/runtime.c.obj
 *fill*         0x0000000010004e49        0x3 
 .rodata._ftoa.str1.4
                0x0000000010004e4c       0x15 CMakeFiles/pedal_proj.dir/home/surya/pico/pico-sdk/src/rp2_common/pico_printf/printf.c.obj
 *fill*         0x0000000010004e61        0x3 
 .rodata._vsnprintf
                0x0000000010004e64      0x1e0 CMakeFiles/pedal_proj.dir/home/surya/pico/pico-sdk/src/rp2_common/pico_printf/printf.c.obj
 *fill*         0x0000000010005044        0x4 
 .rodata.pow10.5431
                0x0000000010005048       0x50 CMakeFiles/pedal_proj.dir/home/surya/pico/pico-sdk/src/rp2_common/pico_printf/printf.c.obj
 .rodata.__aeabi_double_init.str1.4
                0x0000000010005098       0x9b CMakeFiles/pedal_proj.dir/home/surya/pico/pico-sdk/src/rp2_common/pico_double/double_init_rom.c.obj
 *fill*         0x0000000010005133        0x1 
 .rodata.__func__.4737
                0x0000000010005134       0x14 CMakeFiles/pedal_proj.dir/home/surya/pico/pico-sdk/src/rp2_common/pico_double/double_init_rom.c.obj
 .rodata.__aeabi_float_init.str1.4
                0x0000000010005148       0x79 CMakeFiles/pedal_proj.dir/home/surya/pico/pico-sdk/src/rp2_common/pico_float/float_init_rom.c.obj
                                         0x7d (size before relaxing)
 *fill*         0x00000000100051c1        0x3 
 .rodata.__func__.4738
                0x00000000100051c4       0x13 CMakeFiles/pedal_proj.dir/home/surya/pico/pico-sdk/src/rp2_common/pico_float/float_init_rom.c.obj
 *fill*         0x00000000100051d7        0x1 
 .rodata.str1.4
                0x00000000100051d8       0x40 CMakeFiles/pedal_proj.dir/home/surya/pico/pico-sdk/src/rp2_common/pico_standard_link/binary_info.c.obj
 .rodata.__bi_44
                0x0000000010005218        0xc CMakeFiles/pedal_proj.dir/home/surya/pico/pico-sdk/src/rp2_common/pico_standard_link/binary_info.c.obj
 .rodata.__bi_75
                0x0000000010005224        0xc CMakeFiles/pedal_proj.dir/home/surya/pico/pico-sdk/src/rp2_common/pico_standard_link/binary_info.c.obj
 .rodata.__bi_81
                0x0000000010005230        0xc CMakeFiles/pedal_proj.dir/home/surya/pico/pico-sdk/src/rp2_common/pico_standard_link/binary_info.c.obj
 .rodata.stdout_serialize_begin.str1.4
                0x000000001000523c       0x60 CMakeFiles/pedal_proj.dir/home/surya/pico/pico-sdk/src/rp2_common/pico_stdio/stdio.c.obj
 .rodata.__func__.5563
                0x000000001000523c       0x15 CMakeFiles/pedal_proj.dir/home/surya/pico/pico-sdk/src/rp2_common/pico_stdio/stdio.c.obj
 *fill*         0x0000000010005251        0x3 
 .rodata.crlf_str.6084
                0x0000000010005254        0x2 CMakeFiles/pedal_proj.dir/home/surya/pico/pico-sdk/src/rp2_common/pico_stdio/stdio.c.obj
 *fill*         0x0000000010005256        0x2 
 .rodata.str1.4
                0x0000000010005258      0x156 CMakeFiles/pedal_proj.dir/home/surya/pico/pico-sdk/src/rp2_common/hardware_flash/flash.c.obj
 *fill*         0x00000000100053ae        0x2 
 .rodata.__func__.4479
                0x00000000100053b0        0xd CMakeFiles/pedal_proj.dir/home/surya/pico/pico-sdk/src/rp2_common/hardware_flash/flash.c.obj
                0x00000000100053c0                . = ALIGN (0x4)
 *fill*         0x00000000100053bd        0x3 
 *(SORT_BY_ALIGNMENT(SORT_BY_NAME(.flashdata*)))
                0x00000000100053c0                . = ALIGN (0x4)

.ARM.extab
 *(.ARM.extab* .gnu.linkonce.armextab.*)
                0x00000000100053c0                __exidx_start = .

.ARM.exidx
 *(.ARM.exidx* .gnu.linkonce.armexidx.*)
                0x00000000100053c0                __exidx_end = .
                0x00000000100053c0                . = ALIGN (0x4)
                0x00000000100053c0                __binary_info_start = .

.binary_info    0x00000000100053c0       0x1c
 *(.binary_info.keep.*)
 .binary_info.keep.__bi_ptr22
                0x00000000100053c0        0x4 CMakeFiles/pedal_proj.dir/home/surya/pico/pico-sdk/src/rp2_common/pico_standard_link/binary_info.c.obj
 .binary_info.keep.__bi_ptr30
                0x00000000100053c4        0x4 CMakeFiles/pedal_proj.dir/home/surya/pico/pico-sdk/src/rp2_common/pico_standard_link/binary_info.c.obj
 .binary_info.keep.__bi_ptr38
                0x00000000100053c8        0x4 CMakeFiles/pedal_proj.dir/home/surya/pico/pico-sdk/src/rp2_common/pico_standard_link/binary_info.c.obj
 .binary_info.keep.__bi_ptr44
                0x00000000100053cc        0x4 CMakeFiles/pedal_proj.dir/home/surya/pico/pico-sdk/src/rp2_common/pico_standard_link/binary_info.c.obj
 .binary_info.keep.__bi_ptr50
                0x00000000100053d0        0x4 CMakeFiles/pedal_proj.dir/home/surya/pico/pico-sdk/src/rp2_common/pico_standard_link/binary_info.c.obj
 .binary_info.keep.__bi_ptr75
                0x00000000100053d4        0x4 CMakeFiles/pedal_proj.dir/home/surya/pico/pico-sdk/src/rp2_common/pico_standard_link/binary_info.c.obj
 .binary_info.keep.__bi_ptr81
                0x00000000100053d8        0x4 CMakeFiles/pedal_proj.dir/home/surya/pico/pico-sdk/src/rp2_common/pico_standard_link/binary_info.c.obj
 *(.binary_info.*)
                0x00000000100053dc                __binary_info_end = .

.rel.dyn        0x00000000100053dc        0x0
 .rel.iplt      0x00000000100053dc        0x0 /usr/lib/gcc/arm-none-eabi/9.2.1/thumb/v6-m/nofp/crtbegin.o
                0x00000000100053dc                . = ALIGN (0x4)

.ram_vector_table
                0x0000000020000000       0xc0
 *(.ram_vector_table)
 .ram_vector_table
                0x0000000020000000       0xc0 CMakeFiles/pedal_proj.dir/home/surya/pico/pico-sdk/src/rp2_common/pico_runtime/runtime.c.obj
                0x0000000020000000                ram_vector_table

.data           0x00000000200000c0      0x370 load address 0x00000000100053dc
                0x00000000200000c0                __data_start__ = .
 *(vtable)
 *(.time_critical*)
 .time_critical.mutex_try_enter
                0x00000000200000c0       0x48 CMakeFiles/pedal_proj.dir/home/surya/pico/pico-sdk/src/common/pico_sync/mutex.c.obj
                0x00000000200000c0                mutex_try_enter
 .time_critical.mutex_enter_block_until
                0x0000000020000108       0x88 CMakeFiles/pedal_proj.dir/home/surya/pico/pico-sdk/src/common/pico_sync/mutex.c.obj
                0x0000000020000108                mutex_enter_block_until
 .time_critical.mutex_try_enter_block_until
                0x0000000020000190       0x34 CMakeFiles/pedal_proj.dir/home/surya/pico/pico-sdk/src/common/pico_sync/mutex.c.obj
                0x0000000020000190                mutex_try_enter_block_until
 .time_critical.mutex_exit
                0x00000000200001c4       0x4c CMakeFiles/pedal_proj.dir/home/surya/pico/pico-sdk/src/common/pico_sync/mutex.c.obj
                0x00000000200001c4                mutex_exit
 .time_critical.flash_init_boot2_copyout
                0x0000000020000210       0x30 CMakeFiles/pedal_proj.dir/home/surya/pico/pico-sdk/src/rp2_common/hardware_flash/flash.c.obj
 .time_critical.flash_enable_xip_via_boot2
                0x0000000020000240       0x10 CMakeFiles/pedal_proj.dir/home/surya/pico/pico-sdk/src/rp2_common/hardware_flash/flash.c.obj
 .time_critical.flash_cs_force
                0x0000000020000250       0x28 CMakeFiles/pedal_proj.dir/home/surya/pico/pico-sdk/src/rp2_common/hardware_flash/flash.c.obj
 .time_critical.flash_do_cmd
                0x0000000020000278       0xd8 CMakeFiles/pedal_proj.dir/home/surya/pico/pico-sdk/src/rp2_common/hardware_flash/flash.c.obj
                0x0000000020000278                flash_do_cmd
 *(.text*)
 .text          0x0000000020000350        0x4 /usr/lib/gcc/arm-none-eabi/9.2.1/thumb/v6-m/nofp/libgcc.a(_dvmd_tls.o)
                0x0000000020000350                __aeabi_ldiv0
                0x0000000020000350                __aeabi_idiv0
 *fill*         0x0000000020000354        0x4 
 .text.__stub   0x0000000020000358       0x20 linker stubs
                0x0000000020000378                . = ALIGN (0x4)
 *(.rodata*)
                0x0000000020000378                . = ALIGN (0x4)
 *(.data*)
 .data.striped_spin_lock_num
                0x0000000020000378        0x1 CMakeFiles/pedal_proj.dir/home/surya/pico/pico-sdk/src/rp2_common/hardware_sync/sync.c.obj
 *fill*         0x0000000020000379        0x3 
 .data          0x000000002000037c       0x48 CMakeFiles/pedal_proj.dir/home/surya/pico/pico-sdk/src/rp2_common/hardware_irq/irq_handler_chain.S.obj
                0x000000002000037c                irq_handler_chain_slots
                0x00000000200003ac                irq_handler_chain_first_slot
                0x00000000200003b6                irq_handler_chain_remove_tail
 .data.default_alarm_pool
                0x00000000200003c4       0x18 CMakeFiles/pedal_proj.dir/home/surya/pico/pico-sdk/src/common/pico_time/time.c.obj
 .data.default_alarm_pool_heap
                0x00000000200003dc       0x10 CMakeFiles/pedal_proj.dir/home/surya/pico/pico-sdk/src/common/pico_time/time.c.obj
 *fill*         0x00000000200003ec        0x4 
 .data.aeabi_bits_funcs
                0x00000000200003f0       0x10 CMakeFiles/pedal_proj.dir/home/surya/pico/pico-sdk/src/rp2_common/pico_bit_ops/bit_ops_aeabi.S.obj
                0x00000000200003f0                aeabi_bits_funcs
                0x0000000020000400                aeabi_bits_funcs_end
 .data.aeabi_mem_funcs
                0x0000000020000400       0x10 CMakeFiles/pedal_proj.dir/home/surya/pico/pico-sdk/src/rp2_common/pico_mem_ops/mem_ops_aeabi.S.obj
                0x0000000020000400                aeabi_mem_funcs
                0x0000000020000410                aeabi_mem_funcs_end
                0x0000000020000410                . = ALIGN (0x4)
 *(.after_data.*)
                0x0000000020000410                . = ALIGN (0x4)
                0x0000000020000410                PROVIDE (__mutex_array_start = .)
 *(SORT_BY_NAME(.mutex_array.*))
 *(.mutex_array)
 .mutex_array   0x0000000020000410        0x8 CMakeFiles/pedal_proj.dir/home/surya/pico/pico-sdk/src/rp2_common/pico_stdio/stdio.c.obj
                0x0000000020000418                PROVIDE (__mutex_array_end = .)
                0x0000000020000418                . = ALIGN (0x4)
                0x0000000020000418                PROVIDE (__preinit_array_start = .)
 *(SORT_BY_NAME(.preinit_array.*))
 .preinit_array.00001
                0x0000000020000418        0x4 CMakeFiles/pedal_proj.dir/home/surya/pico/pico-sdk/src/rp2_common/pico_mem_ops/mem_ops_aeabi.S.obj
 .preinit_array.00010
                0x000000002000041c        0x4 CMakeFiles/pedal_proj.dir/home/surya/pico/pico-sdk/src/rp2_common/pico_bit_ops/bit_ops_aeabi.S.obj
 .preinit_array.00020
                0x0000000020000420        0x4 CMakeFiles/pedal_proj.dir/home/surya/pico/pico-sdk/src/rp2_common/pico_double/double_aeabi.S.obj
 .preinit_array.00020
                0x0000000020000424        0x4 CMakeFiles/pedal_proj.dir/home/surya/pico/pico-sdk/src/rp2_common/pico_float/float_aeabi.S.obj
 *(.preinit_array)
                0x0000000020000428                PROVIDE (__preinit_array_end = .)
                0x0000000020000428                . = ALIGN (0x4)
                0x0000000020000428                PROVIDE (__init_array_start = .)
 *(SORT_BY_NAME(.init_array.*))
 *(.init_array)
 .init_array    0x0000000020000428        0x4 /usr/lib/gcc/arm-none-eabi/9.2.1/thumb/v6-m/nofp/crtbegin.o
 .init_array    0x000000002000042c        0x4 CMakeFiles/pedal_proj.dir/home/surya/pico/pico-sdk/src/rp2_common/pico_unique_id/unique_id.c.obj
                0x0000000020000430                PROVIDE (__init_array_end = .)
                0x0000000020000430                . = ALIGN (0x4)
                0x0000000020000430                PROVIDE (__fini_array_start = .)
 *(SORT_BY_NAME(.fini_array.*))
 *(.fini_array)
                0x0000000020000430                PROVIDE (__fini_array_end = .)
 *(.jcr)
                0x0000000020000430                . = ALIGN (0x4)
                0x0000000020000430                __data_end__ = .
                0x00000000100053dc                __etext = LOADADDR (.data)

.tm_clone_table
                0x0000000020000430        0x0 load address 0x000000001000574c
 .tm_clone_table
                0x0000000020000430        0x0 /usr/lib/gcc/arm-none-eabi/9.2.1/thumb/v6-m/nofp/crtbegin.o
 .tm_clone_table
                0x0000000020000430        0x0 /usr/lib/gcc/arm-none-eabi/9.2.1/thumb/v6-m/nofp/crtend.o

.igot.plt       0x0000000020000430        0x0 load address 0x000000001000574c
 .igot.plt      0x0000000020000430        0x0 /usr/lib/gcc/arm-none-eabi/9.2.1/thumb/v6-m/nofp/crtbegin.o

.uninitialized_data
                0x0000000020000430        0x0 load address 0x000000001000574c
                0x0000000020000430                . = ALIGN (0x4)
 *(.uninitialized_data*)

.scratch_x      0x0000000020040000        0x0 load address 0x000000001000574c
                0x0000000020040000                __scratch_x_start__ = .
 *(.scratch_x.*)
                0x0000000020040000                . = ALIGN (0x4)
                0x0000000020040000                __scratch_x_end__ = .
                0x000000001000574c                __scratch_x_source__ = LOADADDR (.scratch_x)

.scratch_y      0x0000000020041000        0x0 load address 0x000000001000574c
                0x0000000020041000                __scratch_y_start__ = .
 *(.scratch_y.*)
                0x0000000020041000                . = ALIGN (0x4)
                0x0000000020041000                __scratch_y_end__ = .
                0x000000001000574c                __scratch_y_source__ = LOADADDR (.scratch_y)

.bss            0x0000000020000430      0x4d0
                0x0000000020000430                . = ALIGN (0x4)
                0x0000000020000430                __bss_start__ = .
 *(SORT_BY_ALIGNMENT(SORT_BY_NAME(.bss*)))
 .bss.default_alarm_pool_entries
                0x0000000020000430      0x100 CMakeFiles/pedal_proj.dir/home/surya/pico/pico-sdk/src/common/pico_time/time.c.obj
 .bss           0x0000000020000530       0x1c /usr/lib/gcc/arm-none-eabi/9.2.1/thumb/v6-m/nofp/crtbegin.o
 .bss.alarm_callbacks
                0x000000002000054c       0x10 CMakeFiles/pedal_proj.dir/home/surya/pico/pico-sdk/src/rp2_common/hardware_timer/timer.c.obj
 .bss.boot2_copyout
                0x000000002000055c      0x100 CMakeFiles/pedal_proj.dir/home/surya/pico/pico-sdk/src/rp2_common/hardware_flash/flash.c.obj
 .bss.configured_freq
                0x000000002000065c       0x28 CMakeFiles/pedal_proj.dir/home/surya/pico/pico-sdk/src/rp2_common/hardware_clocks/clocks.c.obj
 .bss.default_alarm_pool_entry_ids_high
                0x0000000020000684       0x10 CMakeFiles/pedal_proj.dir/home/surya/pico/pico-sdk/src/common/pico_time/time.c.obj
 .bss.default_alarm_pool_heap_nodes
                0x0000000020000694       0x30 CMakeFiles/pedal_proj.dir/home/surya/pico/pico-sdk/src/common/pico_time/time.c.obj
 .bss.drivers   0x00000000200006c4        0x4 CMakeFiles/pedal_proj.dir/home/surya/pico/pico-sdk/src/rp2_common/pico_stdio/stdio.c.obj
 .bss.filter    0x00000000200006c8        0x4 CMakeFiles/pedal_proj.dir/home/surya/pico/pico-sdk/src/rp2_common/pico_stdio/stdio.c.obj
 .bss.pools     0x00000000200006cc       0x10 CMakeFiles/pedal_proj.dir/home/surya/pico/pico-sdk/src/common/pico_time/time.c.obj
 .bss.retrieved_id
                0x00000000200006dc        0x8 CMakeFiles/pedal_proj.dir/home/surya/pico/pico-sdk/src/rp2_common/pico_unique_id/unique_id.c.obj
 .bss.sf_clz_func
                0x00000000200006e4        0x4 CMakeFiles/pedal_proj.dir/home/surya/pico/pico-sdk/src/rp2_common/pico_double/double_init_rom.c.obj
                0x00000000200006e4                sf_clz_func
 .bss.sleep_notifier
                0x00000000200006e8        0x4 CMakeFiles/pedal_proj.dir/home/surya/pico/pico-sdk/src/common/pico_time/time.c.obj
 .bss.target_hi
                0x00000000200006ec       0x10 CMakeFiles/pedal_proj.dir/home/surya/pico/pico-sdk/src/rp2_common/hardware_timer/timer.c.obj
 .bss.boot2_copyout_valid
                0x00000000200006fc        0x1 CMakeFiles/pedal_proj.dir/home/surya/pico/pico-sdk/src/rp2_common/hardware_flash/flash.c.obj
 .bss.claimed   0x00000000200006fd        0x1 CMakeFiles/pedal_proj.dir/home/surya/pico/pico-sdk/src/rp2_common/hardware_timer/timer.c.obj
 .bss.irq_hander_chain_free_slot_head
                0x00000000200006fe        0x1 CMakeFiles/pedal_proj.dir/home/surya/pico/pico-sdk/src/rp2_common/hardware_irq/irq.c.obj
 .bss.timer_callbacks_pending
                0x00000000200006ff        0x1 CMakeFiles/pedal_proj.dir/home/surya/pico/pico-sdk/src/rp2_common/hardware_timer/timer.c.obj
 *(COMMON)
 COMMON         0x0000000020000700      0x100 CMakeFiles/pedal_proj.dir/home/surya/pico/pico-sdk/src/rp2_common/pico_double/double_init_rom.c.obj
                0x0000000020000700                sd_table
 COMMON         0x0000000020000800      0x100 CMakeFiles/pedal_proj.dir/home/surya/pico/pico-sdk/src/rp2_common/pico_float/float_init_rom.c.obj
                0x0000000020000800                sf_table
                0x0000000020000900                . = ALIGN (0x4)
                0x0000000020000900                __bss_end__ = .

.heap           0x0000000020000900      0x800
                0x0000000020000900                __end__ = .
                0x0000000020000900                end = __end__
 *(.heap*)
 .heap          0x0000000020000900      0x800 CMakeFiles/pedal_proj.dir/home/surya/pico/pico-sdk/src/rp2_common/pico_standard_link/crt0.S.obj
                0x0000000020001100                __HeapLimit = .

.stack1_dummy   0x0000000020040000        0x0
 *(.stack1*)

.stack_dummy    0x0000000020041000      0x800
 *(.stack*)
 .stack         0x0000000020041000      0x800 CMakeFiles/pedal_proj.dir/home/surya/pico/pico-sdk/src/rp2_common/pico_standard_link/crt0.S.obj

.flash_end      0x000000001000574c        0x0
                0x000000001000574c                PROVIDE (__flash_binary_end = .)
                0x0000000020040000                __StackLimit = (ORIGIN (RAM) + LENGTH (RAM))
                0x0000000020041000                __StackOneTop = (ORIGIN (SCRATCH_X) + LENGTH (SCRATCH_X))
                0x0000000020042000                __StackTop = (ORIGIN (SCRATCH_Y) + LENGTH (SCRATCH_Y))
                0x0000000020041000                __StackOneBottom = (__StackOneTop - SIZEOF (.stack1_dummy))
                0x0000000020041800                __StackBottom = (__StackTop - SIZEOF (.stack_dummy))
                0x0000000020042000                PROVIDE (__stack = __StackTop)
                0x0000000000000001                ASSERT ((__StackLimit >= __HeapLimit), region RAM overflowed)
                0x0000000000000001                ASSERT (((__binary_info_header_end - __logical_binary_start) <= 0x100), Binary info must be in first 256 bytes of the binary)
LOAD CMakeFiles/pedal_proj.dir/main.cpp.obj
LOAD CMakeFiles/pedal_proj.dir/lib/RF24/RF24.cpp.obj
LOAD CMakeFiles/pedal_proj.dir/lib/RF24/utility/rp2/gpio.cpp.obj
LOAD CMakeFiles/pedal_proj.dir/lib/RF24/utility/rp2/spi.cpp.obj
LOAD CMakeFiles/pedal_proj.dir/home/surya/pico/pico-sdk/src/rp2_common/pico_stdlib/stdlib.c.obj
LOAD CMakeFiles/pedal_proj.dir/home/surya/pico/pico-sdk/src/rp2_common/hardware_gpio/gpio.c.obj
LOAD CMakeFiles/pedal_proj.dir/home/surya/pico/pico-sdk/src/rp2_common/pico_platform/platform.c.obj
LOAD CMakeFiles/pedal_proj.dir/home/surya/pico/pico-sdk/src/rp2_common/hardware_claim/claim.c.obj
LOAD CMakeFiles/pedal_proj.dir/home/surya/pico/pico-sdk/src/rp2_common/hardware_sync/sync.c.obj
LOAD CMakeFiles/pedal_proj.dir/home/surya/pico/pico-sdk/src/rp2_common/hardware_irq/irq.c.obj
LOAD CMakeFiles/pedal_proj.dir/home/surya/pico/pico-sdk/src/rp2_common/hardware_irq/irq_handler_chain.S.obj
LOAD CMakeFiles/pedal_proj.dir/home/surya/pico/pico-sdk/src/common/pico_sync/sem.c.obj
LOAD CMakeFiles/pedal_proj.dir/home/surya/pico/pico-sdk/src/common/pico_sync/lock_core.c.obj
LOAD CMakeFiles/pedal_proj.dir/home/surya/pico/pico-sdk/src/common/pico_sync/mutex.c.obj
LOAD CMakeFiles/pedal_proj.dir/home/surya/pico/pico-sdk/src/common/pico_sync/critical_section.c.obj
LOAD CMakeFiles/pedal_proj.dir/home/surya/pico/pico-sdk/src/common/pico_time/time.c.obj
LOAD CMakeFiles/pedal_proj.dir/home/surya/pico/pico-sdk/src/common/pico_time/timeout_helper.c.obj
LOAD CMakeFiles/pedal_proj.dir/home/surya/pico/pico-sdk/src/rp2_common/hardware_timer/timer.c.obj
LOAD CMakeFiles/pedal_proj.dir/home/surya/pico/pico-sdk/src/common/pico_util/datetime.c.obj
LOAD CMakeFiles/pedal_proj.dir/home/surya/pico/pico-sdk/src/common/pico_util/pheap.c.obj
LOAD CMakeFiles/pedal_proj.dir/home/surya/pico/pico-sdk/src/common/pico_util/queue.c.obj
LOAD CMakeFiles/pedal_proj.dir/home/surya/pico/pico-sdk/src/rp2_common/hardware_uart/uart.c.obj
LOAD CMakeFiles/pedal_proj.dir/home/surya/pico/pico-sdk/src/rp2_common/hardware_clocks/clocks.c.obj
LOAD CMakeFiles/pedal_proj.dir/home/surya/pico/pico-sdk/src/rp2_common/hardware_pll/pll.c.obj
LOAD CMakeFiles/pedal_proj.dir/home/surya/pico/pico-sdk/src/rp2_common/hardware_vreg/vreg.c.obj
LOAD CMakeFiles/pedal_proj.dir/home/surya/pico/pico-sdk/src/rp2_common/hardware_watchdog/watchdog.c.obj
LOAD CMakeFiles/pedal_proj.dir/home/surya/pico/pico-sdk/src/rp2_common/hardware_xosc/xosc.c.obj
LOAD CMakeFiles/pedal_proj.dir/home/surya/pico/pico-sdk/src/rp2_common/hardware_divider/divider.S.obj
LOAD CMakeFiles/pedal_proj.dir/home/surya/pico/pico-sdk/src/rp2_common/pico_runtime/runtime.c.obj
LOAD CMakeFiles/pedal_proj.dir/home/surya/pico/pico-sdk/src/rp2_common/pico_printf/printf.c.obj
LOAD CMakeFiles/pedal_proj.dir/home/surya/pico/pico-sdk/src/rp2_common/pico_bit_ops/bit_ops_aeabi.S.obj
LOAD CMakeFiles/pedal_proj.dir/home/surya/pico/pico-sdk/src/rp2_common/pico_bootrom/bootrom.c.obj
LOAD CMakeFiles/pedal_proj.dir/home/surya/pico/pico-sdk/src/rp2_common/pico_divider/divider.S.obj
LOAD CMakeFiles/pedal_proj.dir/home/surya/pico/pico-sdk/src/rp2_common/pico_double/double_aeabi.S.obj
LOAD CMakeFiles/pedal_proj.dir/home/surya/pico/pico-sdk/src/rp2_common/pico_double/double_init_rom.c.obj
LOAD CMakeFiles/pedal_proj.dir/home/surya/pico/pico-sdk/src/rp2_common/pico_double/double_math.c.obj
LOAD CMakeFiles/pedal_proj.dir/home/surya/pico/pico-sdk/src/rp2_common/pico_double/double_v1_rom_shim.S.obj
LOAD CMakeFiles/pedal_proj.dir/home/surya/pico/pico-sdk/src/rp2_common/pico_int64_ops/pico_int64_ops_aeabi.S.obj
LOAD CMakeFiles/pedal_proj.dir/home/surya/pico/pico-sdk/src/rp2_common/pico_float/float_aeabi.S.obj
LOAD CMakeFiles/pedal_proj.dir/home/surya/pico/pico-sdk/src/rp2_common/pico_float/float_init_rom.c.obj
LOAD CMakeFiles/pedal_proj.dir/home/surya/pico/pico-sdk/src/rp2_common/pico_float/float_math.c.obj
LOAD CMakeFiles/pedal_proj.dir/home/surya/pico/pico-sdk/src/rp2_common/pico_float/float_v1_rom_shim.S.obj
LOAD CMakeFiles/pedal_proj.dir/home/surya/pico/pico-sdk/src/rp2_common/pico_malloc/pico_malloc.c.obj
LOAD CMakeFiles/pedal_proj.dir/home/surya/pico/pico-sdk/src/rp2_common/pico_mem_ops/mem_ops_aeabi.S.obj
LOAD CMakeFiles/pedal_proj.dir/home/surya/pico/pico-sdk/src/rp2_common/pico_standard_link/crt0.S.obj
LOAD CMakeFiles/pedal_proj.dir/home/surya/pico/pico-sdk/src/rp2_common/pico_standard_link/new_delete.cpp.obj
LOAD CMakeFiles/pedal_proj.dir/home/surya/pico/pico-sdk/src/rp2_common/pico_standard_link/binary_info.c.obj
LOAD CMakeFiles/pedal_proj.dir/home/surya/pico/pico-sdk/src/rp2_common/pico_stdio/stdio.c.obj
LOAD CMakeFiles/pedal_proj.dir/home/surya/pico/pico-sdk/src/rp2_common/pico_stdio_usb/reset_interface.c.obj
LOAD CMakeFiles/pedal_proj.dir/home/surya/pico/pico-sdk/src/rp2_common/pico_stdio_usb/stdio_usb.c.obj
LOAD CMakeFiles/pedal_proj.dir/home/surya/pico/pico-sdk/src/rp2_common/pico_stdio_usb/stdio_usb_descriptors.c.obj
LOAD CMakeFiles/pedal_proj.dir/home/surya/pico/pico-sdk/src/rp2_common/pico_unique_id/unique_id.c.obj
LOAD CMakeFiles/pedal_proj.dir/home/surya/pico/pico-sdk/src/rp2_common/hardware_flash/flash.c.obj
LOAD CMakeFiles/pedal_proj.dir/home/surya/pico/pico-sdk/lib/tinyusb/src/portable/raspberrypi/rp2040/dcd_rp2040.c.obj
LOAD CMakeFiles/pedal_proj.dir/home/surya/pico/pico-sdk/lib/tinyusb/src/portable/raspberrypi/rp2040/rp2040_usb.c.obj
LOAD CMakeFiles/pedal_proj.dir/home/surya/pico/pico-sdk/lib/tinyusb/src/device/usbd.c.obj
LOAD CMakeFiles/pedal_proj.dir/home/surya/pico/pico-sdk/lib/tinyusb/src/device/usbd_control.c.obj
LOAD CMakeFiles/pedal_proj.dir/home/surya/pico/pico-sdk/lib/tinyusb/src/class/audio/audio_device.c.obj
LOAD CMakeFiles/pedal_proj.dir/home/surya/pico/pico-sdk/lib/tinyusb/src/class/cdc/cdc_device.c.obj
LOAD CMakeFiles/pedal_proj.dir/home/surya/pico/pico-sdk/lib/tinyusb/src/class/dfu/dfu_device.c.obj
LOAD CMakeFiles/pedal_proj.dir/home/surya/pico/pico-sdk/lib/tinyusb/src/class/dfu/dfu_rt_device.c.obj
LOAD CMakeFiles/pedal_proj.dir/home/surya/pico/pico-sdk/lib/tinyusb/src/class/hid/hid_device.c.obj
LOAD CMakeFiles/pedal_proj.dir/home/surya/pico/pico-sdk/lib/tinyusb/src/class/midi/midi_device.c.obj
LOAD CMakeFiles/pedal_proj.dir/home/surya/pico/pico-sdk/lib/tinyusb/src/class/msc/msc_device.c.obj
LOAD CMakeFiles/pedal_proj.dir/home/surya/pico/pico-sdk/lib/tinyusb/src/class/net/ecm_rndis_device.c.obj
LOAD CMakeFiles/pedal_proj.dir/home/surya/pico/pico-sdk/lib/tinyusb/src/class/net/ncm_device.c.obj
LOAD CMakeFiles/pedal_proj.dir/home/surya/pico/pico-sdk/lib/tinyusb/src/class/usbtmc/usbtmc_device.c.obj
LOAD CMakeFiles/pedal_proj.dir/home/surya/pico/pico-sdk/lib/tinyusb/src/class/vendor/vendor_device.c.obj
LOAD CMakeFiles/pedal_proj.dir/home/surya/pico/pico-sdk/lib/tinyusb/src/class/video/video_device.c.obj
LOAD CMakeFiles/pedal_proj.dir/home/surya/pico/pico-sdk/lib/tinyusb/src/tusb.c.obj
LOAD CMakeFiles/pedal_proj.dir/home/surya/pico/pico-sdk/lib/tinyusb/src/common/tusb_fifo.c.obj
LOAD CMakeFiles/pedal_proj.dir/home/surya/pico/pico-sdk/src/rp2_common/pico_fix/rp2040_usb_device_enumeration/rp2040_usb_device_enumeration.c.obj
LOAD CMakeFiles/pedal_proj.dir/home/surya/pico/pico-sdk/src/rp2_common/hardware_spi/spi.c.obj
LOAD /tmp/cc4TWdbp.o
LOAD /usr/lib/gcc/arm-none-eabi/9.2.1/../../../arm-none-eabi/lib/thumb/v6-m/nofp/libstdc++.a
LOAD /usr/lib/gcc/arm-none-eabi/9.2.1/../../../arm-none-eabi/lib/thumb/v6-m/nofp/libm.a
START GROUP
LOAD /usr/lib/gcc/arm-none-eabi/9.2.1/thumb/v6-m/nofp/libgcc.a
LOAD /usr/lib/gcc/arm-none-eabi/9.2.1/../../../arm-none-eabi/lib/thumb/v6-m/nofp/libg.a
LOAD /usr/lib/gcc/arm-none-eabi/9.2.1/../../../arm-none-eabi/lib/thumb/v6-m/nofp/libc.a
END GROUP
START GROUP
LOAD /usr/lib/gcc/arm-none-eabi/9.2.1/thumb/v6-m/nofp/libgcc.a
LOAD /usr/lib/gcc/arm-none-eabi/9.2.1/../../../arm-none-eabi/lib/thumb/v6-m/nofp/libc.a
LOAD /usr/lib/gcc/arm-none-eabi/9.2.1/../../../arm-none-eabi/lib/thumb/v6-m/nofp/libnosys.a
END GROUP
LOAD /usr/lib/gcc/arm-none-eabi/9.2.1/thumb/v6-m/nofp/crtend.o
LOAD /usr/lib/gcc/arm-none-eabi/9.2.1/thumb/v6-m/nofp/crtn.o
OUTPUT(pedal_proj.elf elf32-littlearm)
LOAD linker stubs

.ARM.attributes
                0x0000000000000000       0x28
 .ARM.attributes
                0x0000000000000000       0x1e /usr/lib/gcc/arm-none-eabi/9.2.1/thumb/v6-m/nofp/crti.o
 .ARM.attributes
                0x000000000000001e       0x2c /usr/lib/gcc/arm-none-eabi/9.2.1/thumb/v6-m/nofp/crtbegin.o
 .ARM.attributes
                0x000000000000004a       0x2c CMakeFiles/pedal_proj.dir/main.cpp.obj
 .ARM.attributes
                0x0000000000000076       0x2c CMakeFiles/pedal_proj.dir/home/surya/pico/pico-sdk/src/rp2_common/hardware_gpio/gpio.c.obj
 .ARM.attributes
                0x00000000000000a2       0x2c CMakeFiles/pedal_proj.dir/home/surya/pico/pico-sdk/src/rp2_common/pico_platform/platform.c.obj
 .ARM.attributes
                0x00000000000000ce       0x2c CMakeFiles/pedal_proj.dir/home/surya/pico/pico-sdk/src/rp2_common/hardware_claim/claim.c.obj
 .ARM.attributes
                0x00000000000000fa       0x2c CMakeFiles/pedal_proj.dir/home/surya/pico/pico-sdk/src/rp2_common/hardware_sync/sync.c.obj
 .ARM.attributes
                0x0000000000000126       0x2c CMakeFiles/pedal_proj.dir/home/surya/pico/pico-sdk/src/rp2_common/hardware_irq/irq.c.obj
 .ARM.attributes
                0x0000000000000152       0x22 CMakeFiles/pedal_proj.dir/home/surya/pico/pico-sdk/src/rp2_common/hardware_irq/irq_handler_chain.S.obj
 .ARM.attributes
                0x0000000000000174       0x2c CMakeFiles/pedal_proj.dir/home/surya/pico/pico-sdk/src/common/pico_sync/lock_core.c.obj
 .ARM.attributes
                0x00000000000001a0       0x2c CMakeFiles/pedal_proj.dir/home/surya/pico/pico-sdk/src/common/pico_sync/mutex.c.obj
 .ARM.attributes
                0x00000000000001cc       0x2c CMakeFiles/pedal_proj.dir/home/surya/pico/pico-sdk/src/common/pico_time/time.c.obj
 .ARM.attributes
                0x00000000000001f8       0x2c CMakeFiles/pedal_proj.dir/home/surya/pico/pico-sdk/src/rp2_common/hardware_timer/timer.c.obj
 .ARM.attributes
                0x0000000000000224       0x2c CMakeFiles/pedal_proj.dir/home/surya/pico/pico-sdk/src/common/pico_util/pheap.c.obj
 .ARM.attributes
                0x0000000000000250       0x2c CMakeFiles/pedal_proj.dir/home/surya/pico/pico-sdk/src/rp2_common/hardware_clocks/clocks.c.obj
 .ARM.attributes
                0x000000000000027c       0x2c CMakeFiles/pedal_proj.dir/home/surya/pico/pico-sdk/src/rp2_common/hardware_pll/pll.c.obj
 .ARM.attributes
                0x00000000000002a8       0x2c CMakeFiles/pedal_proj.dir/home/surya/pico/pico-sdk/src/rp2_common/hardware_watchdog/watchdog.c.obj
 .ARM.attributes
                0x00000000000002d4       0x2c CMakeFiles/pedal_proj.dir/home/surya/pico/pico-sdk/src/rp2_common/hardware_xosc/xosc.c.obj
 .ARM.attributes
                0x0000000000000300       0x2c CMakeFiles/pedal_proj.dir/home/surya/pico/pico-sdk/src/rp2_common/pico_runtime/runtime.c.obj
 .ARM.attributes
                0x000000000000032c       0x2c CMakeFiles/pedal_proj.dir/home/surya/pico/pico-sdk/src/rp2_common/pico_printf/printf.c.obj
 .ARM.attributes
                0x0000000000000358       0x22 CMakeFiles/pedal_proj.dir/home/surya/pico/pico-sdk/src/rp2_common/pico_bit_ops/bit_ops_aeabi.S.obj
 .ARM.attributes
                0x000000000000037a       0x2c CMakeFiles/pedal_proj.dir/home/surya/pico/pico-sdk/src/rp2_common/pico_bootrom/bootrom.c.obj
 .ARM.attributes
                0x00000000000003a6       0x22 CMakeFiles/pedal_proj.dir/home/surya/pico/pico-sdk/src/rp2_common/pico_divider/divider.S.obj
 .ARM.attributes
                0x00000000000003c8       0x22 CMakeFiles/pedal_proj.dir/home/surya/pico/pico-sdk/src/rp2_common/pico_double/double_aeabi.S.obj
 .ARM.attributes
                0x00000000000003ea       0x2c CMakeFiles/pedal_proj.dir/home/surya/pico/pico-sdk/src/rp2_common/pico_double/double_init_rom.c.obj
 .ARM.attributes
                0x0000000000000416       0x22 CMakeFiles/pedal_proj.dir/home/surya/pico/pico-sdk/src/rp2_common/pico_double/double_v1_rom_shim.S.obj
 .ARM.attributes
                0x0000000000000438       0x22 CMakeFiles/pedal_proj.dir/home/surya/pico/pico-sdk/src/rp2_common/pico_int64_ops/pico_int64_ops_aeabi.S.obj
 .ARM.attributes
                0x000000000000045a       0x22 CMakeFiles/pedal_proj.dir/home/surya/pico/pico-sdk/src/rp2_common/pico_float/float_aeabi.S.obj
 .ARM.attributes
                0x000000000000047c       0x2c CMakeFiles/pedal_proj.dir/home/surya/pico/pico-sdk/src/rp2_common/pico_float/float_init_rom.c.obj
 .ARM.attributes
                0x00000000000004a8       0x22 CMakeFiles/pedal_proj.dir/home/surya/pico/pico-sdk/src/rp2_common/pico_float/float_v1_rom_shim.S.obj
 .ARM.attributes
                0x00000000000004ca       0x22 CMakeFiles/pedal_proj.dir/home/surya/pico/pico-sdk/src/rp2_common/pico_mem_ops/mem_ops_aeabi.S.obj
 .ARM.attributes
                0x00000000000004ec       0x22 CMakeFiles/pedal_proj.dir/home/surya/pico/pico-sdk/src/rp2_common/pico_standard_link/crt0.S.obj
 .ARM.attributes
                0x000000000000050e       0x32 CMakeFiles/pedal_proj.dir/home/surya/pico/pico-sdk/src/rp2_common/pico_standard_link/binary_info.c.obj
 .ARM.attributes
                0x0000000000000540       0x2c CMakeFiles/pedal_proj.dir/home/surya/pico/pico-sdk/src/rp2_common/pico_stdio/stdio.c.obj
 .ARM.attributes
                0x000000000000056c       0x2c CMakeFiles/pedal_proj.dir/home/surya/pico/pico-sdk/src/rp2_common/pico_unique_id/unique_id.c.obj
 .ARM.attributes
                0x0000000000000598       0x2c CMakeFiles/pedal_proj.dir/home/surya/pico/pico-sdk/src/rp2_common/hardware_flash/flash.c.obj
 .ARM.attributes
                0x00000000000005c4       0x22 /tmp/cc4TWdbp.o
 .ARM.attributes
                0x00000000000005e6       0x1e /usr/lib/gcc/arm-none-eabi/9.2.1/thumb/v6-m/nofp/libgcc.a(_dvmd_tls.o)
 .ARM.attributes
                0x0000000000000604       0x2c /usr/lib/gcc/arm-none-eabi/9.2.1/../../../arm-none-eabi/lib/thumb/v6-m/nofp/libg.a(lib_a-strlen-stub.o)
 .ARM.attributes
                0x0000000000000630       0x2c /usr/lib/gcc/arm-none-eabi/9.2.1/thumb/v6-m/nofp/crtend.o

.comment        0x0000000000000000       0xa7
 .comment       0x0000000000000000       0x59 /usr/lib/gcc/arm-none-eabi/9.2.1/thumb/v6-m/nofp/crtbegin.o
                                         0x5a (size before relaxing)
 .comment       0x0000000000000059       0x5a CMakeFiles/pedal_proj.dir/main.cpp.obj
 .comment       0x0000000000000059       0x5a CMakeFiles/pedal_proj.dir/home/surya/pico/pico-sdk/src/rp2_common/hardware_gpio/gpio.c.obj
 .comment       0x0000000000000059       0x5a CMakeFiles/pedal_proj.dir/home/surya/pico/pico-sdk/src/rp2_common/pico_platform/platform.c.obj
 .comment       0x0000000000000059       0x5a CMakeFiles/pedal_proj.dir/home/surya/pico/pico-sdk/src/rp2_common/hardware_claim/claim.c.obj
 .comment       0x0000000000000059       0x5a CMakeFiles/pedal_proj.dir/home/surya/pico/pico-sdk/src/rp2_common/hardware_sync/sync.c.obj
 .comment       0x0000000000000059       0x5a CMakeFiles/pedal_proj.dir/home/surya/pico/pico-sdk/src/rp2_common/hardware_irq/irq.c.obj
 .comment       0x0000000000000059       0x5a CMakeFiles/pedal_proj.dir/home/surya/pico/pico-sdk/src/common/pico_sync/lock_core.c.obj
 .comment       0x0000000000000059       0x5a CMakeFiles/pedal_proj.dir/home/surya/pico/pico-sdk/src/common/pico_sync/mutex.c.obj
 .comment       0x0000000000000059       0x5a CMakeFiles/pedal_proj.dir/home/surya/pico/pico-sdk/src/common/pico_time/time.c.obj
 .comment       0x0000000000000059       0x5a CMakeFiles/pedal_proj.dir/home/surya/pico/pico-sdk/src/rp2_common/hardware_timer/timer.c.obj
 .comment       0x0000000000000059       0x5a CMakeFiles/pedal_proj.dir/home/surya/pico/pico-sdk/src/common/pico_util/pheap.c.obj
 .comment       0x0000000000000059       0x5a CMakeFiles/pedal_proj.dir/home/surya/pico/pico-sdk/src/rp2_common/hardware_clocks/clocks.c.obj
 .comment       0x0000000000000059       0x5a CMakeFiles/pedal_proj.dir/home/surya/pico/pico-sdk/src/rp2_common/hardware_pll/pll.c.obj
 .comment       0x0000000000000059       0x5a CMakeFiles/pedal_proj.dir/home/surya/pico/pico-sdk/src/rp2_common/hardware_watchdog/watchdog.c.obj
 .comment       0x0000000000000059       0x5a CMakeFiles/pedal_proj.dir/home/surya/pico/pico-sdk/src/rp2_common/hardware_xosc/xosc.c.obj
 .comment       0x0000000000000059       0x5a CMakeFiles/pedal_proj.dir/home/surya/pico/pico-sdk/src/rp2_common/pico_runtime/runtime.c.obj
 .comment       0x0000000000000059       0x5a CMakeFiles/pedal_proj.dir/home/surya/pico/pico-sdk/src/rp2_common/pico_printf/printf.c.obj
 .comment       0x0000000000000059       0x5a CMakeFiles/pedal_proj.dir/home/surya/pico/pico-sdk/src/rp2_common/pico_bootrom/bootrom.c.obj
 .comment       0x0000000000000059       0x5a CMakeFiles/pedal_proj.dir/home/surya/pico/pico-sdk/src/rp2_common/pico_double/double_init_rom.c.obj
 .comment       0x0000000000000059       0x5a CMakeFiles/pedal_proj.dir/home/surya/pico/pico-sdk/src/rp2_common/pico_float/float_init_rom.c.obj
 .comment       0x0000000000000059       0x5a CMakeFiles/pedal_proj.dir/home/surya/pico/pico-sdk/src/rp2_common/pico_standard_link/binary_info.c.obj
 .comment       0x0000000000000059       0x5a CMakeFiles/pedal_proj.dir/home/surya/pico/pico-sdk/src/rp2_common/pico_stdio/stdio.c.obj
 .comment       0x0000000000000059       0x5a CMakeFiles/pedal_proj.dir/home/surya/pico/pico-sdk/src/rp2_common/pico_unique_id/unique_id.c.obj
 .comment       0x0000000000000059       0x5a CMakeFiles/pedal_proj.dir/home/surya/pico/pico-sdk/src/rp2_common/hardware_flash/flash.c.obj
 .comment       0x0000000000000059       0x4e /usr/lib/gcc/arm-none-eabi/9.2.1/../../../arm-none-eabi/lib/thumb/v6-m/nofp/libg.a(lib_a-strlen-stub.o)
                                         0x4f (size before relaxing)
 .comment       0x00000000000000a7       0x5a /usr/lib/gcc/arm-none-eabi/9.2.1/thumb/v6-m/nofp/crtend.o

.debug_info     0x0000000000000000    0x1a096
 .debug_info    0x0000000000000000      0xf29 CMakeFiles/pedal_proj.dir/main.cpp.obj
 .debug_info    0x0000000000000f29     0x185a CMakeFiles/pedal_proj.dir/home/surya/pico/pico-sdk/src/rp2_common/hardware_gpio/gpio.c.obj
 .debug_info    0x0000000000002783      0x1cb CMakeFiles/pedal_proj.dir/home/surya/pico/pico-sdk/src/rp2_common/pico_platform/platform.c.obj
 .debug_info    0x000000000000294e      0x6a6 CMakeFiles/pedal_proj.dir/home/surya/pico/pico-sdk/src/rp2_common/hardware_claim/claim.c.obj
 .debug_info    0x0000000000002ff4      0x576 CMakeFiles/pedal_proj.dir/home/surya/pico/pico-sdk/src/rp2_common/hardware_sync/sync.c.obj
 .debug_info    0x000000000000356a     0x1c90 CMakeFiles/pedal_proj.dir/home/surya/pico/pico-sdk/src/rp2_common/hardware_irq/irq.c.obj
 .debug_info    0x00000000000051fa       0x26 CMakeFiles/pedal_proj.dir/home/surya/pico/pico-sdk/src/rp2_common/hardware_irq/irq_handler_chain.S.obj
 .debug_info    0x0000000000005220      0x1e4 CMakeFiles/pedal_proj.dir/home/surya/pico/pico-sdk/src/common/pico_sync/lock_core.c.obj
 .debug_info    0x0000000000005404     0x2092 CMakeFiles/pedal_proj.dir/home/surya/pico/pico-sdk/src/common/pico_sync/mutex.c.obj
 .debug_info    0x0000000000007496     0x488b CMakeFiles/pedal_proj.dir/home/surya/pico/pico-sdk/src/common/pico_time/time.c.obj
 .debug_info    0x000000000000bd21     0x13a2 CMakeFiles/pedal_proj.dir/home/surya/pico/pico-sdk/src/rp2_common/hardware_timer/timer.c.obj
 .debug_info    0x000000000000d0c3     0x1ad4 CMakeFiles/pedal_proj.dir/home/surya/pico/pico-sdk/src/common/pico_util/pheap.c.obj
 .debug_info    0x000000000000eb97      0xf61 CMakeFiles/pedal_proj.dir/home/surya/pico/pico-sdk/src/rp2_common/hardware_clocks/clocks.c.obj
 .debug_info    0x000000000000faf8      0x4e8 CMakeFiles/pedal_proj.dir/home/surya/pico/pico-sdk/src/rp2_common/hardware_pll/pll.c.obj
 .debug_info    0x000000000000ffe0      0xd7e CMakeFiles/pedal_proj.dir/home/surya/pico/pico-sdk/src/rp2_common/hardware_watchdog/watchdog.c.obj
 .debug_info    0x0000000000010d5e      0x1c0 CMakeFiles/pedal_proj.dir/home/surya/pico/pico-sdk/src/rp2_common/hardware_xosc/xosc.c.obj
 .debug_info    0x0000000000010f1e     0x1933 CMakeFiles/pedal_proj.dir/home/surya/pico/pico-sdk/src/rp2_common/pico_runtime/runtime.c.obj
 .debug_info    0x0000000000012851     0x1fbf CMakeFiles/pedal_proj.dir/home/surya/pico/pico-sdk/src/rp2_common/pico_printf/printf.c.obj
 .debug_info    0x0000000000014810       0x22 CMakeFiles/pedal_proj.dir/home/surya/pico/pico-sdk/src/rp2_common/pico_bit_ops/bit_ops_aeabi.S.obj
 .debug_info    0x0000000000014832      0x258 CMakeFiles/pedal_proj.dir/home/surya/pico/pico-sdk/src/rp2_common/pico_bootrom/bootrom.c.obj
 .debug_info    0x0000000000014a8a       0x22 CMakeFiles/pedal_proj.dir/home/surya/pico/pico-sdk/src/rp2_common/pico_divider/divider.S.obj
 .debug_info    0x0000000000014aac       0x22 CMakeFiles/pedal_proj.dir/home/surya/pico/pico-sdk/src/rp2_common/pico_double/double_aeabi.S.obj
 .debug_info    0x0000000000014ace      0xb2a CMakeFiles/pedal_proj.dir/home/surya/pico/pico-sdk/src/rp2_common/pico_double/double_init_rom.c.obj
 .debug_info    0x00000000000155f8       0x22 CMakeFiles/pedal_proj.dir/home/surya/pico/pico-sdk/src/rp2_common/pico_double/double_v1_rom_shim.S.obj
 .debug_info    0x000000000001561a       0x26 CMakeFiles/pedal_proj.dir/home/surya/pico/pico-sdk/src/rp2_common/pico_int64_ops/pico_int64_ops_aeabi.S.obj
 .debug_info    0x0000000000015640       0x22 CMakeFiles/pedal_proj.dir/home/surya/pico/pico-sdk/src/rp2_common/pico_float/float_aeabi.S.obj
 .debug_info    0x0000000000015662      0xb44 CMakeFiles/pedal_proj.dir/home/surya/pico/pico-sdk/src/rp2_common/pico_float/float_init_rom.c.obj
 .debug_info    0x00000000000161a6       0x22 CMakeFiles/pedal_proj.dir/home/surya/pico/pico-sdk/src/rp2_common/pico_float/float_v1_rom_shim.S.obj
 .debug_info    0x00000000000161c8       0x22 CMakeFiles/pedal_proj.dir/home/surya/pico/pico-sdk/src/rp2_common/pico_mem_ops/mem_ops_aeabi.S.obj
 .debug_info    0x00000000000161ea       0x22 CMakeFiles/pedal_proj.dir/home/surya/pico/pico-sdk/src/rp2_common/pico_standard_link/crt0.S.obj
 .debug_info    0x000000000001620c      0x2cb CMakeFiles/pedal_proj.dir/home/surya/pico/pico-sdk/src/rp2_common/pico_standard_link/binary_info.c.obj
 .debug_info    0x00000000000164d7     0x20dd CMakeFiles/pedal_proj.dir/home/surya/pico/pico-sdk/src/rp2_common/pico_stdio/stdio.c.obj
 .debug_info    0x00000000000185b4      0x24b CMakeFiles/pedal_proj.dir/home/surya/pico/pico-sdk/src/rp2_common/pico_unique_id/unique_id.c.obj
 .debug_info    0x00000000000187ff      0xefe CMakeFiles/pedal_proj.dir/home/surya/pico/pico-sdk/src/rp2_common/hardware_flash/flash.c.obj
 .debug_info    0x00000000000196fd       0x26 /usr/lib/gcc/arm-none-eabi/9.2.1/thumb/v6-m/nofp/libgcc.a(_dvmd_tls.o)
 .debug_info    0x0000000000019723      0x973 /usr/lib/gcc/arm-none-eabi/9.2.1/../../../arm-none-eabi/lib/thumb/v6-m/nofp/libg.a(lib_a-strlen-stub.o)

.debug_abbrev   0x0000000000000000     0x4bf4
 .debug_abbrev  0x0000000000000000      0x304 CMakeFiles/pedal_proj.dir/main.cpp.obj
 .debug_abbrev  0x0000000000000304      0x379 CMakeFiles/pedal_proj.dir/home/surya/pico/pico-sdk/src/rp2_common/hardware_gpio/gpio.c.obj
 .debug_abbrev  0x000000000000067d       0xeb CMakeFiles/pedal_proj.dir/home/surya/pico/pico-sdk/src/rp2_common/pico_platform/platform.c.obj
 .debug_abbrev  0x0000000000000768      0x2e9 CMakeFiles/pedal_proj.dir/home/surya/pico/pico-sdk/src/rp2_common/hardware_claim/claim.c.obj
 .debug_abbrev  0x0000000000000a51      0x21b CMakeFiles/pedal_proj.dir/home/surya/pico/pico-sdk/src/rp2_common/hardware_sync/sync.c.obj
 .debug_abbrev  0x0000000000000c6c      0x4f6 CMakeFiles/pedal_proj.dir/home/surya/pico/pico-sdk/src/rp2_common/hardware_irq/irq.c.obj
 .debug_abbrev  0x0000000000001162       0x14 CMakeFiles/pedal_proj.dir/home/surya/pico/pico-sdk/src/rp2_common/hardware_irq/irq_handler_chain.S.obj
 .debug_abbrev  0x0000000000001176      0x138 CMakeFiles/pedal_proj.dir/home/surya/pico/pico-sdk/src/common/pico_sync/lock_core.c.obj
 .debug_abbrev  0x00000000000012ae      0x3bb CMakeFiles/pedal_proj.dir/home/surya/pico/pico-sdk/src/common/pico_sync/mutex.c.obj
 .debug_abbrev  0x0000000000001669      0x64c CMakeFiles/pedal_proj.dir/home/surya/pico/pico-sdk/src/common/pico_time/time.c.obj
 .debug_abbrev  0x0000000000001cb5      0x3c7 CMakeFiles/pedal_proj.dir/home/surya/pico/pico-sdk/src/rp2_common/hardware_timer/timer.c.obj
 .debug_abbrev  0x000000000000207c      0x3ad CMakeFiles/pedal_proj.dir/home/surya/pico/pico-sdk/src/common/pico_util/pheap.c.obj
 .debug_abbrev  0x0000000000002429      0x3d8 CMakeFiles/pedal_proj.dir/home/surya/pico/pico-sdk/src/rp2_common/hardware_clocks/clocks.c.obj
 .debug_abbrev  0x0000000000002801      0x1ee CMakeFiles/pedal_proj.dir/home/surya/pico/pico-sdk/src/rp2_common/hardware_pll/pll.c.obj
 .debug_abbrev  0x00000000000029ef      0x2cf CMakeFiles/pedal_proj.dir/home/surya/pico/pico-sdk/src/rp2_common/hardware_watchdog/watchdog.c.obj
 .debug_abbrev  0x0000000000002cbe      0x109 CMakeFiles/pedal_proj.dir/home/surya/pico/pico-sdk/src/rp2_common/hardware_xosc/xosc.c.obj
 .debug_abbrev  0x0000000000002dc7      0x5d3 CMakeFiles/pedal_proj.dir/home/surya/pico/pico-sdk/src/rp2_common/pico_runtime/runtime.c.obj
 .debug_abbrev  0x000000000000339a      0x4a1 CMakeFiles/pedal_proj.dir/home/surya/pico/pico-sdk/src/rp2_common/pico_printf/printf.c.obj
 .debug_abbrev  0x000000000000383b       0x12 CMakeFiles/pedal_proj.dir/home/surya/pico/pico-sdk/src/rp2_common/pico_bit_ops/bit_ops_aeabi.S.obj
 .debug_abbrev  0x000000000000384d      0x13b CMakeFiles/pedal_proj.dir/home/surya/pico/pico-sdk/src/rp2_common/pico_bootrom/bootrom.c.obj
 .debug_abbrev  0x0000000000003988       0x12 CMakeFiles/pedal_proj.dir/home/surya/pico/pico-sdk/src/rp2_common/pico_divider/divider.S.obj
 .debug_abbrev  0x000000000000399a       0x12 CMakeFiles/pedal_proj.dir/home/surya/pico/pico-sdk/src/rp2_common/pico_double/double_aeabi.S.obj
 .debug_abbrev  0x00000000000039ac      0x2c2 CMakeFiles/pedal_proj.dir/home/surya/pico/pico-sdk/src/rp2_common/pico_double/double_init_rom.c.obj
 .debug_abbrev  0x0000000000003c6e       0x12 CMakeFiles/pedal_proj.dir/home/surya/pico/pico-sdk/src/rp2_common/pico_double/double_v1_rom_shim.S.obj
 .debug_abbrev  0x0000000000003c80       0x14 CMakeFiles/pedal_proj.dir/home/surya/pico/pico-sdk/src/rp2_common/pico_int64_ops/pico_int64_ops_aeabi.S.obj
 .debug_abbrev  0x0000000000003c94       0x12 CMakeFiles/pedal_proj.dir/home/surya/pico/pico-sdk/src/rp2_common/pico_float/float_aeabi.S.obj
 .debug_abbrev  0x0000000000003ca6      0x2d5 CMakeFiles/pedal_proj.dir/home/surya/pico/pico-sdk/src/rp2_common/pico_float/float_init_rom.c.obj
 .debug_abbrev  0x0000000000003f7b       0x12 CMakeFiles/pedal_proj.dir/home/surya/pico/pico-sdk/src/rp2_common/pico_float/float_v1_rom_shim.S.obj
 .debug_abbrev  0x0000000000003f8d       0x12 CMakeFiles/pedal_proj.dir/home/surya/pico/pico-sdk/src/rp2_common/pico_mem_ops/mem_ops_aeabi.S.obj
 .debug_abbrev  0x0000000000003f9f       0x12 CMakeFiles/pedal_proj.dir/home/surya/pico/pico-sdk/src/rp2_common/pico_standard_link/crt0.S.obj
 .debug_abbrev  0x0000000000003fb1       0xad CMakeFiles/pedal_proj.dir/home/surya/pico/pico-sdk/src/rp2_common/pico_standard_link/binary_info.c.obj
 .debug_abbrev  0x000000000000405e      0x581 CMakeFiles/pedal_proj.dir/home/surya/pico/pico-sdk/src/rp2_common/pico_stdio/stdio.c.obj
 .debug_abbrev  0x00000000000045df      0x163 CMakeFiles/pedal_proj.dir/home/surya/pico/pico-sdk/src/rp2_common/pico_unique_id/unique_id.c.obj
 .debug_abbrev  0x0000000000004742      0x2b6 CMakeFiles/pedal_proj.dir/home/surya/pico/pico-sdk/src/rp2_common/hardware_flash/flash.c.obj
 .debug_abbrev  0x00000000000049f8       0x14 /usr/lib/gcc/arm-none-eabi/9.2.1/thumb/v6-m/nofp/libgcc.a(_dvmd_tls.o)
 .debug_abbrev  0x0000000000004a0c      0x1e8 /usr/lib/gcc/arm-none-eabi/9.2.1/../../../arm-none-eabi/lib/thumb/v6-m/nofp/libg.a(lib_a-strlen-stub.o)

.debug_loc      0x0000000000000000     0xe6bb
 .debug_loc     0x0000000000000000      0x114 CMakeFiles/pedal_proj.dir/main.cpp.obj
 .debug_loc     0x0000000000000114     0x1237 CMakeFiles/pedal_proj.dir/home/surya/pico/pico-sdk/src/rp2_common/hardware_gpio/gpio.c.obj
 .debug_loc     0x000000000000134b       0xe9 CMakeFiles/pedal_proj.dir/home/surya/pico/pico-sdk/src/rp2_common/pico_platform/platform.c.obj
 .debug_loc     0x0000000000001434      0x45f CMakeFiles/pedal_proj.dir/home/surya/pico/pico-sdk/src/rp2_common/hardware_claim/claim.c.obj
 .debug_loc     0x0000000000001893      0x233 CMakeFiles/pedal_proj.dir/home/surya/pico/pico-sdk/src/rp2_common/hardware_sync/sync.c.obj
 .debug_loc     0x0000000000001ac6     0x1476 CMakeFiles/pedal_proj.dir/home/surya/pico/pico-sdk/src/rp2_common/hardware_irq/irq.c.obj
 .debug_loc     0x0000000000002f3c       0x60 CMakeFiles/pedal_proj.dir/home/surya/pico/pico-sdk/src/common/pico_sync/lock_core.c.obj
 .debug_loc     0x0000000000002f9c     0x14f2 CMakeFiles/pedal_proj.dir/home/surya/pico/pico-sdk/src/common/pico_sync/mutex.c.obj
 .debug_loc     0x000000000000448e     0x31c6 CMakeFiles/pedal_proj.dir/home/surya/pico/pico-sdk/src/common/pico_time/time.c.obj
 .debug_loc     0x0000000000007654      0xacb CMakeFiles/pedal_proj.dir/home/surya/pico/pico-sdk/src/rp2_common/hardware_timer/timer.c.obj
 .debug_loc     0x000000000000811f     0x141f CMakeFiles/pedal_proj.dir/home/surya/pico/pico-sdk/src/common/pico_util/pheap.c.obj
 .debug_loc     0x000000000000953e      0x84c CMakeFiles/pedal_proj.dir/home/surya/pico/pico-sdk/src/rp2_common/hardware_clocks/clocks.c.obj
 .debug_loc     0x0000000000009d8a      0x31a CMakeFiles/pedal_proj.dir/home/surya/pico/pico-sdk/src/rp2_common/hardware_pll/pll.c.obj
 .debug_loc     0x000000000000a0a4      0x2ec CMakeFiles/pedal_proj.dir/home/surya/pico/pico-sdk/src/rp2_common/hardware_watchdog/watchdog.c.obj
 .debug_loc     0x000000000000a390       0x71 CMakeFiles/pedal_proj.dir/home/surya/pico/pico-sdk/src/rp2_common/hardware_xosc/xosc.c.obj
 .debug_loc     0x000000000000a401      0x674 CMakeFiles/pedal_proj.dir/home/surya/pico/pico-sdk/src/rp2_common/pico_runtime/runtime.c.obj
 .debug_loc     0x000000000000aa75     0x210c CMakeFiles/pedal_proj.dir/home/surya/pico/pico-sdk/src/rp2_common/pico_printf/printf.c.obj
 .debug_loc     0x000000000000cb81      0x1a1 CMakeFiles/pedal_proj.dir/home/surya/pico/pico-sdk/src/rp2_common/pico_bootrom/bootrom.c.obj
 .debug_loc     0x000000000000cd22       0x59 CMakeFiles/pedal_proj.dir/home/surya/pico/pico-sdk/src/rp2_common/pico_double/double_init_rom.c.obj
 .debug_loc     0x000000000000cd7b       0x73 CMakeFiles/pedal_proj.dir/home/surya/pico/pico-sdk/src/rp2_common/pico_float/float_init_rom.c.obj
 .debug_loc     0x000000000000cdee      0xe22 CMakeFiles/pedal_proj.dir/home/surya/pico/pico-sdk/src/rp2_common/pico_stdio/stdio.c.obj
 .debug_loc     0x000000000000dc10       0xff CMakeFiles/pedal_proj.dir/home/surya/pico/pico-sdk/src/rp2_common/pico_unique_id/unique_id.c.obj