Archive member included to satisfy reference by file (symbol)

/usr/lib/gcc/arm-none-eabi/9.2.1/../../../arm-none-eabi/lib/thumb/v6-m/nofp/libstdc++.a(eh_arm.o)
                              CMakeFiles/pico_SDK_proj.dir/pico_SDK_proj.cpp.obj (__cxa_end_cleanup)
/usr/lib/gcc/arm-none-eabi/9.2.1/../../../arm-none-eabi/lib/thumb/v6-m/nofp/libstdc++.a(eh_aux_runtime.o)
                              CMakeFiles/pico_SDK_proj.dir/WS2812.cpp.obj (__cxa_throw_bad_array_new_length)
/usr/lib/gcc/arm-none-eabi/9.2.1/../../../arm-none-eabi/lib/thumb/v6-m/nofp/libstdc++.a(eh_exception.o)
                              /usr/lib/gcc/arm-none-eabi/9.2.1/../../../arm-none-eabi/lib/thumb/v6-m/nofp/libstdc++.a(eh_arm.o) (typeinfo for __cxxabiv1::__forced_unwind)
/usr/lib/gcc/arm-none-eabi/9.2.1/../../../arm-none-eabi/lib/thumb/v6-m/nofp/libstdc++.a(eh_globals.o)
                              /usr/lib/gcc/arm-none-eabi/9.2.1/../../../arm-none-eabi/lib/thumb/v6-m/nofp/libstdc++.a(eh_arm.o) (__cxa_get_globals)
/usr/lib/gcc/arm-none-eabi/9.2.1/../../../arm-none-eabi/lib/thumb/v6-m/nofp/libstdc++.a(eh_personality.o)
                              CMakeFiles/pico_SDK_proj.dir/pico_SDK_proj.cpp.obj (__gxx_personality_v0)
/usr/lib/gcc/arm-none-eabi/9.2.1/../../../arm-none-eabi/lib/thumb/v6-m/nofp/libstdc++.a(eh_terminate.o)
                              /usr/lib/gcc/arm-none-eabi/9.2.1/../../../arm-none-eabi/lib/thumb/v6-m/nofp/libstdc++.a(eh_arm.o) (std::terminate())
/usr/lib/gcc/arm-none-eabi/9.2.1/../../../arm-none-eabi/lib/thumb/v6-m/nofp/libstdc++.a(eh_throw.o)
                              /usr/lib/gcc/arm-none-eabi/9.2.1/../../../arm-none-eabi/lib/thumb/v6-m/nofp/libstdc++.a(eh_aux_runtime.o) (__cxa_throw)
/usr/lib/gcc/arm-none-eabi/9.2.1/../../../arm-none-eabi/lib/thumb/v6-m/nofp/libstdc++.a(eh_unex_handler.o)
                              /usr/lib/gcc/arm-none-eabi/9.2.1/../../../arm-none-eabi/lib/thumb/v6-m/nofp/libstdc++.a(eh_terminate.o) (__cxxabiv1::__unexpected_handler)
/usr/lib/gcc/arm-none-eabi/9.2.1/../../../arm-none-eabi/lib/thumb/v6-m/nofp/libstdc++.a(new_opv.o)
                              CMakeFiles/pico_SDK_proj.dir/WS2812.cpp.obj (operator new[](unsigned int))
/usr/lib/gcc/arm-none-eabi/9.2.1/../../../arm-none-eabi/lib/thumb/v6-m/nofp/libstdc++.a(pure.o)
                              /usr/lib/gcc/arm-none-eabi/9.2.1/../../../arm-none-eabi/lib/thumb/v6-m/nofp/libstdc++.a(eh_exception.o) (__cxa_pure_virtual)
/usr/lib/gcc/arm-none-eabi/9.2.1/../../../arm-none-eabi/lib/thumb/v6-m/nofp/libstdc++.a(si_class_type_info.o)
                              /usr/lib/gcc/arm-none-eabi/9.2.1/../../../arm-none-eabi/lib/thumb/v6-m/nofp/libstdc++.a(eh_exception.o) (vtable for __cxxabiv1::__si_class_type_info)
/usr/lib/gcc/arm-none-eabi/9.2.1/../../../arm-none-eabi/lib/thumb/v6-m/nofp/libstdc++.a(tinfo.o)
                              /usr/lib/gcc/arm-none-eabi/9.2.1/../../../arm-none-eabi/lib/thumb/v6-m/nofp/libstdc++.a(si_class_type_info.o) (std::type_info::__is_pointer_p() const)
/usr/lib/gcc/arm-none-eabi/9.2.1/../../../arm-none-eabi/lib/thumb/v6-m/nofp/libstdc++.a(bad_array_new.o)
                              /usr/lib/gcc/arm-none-eabi/9.2.1/../../../arm-none-eabi/lib/thumb/v6-m/nofp/libstdc++.a(eh_aux_runtime.o) (std::bad_array_new_length::~bad_array_new_length())
/usr/lib/gcc/arm-none-eabi/9.2.1/../../../arm-none-eabi/lib/thumb/v6-m/nofp/libstdc++.a(bad_cast.o)
                              /usr/lib/gcc/arm-none-eabi/9.2.1/../../../arm-none-eabi/lib/thumb/v6-m/nofp/libstdc++.a(eh_aux_runtime.o) (std::bad_cast::~bad_cast())
/usr/lib/gcc/arm-none-eabi/9.2.1/../../../arm-none-eabi/lib/thumb/v6-m/nofp/libstdc++.a(bad_typeid.o)
                              /usr/lib/gcc/arm-none-eabi/9.2.1/../../../arm-none-eabi/lib/thumb/v6-m/nofp/libstdc++.a(eh_aux_runtime.o) (std::bad_typeid::~bad_typeid())
/usr/lib/gcc/arm-none-eabi/9.2.1/../../../arm-none-eabi/lib/thumb/v6-m/nofp/libstdc++.a(class_type_info.o)
                              /usr/lib/gcc/arm-none-eabi/9.2.1/../../../arm-none-eabi/lib/thumb/v6-m/nofp/libstdc++.a(si_class_type_info.o) (__cxxabiv1::__class_type_info::__do_upcast(__cxxabiv1::__class_type_info const*, void**) const)
/usr/lib/gcc/arm-none-eabi/9.2.1/../../../arm-none-eabi/lib/thumb/v6-m/nofp/libstdc++.a(del_ops.o)
                              /usr/lib/gcc/arm-none-eabi/9.2.1/../../../arm-none-eabi/lib/thumb/v6-m/nofp/libstdc++.a(eh_exception.o) (operator delete(void*, unsigned int))
/usr/lib/gcc/arm-none-eabi/9.2.1/../../../arm-none-eabi/lib/thumb/v6-m/nofp/libstdc++.a(eh_alloc.o)
                              /usr/lib/gcc/arm-none-eabi/9.2.1/../../../arm-none-eabi/lib/thumb/v6-m/nofp/libstdc++.a(eh_aux_runtime.o) (__cxa_allocate_exception)
/usr/lib/gcc/arm-none-eabi/9.2.1/../../../arm-none-eabi/lib/thumb/v6-m/nofp/libstdc++.a(eh_call.o)
                              /usr/lib/gcc/arm-none-eabi/9.2.1/../../../arm-none-eabi/lib/thumb/v6-m/nofp/libstdc++.a(eh_personality.o) (__cxa_call_terminate)
[...]
Memory Configuration

Name             Origin             Length             Attributes
FLASH            0x0000000010000000 0x0000000000200000 xr
RAM              0x0000000020000000 0x0000000000040000 xrw
SCRATCH_X        0x0000000020040000 0x0000000000001000 xrw
SCRATCH_Y        0x0000000020041000 0x0000000000001000 xrw
*default*        0x0000000000000000 0xffffffffffffffff

Linker script and memory map

LOAD /usr/lib/gcc/arm-none-eabi/9.2.1/thumb/v6-m/nofp/crti.o
LOAD /usr/lib/gcc/arm-none-eabi/9.2.1/thumb/v6-m/nofp/crtbegin.o
LOAD /usr/lib/gcc/arm-none-eabi/9.2.1/../../../arm-none-eabi/lib/thumb/v6-m/nofp/crt0.o

.flash_begin    0x0000000010000000        0x0
                0x0000000010000000                __flash_binary_start = .

.boot2          0x0000000010000000      0x100
                0x0000000010000000                __boot2_start__ = .
 *(.boot2)
 .boot2         0x0000000010000000      0x100 /tmp/ccZ31yiX.o
                0x0000000010000100                __boot2_end__ = .
                0x0000000000000001                ASSERT (((__boot2_end__ - __boot2_start__) == 0x100), ERROR: Pico second stage bootloader must be 256 bytes in size)

.text           0x0000000010000100     0x90f8
                0x0000000010000100                __logical_binary_start = .
 *(.vectors)
 .vectors       0x0000000010000100       0xd4 CMakeFiles/pico_SDK_proj.dir/home/surya/pico/pico-sdk/src/rp2_common/pico_standard_link/crt0.S.obj
                0x0000000010000100                __vectors
                0x0000000010000100                __VECTOR_TABLE
                0x00000000100001c0                isr_invalid
                0x00000000100001c0                __default_isrs_start
                0x00000000100001c2                isr_nmi
                0x00000000100001c4                isr_hardfault
                0x00000000100001c6                isr_svcall
                0x00000000100001c8                isr_pendsv
                0x00000000100001ca                isr_systick
                0x00000000100001cc                isr_irq30
                0x00000000100001cc                __unhandled_user_irq
                0x00000000100001cc                isr_irq13
                0x00000000100001cc                isr_irq27
                0x00000000100001cc                isr_irq31
                0x00000000100001cc                isr_irq5
                0x00000000100001cc                isr_irq11
                0x00000000100001cc                isr_irq23
                0x00000000100001cc                isr_irq18
                0x00000000100001cc                isr_irq28
                0x00000000100001cc                isr_irq19
                0x00000000100001cc                isr_irq0
                0x00000000100001cc                isr_irq6
                0x00000000100001cc                isr_irq22
                0x00000000100001cc                isr_irq17
                0x00000000100001cc                isr_irq14
                0x00000000100001cc                isr_irq2
                0x00000000100001cc                isr_irq10
                0x00000000100001cc                isr_irq8
                0x00000000100001cc                isr_irq24
                0x00000000100001cc                isr_irq1
                0x00000000100001cc                isr_irq7
                0x00000000100001cc                isr_irq21
                0x00000000100001cc                isr_irq20
                0x00000000100001cc                isr_irq15
                0x00000000100001cc                isr_irq25
                0x00000000100001cc                isr_irq4
                0x00000000100001cc                isr_irq16
                0x00000000100001cc                isr_irq29
                0x00000000100001cc                isr_irq26
                0x00000000100001cc                __default_isrs_end
                0x00000000100001cc                isr_irq3
                0x00000000100001cc                isr_irq12
                0x00000000100001cc                isr_irq9
                0x00000000100001d2                unhandled_user_irq_num_in_r0
 *(.binary_info_header)
 .binary_info_header
                0x00000000100001d4       0x14 CMakeFiles/pico_SDK_proj.dir/home/surya/pico/pico-sdk/src/rp2_common/pico_standard_link/crt0.S.obj
                0x00000000100001e8                __binary_info_header_end = .
 *(.reset)
 .reset         0x00000000100001e8       0xa0 CMakeFiles/pico_SDK_proj.dir/home/surya/pico/pico-sdk/src/rp2_common/pico_standard_link/crt0.S.obj
                0x00000000100001e8                _entry_point
 .reset         0x0000000010000288       0x30 CMakeFiles/pico_SDK_proj.dir/home/surya/pico/pico-sdk/src/rp2_common/pico_standard_link/binary_info.c.obj
 *(.init)
 .init          0x00000000100002b8        0x4 /usr/lib/gcc/arm-none-eabi/9.2.1/thumb/v6-m/nofp/crti.o
                0x00000000100002b8                _init
 *(EXCLUDE_FILE(*libm.a: *libc.a:*lib_a-mem*.o *libgcc.a:) .text*)
 .text          0x00000000100002bc       0x98 /usr/lib/gcc/arm-none-eabi/9.2.1/thumb/v6-m/nofp/crtbegin.o
 .text.main     0x0000000010000354      0x118 CMakeFiles/pico_SDK_proj.dir/pico_SDK_proj.cpp.obj
                0x0000000010000354                main
 .text._ZN6WS2812D2Ev
                0x000000001000046c        0x2 CMakeFiles/pico_SDK_proj.dir/WS2812.cpp.obj
                0x000000001000046c                WS2812::~WS2812()
                0x000000001000046c                WS2812::~WS2812()
 *fill*         0x000000001000046e        0x2 
 .text._ZN6WS281210initializeEjjP8pio_hw_tjNS_8DataByteES2_S2_S2_
                0x0000000010000470      0x148 CMakeFiles/pico_SDK_proj.dir/WS2812.cpp.obj
                0x0000000010000470                WS2812::initialize(unsigned int, unsigned int, pio_hw_t*, unsigned int, WS2812::DataByte, WS2812::DataByte, WS2812::DataByte, WS2812::DataByte)
 .text._ZN6WS2812C2EjjP8pio_hw_tjNS_10DataFormatE
                0x00000000100005b8       0x6c CMakeFiles/pico_SDK_proj.dir/WS2812.cpp.obj
                0x00000000100005b8                WS2812::WS2812(unsigned int, unsigned int, pio_hw_t*, unsigned int, WS2812::DataFormat)
                0x00000000100005b8                WS2812::WS2812(unsigned int, unsigned int, pio_hw_t*, unsigned int, WS2812::DataFormat)
 .text._ZN6WS281211convertDataEm
                0x0000000010000624       0x4a CMakeFiles/pico_SDK_proj.dir/WS2812.cpp.obj
                0x0000000010000624                WS2812::convertData(unsigned long)
 .text._ZN6WS281213setPixelColorEjm
                0x000000001000066e       0x18 CMakeFiles/pico_SDK_proj.dir/WS2812.cpp.obj
                0x000000001000066e                WS2812::setPixelColor(unsigned int, unsigned long)
 .text._ZN6WS28124fillEmjj
                0x0000000010000686       0x26 CMakeFiles/pico_SDK_proj.dir/WS2812.cpp.obj
                0x0000000010000686                WS2812::fill(unsigned long, unsigned int, unsigned int)
 .text._ZN6WS28124fillEm
                0x00000000100006ac        0xc CMakeFiles/pico_SDK_proj.dir/WS2812.cpp.obj
                0x00000000100006ac                WS2812::fill(unsigned long)
 .text._ZN6WS28124fillEmj
                0x00000000100006b8        0xc CMakeFiles/pico_SDK_proj.dir/WS2812.cpp.obj
                0x00000000100006b8                WS2812::fill(unsigned long, unsigned int)
 .text._ZN6WS28124showEv
                0x00000000100006c4       0x30 CMakeFiles/pico_SDK_proj.dir/WS2812.cpp.obj
                0x00000000100006c4                WS2812::show()
 .text.gpio_set_function
                0x00000000100006f4       0x30 CMakeFiles/pico_SDK_proj.dir/home/surya/pico/pico-sdk/src/rp2_common/hardware_gpio/gpio.c.obj
                0x00000000100006f4                gpio_set_function
 .text.running_on_fpga
                0x0000000010000724       0x14 CMakeFiles/pico_SDK_proj.dir/home/surya/pico/pico-sdk/src/rp2_common/pico_platform/platform.c.obj
                0x0000000010000724                running_on_fpga
 .text.hw_claim_lock
                0x0000000010000738       0x18 CMakeFiles/pico_SDK_proj.dir/home/surya/pico/pico-sdk/src/rp2_common/hardware_claim/claim.c.obj
                0x0000000010000738                hw_claim_lock
 .text.hw_claim_unlock
                0x0000000010000750       0x14 CMakeFiles/pico_SDK_proj.dir/home/surya/pico/pico-sdk/src/rp2_common/hardware_claim/claim.c.obj
                0x0000000010000750                hw_claim_unlock
 .text.hw_claim_or_assert
                0x0000000010000764       0x32 CMakeFiles/pico_SDK_proj.dir/home/surya/pico/pico-sdk/src/rp2_common/hardware_claim/claim.c.obj
                0x0000000010000764                hw_claim_or_assert
 .text.hw_claim_unused_from_range
                0x0000000010000796       0x50 CMakeFiles/pico_SDK_proj.dir/home/surya/pico/pico-sdk/src/rp2_common/hardware_claim/claim.c.obj
                0x0000000010000796                hw_claim_unused_from_range
 *fill*         0x00000000100007e6        0x2 
 .text.spin_locks_reset
                0x00000000100007e8       0x20 CMakeFiles/pico_SDK_proj.dir/home/surya/pico/pico-sdk/src/rp2_common/hardware_sync/sync.c.obj
                0x00000000100007e8                spin_locks_reset
 .text.next_striped_spin_lock_num
                0x0000000010000808       0x1c CMakeFiles/pico_SDK_proj.dir/home/surya/pico/pico-sdk/src/rp2_common/hardware_sync/sync.c.obj
                0x0000000010000808                next_striped_spin_lock_num
 .text.spin_lock_claim_unused
                0x0000000010000824       0x20 CMakeFiles/pico_SDK_proj.dir/home/surya/pico/pico-sdk/src/rp2_common/hardware_sync/sync.c.obj
                0x0000000010000824                spin_lock_claim_unused
 .text.set_raw_irq_handler_and_unlock
                0x0000000010000844       0x28 CMakeFiles/pico_SDK_proj.dir/home/surya/pico/pico-sdk/src/rp2_common/hardware_irq/irq.c.obj
 .text.make_branch
                0x000000001000086c       0x48 CMakeFiles/pico_SDK_proj.dir/home/surya/pico/pico-sdk/src/rp2_common/hardware_irq/irq.c.obj
 .text.insert_branch_and_link
                0x00000000100008b4       0x40 CMakeFiles/pico_SDK_proj.dir/home/surya/pico/pico-sdk/src/rp2_common/hardware_irq/irq.c.obj
 .text.irq_is_enabled
                0x00000000100008f4       0x18 CMakeFiles/pico_SDK_proj.dir/home/surya/pico/pico-sdk/src/rp2_common/hardware_irq/irq.c.obj
                0x00000000100008f4                irq_is_enabled
 .text.irq_set_mask_enabled
                0x000000001000090c       0x20 CMakeFiles/pico_SDK_proj.dir/home/surya/pico/pico-sdk/src/rp2_common/hardware_irq/irq.c.obj
                0x000000001000090c                irq_set_mask_enabled
 .text.irq_set_enabled
                0x000000001000092c        0xe CMakeFiles/pico_SDK_proj.dir/home/surya/pico/pico-sdk/src/rp2_common/hardware_irq/irq.c.obj
                0x000000001000092c                irq_set_enabled
 *fill*         0x000000001000093a        0x2 
 .text.irq_set_pending
                0x000000001000093c       0x10 CMakeFiles/pico_SDK_proj.dir/home/surya/pico/pico-sdk/src/rp2_common/hardware_irq/irq.c.obj
                0x000000001000093c                irq_set_pending
 .text.irq_get_vtable_handler
                0x000000001000094c       0x10 CMakeFiles/pico_SDK_proj.dir/home/surya/pico/pico-sdk/src/rp2_common/hardware_irq/irq.c.obj
                0x000000001000094c                irq_get_vtable_handler
 .text.irq_has_shared_handler
                0x000000001000095c       0x24 CMakeFiles/pico_SDK_proj.dir/home/surya/pico/pico-sdk/src/rp2_common/hardware_irq/irq.c.obj
                0x000000001000095c                irq_has_shared_handler
 .text.irq_set_exclusive_handler
                0x0000000010000980       0x54 CMakeFiles/pico_SDK_proj.dir/home/surya/pico/pico-sdk/src/rp2_common/hardware_irq/irq.c.obj
                0x0000000010000980                irq_set_exclusive_handler
 .text.irq_add_shared_handler
                0x00000000100009d4      0x234 CMakeFiles/pico_SDK_proj.dir/home/surya/pico/pico-sdk/src/rp2_common/hardware_irq/irq.c.obj
                0x00000000100009d4                irq_add_shared_handler
 .text.irq_remove_handler
                0x0000000010000c08      0x1ac CMakeFiles/pico_SDK_proj.dir/home/surya/pico/pico-sdk/src/rp2_common/hardware_irq/irq.c.obj
                0x0000000010000c08                irq_remove_handler
 .text.irq_add_tail_to_free_list
                0x0000000010000db4       0xf0 CMakeFiles/pico_SDK_proj.dir/home/surya/pico/pico-sdk/src/rp2_common/hardware_irq/irq.c.obj
                0x0000000010000db4                irq_add_tail_to_free_list
 .text.irq_init_priorities
                0x0000000010000ea4       0x1c CMakeFiles/pico_SDK_proj.dir/home/surya/pico/pico-sdk/src/rp2_common/hardware_irq/irq.c.obj
                0x0000000010000ea4                irq_init_priorities
 .text.user_irq_claim_unused
                0x0000000010000ec0       0x28 CMakeFiles/pico_SDK_proj.dir/home/surya/pico/pico-sdk/src/rp2_common/hardware_irq/irq.c.obj
                0x0000000010000ec0                user_irq_claim_unused
 .text.lock_init
                0x0000000010000ee8       0x10 CMakeFiles/pico_SDK_proj.dir/home/surya/pico/pico-sdk/src/common/pico_sync/lock_core.c.obj
                0x0000000010000ee8                lock_init
 .text.mutex_init
                0x0000000010000ef8       0x1a CMakeFiles/pico_SDK_proj.dir/home/surya/pico/pico-sdk/src/common/pico_sync/mutex.c.obj
                0x0000000010000ef8                mutex_init
 .text.recursive_mutex_init
                0x0000000010000f12       0x1e CMakeFiles/pico_SDK_proj.dir/home/surya/pico/pico-sdk/src/common/pico_sync/mutex.c.obj
                0x0000000010000f12                recursive_mutex_init
 .text.critical_section_init_with_lock_num
                0x0000000010000f30       0x14 CMakeFiles/pico_SDK_proj.dir/home/surya/pico/pico-sdk/src/common/pico_sync/critical_section.c.obj
                0x0000000010000f30                critical_section_init_with_lock_num
 .text.critical_section_init
                0x0000000010000f44       0x14 CMakeFiles/pico_SDK_proj.dir/home/surya/pico/pico-sdk/src/common/pico_sync/critical_section.c.obj
                0x0000000010000f44                critical_section_init
 .text.alarm_pool_post_alloc_init
                0x0000000010000f58       0x40 CMakeFiles/pico_SDK_proj.dir/home/surya/pico/pico-sdk/src/common/pico_time/time.c.obj
 .text.sleep_until_callback
                0x0000000010000f98       0x30 CMakeFiles/pico_SDK_proj.dir/home/surya/pico/pico-sdk/src/common/pico_time/time.c.obj
 .text.timer_pool_entry_comparator
                0x0000000010000fc8       0x7c CMakeFiles/pico_SDK_proj.dir/home/surya/pico/pico-sdk/src/common/pico_time/time.c.obj
                0x0000000010000fc8                timer_pool_entry_comparator
 .text.ph_add_child_node
                0x0000000010001044       0xa4 CMakeFiles/pico_SDK_proj.dir/home/surya/pico/pico-sdk/src/common/pico_time/time.c.obj
 .text.ph_merge_nodes
                0x00000000100010e8       0x3e CMakeFiles/pico_SDK_proj.dir/home/surya/pico/pico-sdk/src/common/pico_time/time.c.obj
 *fill*         0x0000000010001126        0x2 
 .text.add_alarm_under_lock
                0x0000000010001128      0x174 CMakeFiles/pico_SDK_proj.dir/home/surya/pico/pico-sdk/src/common/pico_time/time.c.obj
 .text.alarm_pool_alarm_callback
                0x000000001000129c      0x33c CMakeFiles/pico_SDK_proj.dir/home/surya/pico/pico-sdk/src/common/pico_time/time.c.obj
 .text.alarm_pool_init_default
                0x00000000100015d8       0x40 CMakeFiles/pico_SDK_proj.dir/home/surya/pico/pico-sdk/src/common/pico_time/time.c.obj
                0x00000000100015d8                alarm_pool_init_default
 .text.alarm_pool_get_default
                0x0000000010001618       0x2c CMakeFiles/pico_SDK_proj.dir/home/surya/pico/pico-sdk/src/common/pico_time/time.c.obj
                0x0000000010001618                alarm_pool_get_default
 .text.alarm_pool_add_alarm_at
                0x0000000010001644      0x168 CMakeFiles/pico_SDK_proj.dir/home/surya/pico/pico-sdk/src/common/pico_time/time.c.obj
                0x0000000010001644                alarm_pool_add_alarm_at
 .text.alarm_pool_cancel_alarm
                0x00000000100017ac       0xf8 CMakeFiles/pico_SDK_proj.dir/home/surya/pico/pico-sdk/src/common/pico_time/time.c.obj
                0x00000000100017ac                alarm_pool_cancel_alarm
 .text.alarm_pool_core_num
                0x00000000100018a4        0x4 CMakeFiles/pico_SDK_proj.dir/home/surya/pico/pico-sdk/src/common/pico_time/time.c.obj
                0x00000000100018a4                alarm_pool_core_num
 .text.sleep_until
                0x00000000100018a8       0xfc CMakeFiles/pico_SDK_proj.dir/home/surya/pico/pico-sdk/src/common/pico_time/time.c.obj
                0x00000000100018a8                sleep_until
 .text.sleep_us
                0x00000000100019a4       0x58 CMakeFiles/pico_SDK_proj.dir/home/surya/pico/pico-sdk/src/common/pico_time/time.c.obj
                0x00000000100019a4                sleep_us
 .text.sleep_ms
                0x00000000100019fc       0x14 CMakeFiles/pico_SDK_proj.dir/home/surya/pico/pico-sdk/src/common/pico_time/time.c.obj
                0x00000000100019fc                sleep_ms
 .text.best_effort_wfe_or_timeout
                0x0000000010001a10       0xac CMakeFiles/pico_SDK_proj.dir/home/surya/pico/pico-sdk/src/common/pico_time/time.c.obj
                0x0000000010001a10                best_effort_wfe_or_timeout
 .text.hardware_alarm_irq_handler
                0x0000000010001abc       0x90 CMakeFiles/pico_SDK_proj.dir/home/surya/pico/pico-sdk/src/rp2_common/hardware_timer/timer.c.obj
 .text.hardware_alarm_claim
                0x0000000010001b4c       0x18 CMakeFiles/pico_SDK_proj.dir/home/surya/pico/pico-sdk/src/rp2_common/hardware_timer/timer.c.obj
                0x0000000010001b4c                hardware_alarm_claim
 .text.time_us_64
                0x0000000010001b64       0x18 CMakeFiles/pico_SDK_proj.dir/home/surya/pico/pico-sdk/src/rp2_common/hardware_timer/timer.c.obj
                0x0000000010001b64                time_us_64
 .text.busy_wait_until
                0x0000000010001b7c       0x24 CMakeFiles/pico_SDK_proj.dir/home/surya/pico/pico-sdk/src/rp2_common/hardware_timer/timer.c.obj
                0x0000000010001b7c                busy_wait_until
 .text.hardware_alarm_set_callback
                0x0000000010001ba0       0x90 CMakeFiles/pico_SDK_proj.dir/home/surya/pico/pico-sdk/src/rp2_common/hardware_timer/timer.c.obj
                0x0000000010001ba0                hardware_alarm_set_callback
 .text.hardware_alarm_set_target
                0x0000000010001c30       0xe8 CMakeFiles/pico_SDK_proj.dir/home/surya/pico/pico-sdk/src/rp2_common/hardware_timer/timer.c.obj
                0x0000000010001c30                hardware_alarm_set_target
 .text.hardware_alarm_cancel
                0x0000000010001d18       0x40 CMakeFiles/pico_SDK_proj.dir/home/surya/pico/pico-sdk/src/rp2_common/hardware_timer/timer.c.obj
                0x0000000010001d18                hardware_alarm_cancel
 .text.ph_add_child_node
                0x0000000010001d58       0xa4 CMakeFiles/pico_SDK_proj.dir/home/surya/pico/pico-sdk/src/common/pico_util/pheap.c.obj
 .text.ph_merge_nodes
                0x0000000010001dfc       0x3e CMakeFiles/pico_SDK_proj.dir/home/surya/pico/pico-sdk/src/common/pico_util/pheap.c.obj
 *fill*         0x0000000010001e3a        0x2 
 .text.ph_clear
                0x0000000010001e3c       0x70 CMakeFiles/pico_SDK_proj.dir/home/surya/pico/pico-sdk/src/common/pico_util/pheap.c.obj
                0x0000000010001e3c                ph_clear
 .text.ph_post_alloc_init
                0x0000000010001eac        0xe CMakeFiles/pico_SDK_proj.dir/home/surya/pico/pico-sdk/src/common/pico_util/pheap.c.obj
                0x0000000010001eac                ph_post_alloc_init
 *fill*         0x0000000010001eba        0x2 
 .text.ph_merge_two_pass
                0x0000000010001ebc       0xa8 CMakeFiles/pico_SDK_proj.dir/home/surya/pico/pico-sdk/src/common/pico_util/pheap.c.obj
                0x0000000010001ebc                ph_merge_two_pass
 .text.ph_remove_any_head
                0x0000000010001f64      0x128 CMakeFiles/pico_SDK_proj.dir/home/surya/pico/pico-sdk/src/common/pico_util/pheap.c.obj
 .text.ph_remove_head
                0x000000001000208c       0x14 CMakeFiles/pico_SDK_proj.dir/home/surya/pico/pico-sdk/src/common/pico_util/pheap.c.obj
                0x000000001000208c                ph_remove_head
 .text.ph_remove_and_free_node
                0x00000000100020a0       0xf8 CMakeFiles/pico_SDK_proj.dir/home/surya/pico/pico-sdk/src/common/pico_util/pheap.c.obj
                0x00000000100020a0                ph_remove_and_free_node
 .text.clock_configure
                0x0000000010002198      0x108 CMakeFiles/pico_SDK_proj.dir/home/surya/pico/pico-sdk/src/rp2_common/hardware_clocks/clocks.c.obj
                0x0000000010002198                clock_configure
 .text.clocks_init
                0x00000000100022a0      0x100 CMakeFiles/pico_SDK_proj.dir/home/surya/pico/pico-sdk/src/rp2_common/hardware_clocks/clocks.c.obj
                0x00000000100022a0                clocks_init
 .text.clock_get_hz
                0x00000000100023a0        0xc CMakeFiles/pico_SDK_proj.dir/home/surya/pico/pico-sdk/src/rp2_common/hardware_clocks/clocks.c.obj
                0x00000000100023a0                clock_get_hz
 .text.pll_init
                0x00000000100023ac      0x124 CMakeFiles/pico_SDK_proj.dir/home/surya/pico/pico-sdk/src/rp2_common/hardware_pll/pll.c.obj
                0x00000000100023ac                pll_init
 .text.watchdog_start_tick
                0x00000000100024d0       0x10 CMakeFiles/pico_SDK_proj.dir/home/surya/pico/pico-sdk/src/rp2_common/hardware_watchdog/watchdog.c.obj
                0x00000000100024d0                watchdog_start_tick
 .text.watchdog_update
                0x00000000100024e0       0x14 CMakeFiles/pico_SDK_proj.dir/home/surya/pico/pico-sdk/src/rp2_common/hardware_watchdog/watchdog.c.obj
                0x00000000100024e0                watchdog_update
 .text._watchdog_enable
                0x00000000100024f4       0x78 CMakeFiles/pico_SDK_proj.dir/home/surya/pico/pico-sdk/src/rp2_common/hardware_watchdog/watchdog.c.obj
                0x00000000100024f4                _watchdog_enable
 .text.watchdog_reboot
                0x000000001000256c       0x48 CMakeFiles/pico_SDK_proj.dir/home/surya/pico/pico-sdk/src/rp2_common/hardware_watchdog/watchdog.c.obj
                0x000000001000256c                watchdog_reboot
 .text.xosc_init
                0x00000000100025b4       0x28 CMakeFiles/pico_SDK_proj.dir/home/surya/pico/pico-sdk/src/rp2_common/hardware_xosc/xosc.c.obj
                0x00000000100025b4                xosc_init
 .text._exit    0x00000000100025dc        0x4 CMakeFiles/pico_SDK_proj.dir/home/surya/pico/pico-sdk/src/rp2_common/pico_runtime/runtime.c.obj
                0x00000000100025dc                _exit
 .text._sbrk    0x00000000100025e0       0x38 CMakeFiles/pico_SDK_proj.dir/home/surya/pico/pico-sdk/src/rp2_common/pico_runtime/runtime.c.obj
                0x00000000100025e0                _sbrk
 .text._getpid  0x0000000010002618        0x4 CMakeFiles/pico_SDK_proj.dir/home/surya/pico/pico-sdk/src/rp2_common/pico_runtime/runtime.c.obj
                0x0000000010002618                _getpid
 .text._kill    0x000000001000261c        0x6 CMakeFiles/pico_SDK_proj.dir/home/surya/pico/pico-sdk/src/rp2_common/pico_runtime/runtime.c.obj
                0x000000001000261c                _kill
 .text.exit     0x0000000010002622        0x6 CMakeFiles/pico_SDK_proj.dir/home/surya/pico/pico-sdk/src/rp2_common/pico_runtime/runtime.c.obj
                0x0000000010002622                exit
 .text.__assert_func
                0x0000000010002628       0x3c CMakeFiles/pico_SDK_proj.dir/home/surya/pico/pico-sdk/src/rp2_common/pico_runtime/runtime.c.obj
                0x0000000010002628                __assert_func
 .text.runtime_init
                0x0000000010002664       0xf8 CMakeFiles/pico_SDK_proj.dir/home/surya/pico/pico-sdk/src/rp2_common/pico_runtime/runtime.c.obj
                0x0000000010002664                runtime_init
 .text.panic    0x000000001000275c       0x30 CMakeFiles/pico_SDK_proj.dir/home/surya/pico/pico-sdk/src/rp2_common/pico_runtime/runtime.c.obj
                0x000000001000275c                panic
 .text._out_null
                0x000000001000278c        0x2 CMakeFiles/pico_SDK_proj.dir/home/surya/pico/pico-sdk/src/rp2_common/pico_printf/printf.c.obj
 .text._out_fct
                0x000000001000278e        0xe CMakeFiles/pico_SDK_proj.dir/home/surya/pico/pico-sdk/src/rp2_common/pico_printf/printf.c.obj
 .text._atoi    0x000000001000279c       0x24 CMakeFiles/pico_SDK_proj.dir/home/surya/pico/pico-sdk/src/rp2_common/pico_printf/printf.c.obj
 .text._out_rev
                0x00000000100027c0       0xae CMakeFiles/pico_SDK_proj.dir/home/surya/pico/pico-sdk/src/rp2_common/pico_printf/printf.c.obj
 .text._ntoa_format
                0x000000001000286e      0x110 CMakeFiles/pico_SDK_proj.dir/home/surya/pico/pico-sdk/src/rp2_common/pico_printf/printf.c.obj
 .text._ntoa_long
                0x000000001000297e       0xbc CMakeFiles/pico_SDK_proj.dir/home/surya/pico/pico-sdk/src/rp2_common/pico_printf/printf.c.obj
 .text._ntoa_long_long
                0x0000000010002a3a       0xe2 CMakeFiles/pico_SDK_proj.dir/home/surya/pico/pico-sdk/src/rp2_common/pico_printf/printf.c.obj
 .text._etoa    0x0000000010002b1c      0x40c CMakeFiles/pico_SDK_proj.dir/home/surya/pico/pico-sdk/src/rp2_common/pico_printf/printf.c.obj
 .text._ftoa    0x0000000010002f28      0x354 CMakeFiles/pico_SDK_proj.dir/home/surya/pico/pico-sdk/src/rp2_common/pico_printf/printf.c.obj
 .text._vsnprintf
                0x000000001000327c      0x628 CMakeFiles/pico_SDK_proj.dir/home/surya/pico/pico-sdk/src/rp2_common/pico_printf/printf.c.obj
 .text.vfctprintf
                0x00000000100038a4       0x20 CMakeFiles/pico_SDK_proj.dir/home/surya/pico/pico-sdk/src/rp2_common/pico_printf/printf.c.obj
                0x00000000100038a4                vfctprintf
 .text          0x00000000100038c4       0x10 CMakeFiles/pico_SDK_proj.dir/home/surya/pico/pico-sdk/src/rp2_common/pico_bit_ops/bit_ops_aeabi.S.obj
 .text.rom_func_lookup
                0x00000000100038d4       0x10 CMakeFiles/pico_SDK_proj.dir/home/surya/pico/pico-sdk/src/rp2_common/pico_bootrom/bootrom.c.obj
                0x00000000100038d4                rom_func_lookup
 .text.rom_data_lookup
                0x00000000100038e4       0x10 CMakeFiles/pico_SDK_proj.dir/home/surya/pico/pico-sdk/src/rp2_common/pico_bootrom/bootrom.c.obj
                0x00000000100038e4                rom_data_lookup
 .text.rom_funcs_lookup
                0x00000000100038f4       0x36 CMakeFiles/pico_SDK_proj.dir/home/surya/pico/pico-sdk/src/rp2_common/pico_bootrom/bootrom.c.obj
                0x00000000100038f4                rom_funcs_lookup
 *fill*         0x000000001000392a        0x2 
 .text.__wrap___aeabi_idiv
                0x000000001000392c       0x50 CMakeFiles/pico_SDK_proj.dir/home/surya/pico/pico-sdk/src/rp2_common/pico_divider/divider.S.obj
                0x000000001000392c                __wrap___aeabi_idivmod
                0x000000001000392c                divmod_s32s32
                0x000000001000392c                div_s32s32
                0x000000001000392c                __wrap___aeabi_idiv
                0x0000000010003934                divmod_s32s32_unsafe
                0x0000000010003960                divmod_s32s32_savestate
 .text.__wrap___aeabi_uidiv
                0x000000001000397c       0x4c CMakeFiles/pico_SDK_proj.dir/home/surya/pico/pico-sdk/src/rp2_common/pico_divider/divider.S.obj
                0x000000001000397c                __wrap___aeabi_uidiv
                0x000000001000397c                __wrap___aeabi_uidivmod
                0x000000001000397c                div_u32u32
                0x000000001000397c                divmod_u32u32
                0x0000000010003984                divmod_u32u32_unsafe
                0x00000000100039ac                divmod_u32u32_savestate
 .text.__wrap___aeabi_ldiv
                0x00000000100039c8      0x424 CMakeFiles/pico_SDK_proj.dir/home/surya/pico/pico-sdk/src/rp2_common/pico_divider/divider.S.obj
                0x00000000100039c8                div_s64s64
                0x00000000100039c8                divmod_s64s64
                0x00000000100039c8                __wrap___aeabi_ldivmod
                0x00000000100039f8                div_u64u64
                0x00000000100039f8                divmod_u64u64
                0x00000000100039f8                __wrap___aeabi_uldivmod
                0x0000000010003a08                divmod_u64u64_savestate
                0x0000000010003a28                divmod_s64s64_unsafe
                0x0000000010003ab0                divmod_u64u64_unsafe
 .text.__wrap___aeabi_darithmetic
                0x0000000010003dec       0x80 CMakeFiles/pico_SDK_proj.dir/home/surya/pico/pico-sdk/src/rp2_common/pico_double/double_aeabi.S.obj
                0x0000000010003dec                __wrap___aeabi_drsub
                0x0000000010003df2                __wrap___aeabi_dsub
                0x0000000010003e04                __wrap___aeabi_dadd
                0x0000000010003e16                __wrap___aeabi_ddiv
                0x0000000010003e52                __wrap___aeabi_dmul
 .text.__wrap___aeabi_cdcmple
                0x0000000010003e6c       0x6c CMakeFiles/pico_SDK_proj.dir/home/surya/pico/pico-sdk/src/rp2_common/pico_double/double_aeabi.S.obj
                0x0000000010003e6c                __wrap___aeabi_cdrcmple
                0x0000000010003e7c                __wrap___aeabi_cdcmple
                0x0000000010003e7c                __wrap___aeabi_cdcmpeq
 .text.__wrap___aeabi_dcmplt
                0x0000000010003ed8        0xc CMakeFiles/pico_SDK_proj.dir/home/surya/pico/pico-sdk/src/rp2_common/pico_double/double_aeabi.S.obj
                0x0000000010003ed8                __wrap___aeabi_dcmplt
 .text.__wrap___aeabi_dcmple
                0x0000000010003ee4       0x10 CMakeFiles/pico_SDK_proj.dir/home/surya/pico/pico-sdk/src/rp2_common/pico_double/double_aeabi.S.obj
                0x0000000010003ee4                __wrap___aeabi_dcmple
 .text.__wrap___aeabi_dcmpge
                0x0000000010003ef4       0x10 CMakeFiles/pico_SDK_proj.dir/home/surya/pico/pico-sdk/src/rp2_common/pico_double/double_aeabi.S.obj
                0x0000000010003ef4                __wrap___aeabi_dcmpge
 .text.__wrap___aeabi_dcmpgt
                0x0000000010003f04        0xa CMakeFiles/pico_SDK_proj.dir/home/surya/pico/pico-sdk/src/rp2_common/pico_double/double_aeabi.S.obj
                0x0000000010003f04                __wrap___aeabi_dcmpgt
 .text.__wrap___aeabi_dcmpun
                0x0000000010003f0e       0x1c CMakeFiles/pico_SDK_proj.dir/home/surya/pico/pico-sdk/src/rp2_common/pico_double/double_aeabi.S.obj
                0x0000000010003f0e                __wrap___aeabi_dcmpun
 *fill*         0x0000000010003f2a        0x2 
 .text.__wrap___aeabi_i2d
                0x0000000010003f2c       0x38 CMakeFiles/pico_SDK_proj.dir/home/surya/pico/pico-sdk/src/rp2_common/pico_double/double_aeabi.S.obj
                0x0000000010003f2c                __wrap___aeabi_ui2d
                0x0000000010003f34                __wrap___aeabi_i2d
 .text.__wrap___aeabi_d2iz
                0x0000000010003f64       0x48 CMakeFiles/pico_SDK_proj.dir/home/surya/pico/pico-sdk/src/rp2_common/pico_double/double_aeabi.S.obj
                0x0000000010003f64                __wrap___aeabi_d2iz
                0x0000000010003f64                double2int_z
 .text.__wrap___aeabi_d2uiz
                0x0000000010003fac       0x18 CMakeFiles/pico_SDK_proj.dir/home/surya/pico/pico-sdk/src/rp2_common/pico_double/double_aeabi.S.obj
                0x0000000010003fac                double2uint
                0x0000000010003fac                __wrap___aeabi_d2uiz
 .text.__aeabi_double_init
                0x0000000010003fc4       0xc8 CMakeFiles/pico_SDK_proj.dir/home/surya/pico/pico-sdk/src/rp2_common/pico_double/double_init_rom.c.obj
                0x0000000010003fc4                __aeabi_double_init
 .text.double_table_shim_on_use_helper
                0x000000001000408c       0x34 CMakeFiles/pico_SDK_proj.dir/home/surya/pico/pico-sdk/src/rp2_common/pico_double/double_v1_rom_shim.S.obj
                0x000000001000408c                double_table_shim_on_use_helper
 .text.__wrap___aeabi_dsub
                0x00000000100040c0       0x10 CMakeFiles/pico_SDK_proj.dir/home/surya/pico/pico-sdk/src/rp2_common/pico_double/double_v1_rom_shim.S.obj
                0x00000000100040c0                drsub_shim
                0x00000000100040c6                dsub_shim
 .text.dadd_shim
                0x00000000100040d0      0x15c CMakeFiles/pico_SDK_proj.dir/home/surya/pico/pico-sdk/src/rp2_common/pico_double/double_v1_rom_shim.S.obj
                0x00000000100040d0                dadd_shim
 .text.dmul_shim
                0x000000001000422c      0x15c CMakeFiles/pico_SDK_proj.dir/home/surya/pico/pico-sdk/src/rp2_common/pico_double/double_v1_rom_shim.S.obj
                0x000000001000422c                dmul_shim
 .text.ddiv_shim
                0x0000000010004388      0x1b0 CMakeFiles/pico_SDK_proj.dir/home/surya/pico/pico-sdk/src/rp2_common/pico_double/double_v1_rom_shim.S.obj
                0x0000000010004388                ddiv_shim
 .text.double2uint_shim
                0x0000000010004538        0xe CMakeFiles/pico_SDK_proj.dir/home/surya/pico/pico-sdk/src/rp2_common/pico_double/double_v1_rom_shim.S.obj
                0x0000000010004538                double2uint_shim
                0x000000001000453a                double2ufix_shim
 *fill*         0x0000000010004546        0x2 
 .text.double2uint64_shim
                0x0000000010004548       0x70 CMakeFiles/pico_SDK_proj.dir/home/surya/pico/pico-sdk/src/rp2_common/pico_double/double_v1_rom_shim.S.obj
                0x0000000010004548                double2uint64_shim
                0x000000001000454a                double2ufix64_shim
                0x000000001000456a                d2fix_a
 .text.dunpacks
                0x00000000100045b8       0x3c CMakeFiles/pico_SDK_proj.dir/home/surya/pico/pico-sdk/src/rp2_common/pico_double/double_v1_rom_shim.S.obj
                0x00000000100045b8                dunpacks
 .text.__aeabi_lmul
                0x00000000100045f4       0x32 CMakeFiles/pico_SDK_proj.dir/home/surya/pico/pico-sdk/src/rp2_common/pico_int64_ops/pico_int64_ops_aeabi.S.obj
                0x00000000100045f4                __wrap___aeabi_lmul
 *fill*         0x0000000010004626        0x2 
 .text.__wrap___aeabi_farithmetic
                0x0000000010004628       0x58 CMakeFiles/pico_SDK_proj.dir/home/surya/pico/pico-sdk/src/rp2_common/pico_float/float_aeabi.S.obj
                0x0000000010004628                __wrap___aeabi_frsub
                0x000000001000462e                __wrap___aeabi_fsub
                0x0000000010004638                __wrap___aeabi_fadd
                0x0000000010004642                __wrap___aeabi_fdiv
                0x000000001000466e                __wrap___aeabi_fmul
 .text.__wrap___aeabi_ui2f
                0x0000000010004680        0xa CMakeFiles/pico_SDK_proj.dir/home/surya/pico/pico-sdk/src/rp2_common/pico_float/float_aeabi.S.obj
                0x0000000010004680                __wrap___aeabi_ui2f
 *fill*         0x000000001000468a        0x2 
 .text.__wrap___aeabi_i2f
                0x000000001000468c       0x44 CMakeFiles/pico_SDK_proj.dir/home/surya/pico/pico-sdk/src/rp2_common/pico_float/float_aeabi.S.obj
                0x000000001000468c                __wrap___aeabi_i2f
 .text.__wrap___aeabi_f2uiz
                0x00000000100046d0       0x10 CMakeFiles/pico_SDK_proj.dir/home/surya/pico/pico-sdk/src/rp2_common/pico_float/float_aeabi.S.obj
                0x00000000100046d0                __wrap___aeabi_f2uiz
 .text.__aeabi_float_init
                0x00000000100046e0       0xfc CMakeFiles/pico_SDK_proj.dir/home/surya/pico/pico-sdk/src/rp2_common/pico_float/float_init_rom.c.obj
                0x00000000100046e0                __aeabi_float_init
 .text.float_table_shim_on_use_helper
                0x00000000100047dc       0x34 CMakeFiles/pico_SDK_proj.dir/home/surya/pico/pico-sdk/src/rp2_common/pico_float/float_v1_rom_shim.S.obj
                0x00000000100047dc                float_table_shim_on_use_helper
 .text.__wrap_malloc
                0x0000000010004810       0x24 CMakeFiles/pico_SDK_proj.dir/home/surya/pico/pico-sdk/src/rp2_common/pico_malloc/pico_malloc.c.obj
                0x0000000010004810                __wrap_malloc
 .text.__wrap_free
                0x0000000010004834        0x8 CMakeFiles/pico_SDK_proj.dir/home/surya/pico/pico-sdk/src/rp2_common/pico_malloc/pico_malloc.c.obj
                0x0000000010004834                __wrap_free
 .text          0x000000001000483c       0x10 CMakeFiles/pico_SDK_proj.dir/home/surya/pico/pico-sdk/src/rp2_common/pico_mem_ops/mem_ops_aeabi.S.obj
                0x000000001000483c                __aeabi_mem_init
 .text.memset   0x000000001000484c        0xc CMakeFiles/pico_SDK_proj.dir/home/surya/pico/pico-sdk/src/rp2_common/pico_mem_ops/mem_ops_aeabi.S.obj
                0x000000001000484c                __wrap_memset
 .text.memcpy   0x0000000010004858        0xc CMakeFiles/pico_SDK_proj.dir/home/surya/pico/pico-sdk/src/rp2_common/pico_mem_ops/mem_ops_aeabi.S.obj
                0x0000000010004858                __wrap___aeabi_memcpy
                0x0000000010004858                __wrap_memcpy
 .text.stdio_out_chars_no_crlf
                0x0000000010004864        0xe CMakeFiles/pico_SDK_proj.dir/home/surya/pico/pico-sdk/src/rp2_common/pico_stdio/stdio.c.obj
 *fill*         0x0000000010004872        0x2 
 .text.stdio_out_chars_crlf
                0x0000000010004874       0x80 CMakeFiles/pico_SDK_proj.dir/home/surya/pico/pico-sdk/src/rp2_common/pico_stdio/stdio.c.obj
 .text.stdio_stack_buffer_flush
                0x00000000100048f4       0x44 CMakeFiles/pico_SDK_proj.dir/home/surya/pico/pico-sdk/src/rp2_common/pico_stdio/stdio.c.obj
 .text.stdio_buffered_printer
                0x0000000010004938       0x20 CMakeFiles/pico_SDK_proj.dir/home/surya/pico/pico-sdk/src/rp2_common/pico_stdio/stdio.c.obj
 .text.stdout_serialize_begin
                0x0000000010004958       0x5c CMakeFiles/pico_SDK_proj.dir/home/surya/pico/pico-sdk/src/rp2_common/pico_stdio/stdio.c.obj
                0x0000000010004958                stdout_serialize_begin
 .text.stdout_serialize_end
                0x00000000100049b4       0x10 CMakeFiles/pico_SDK_proj.dir/home/surya/pico/pico-sdk/src/rp2_common/pico_stdio/stdio.c.obj
                0x00000000100049b4                stdout_serialize_end
 .text.stdio_put_string
                0x00000000100049c4       0x98 CMakeFiles/pico_SDK_proj.dir/home/surya/pico/pico-sdk/src/rp2_common/pico_stdio/stdio.c.obj
 .text.__wrap_putchar
                0x0000000010004a5c       0x1c CMakeFiles/pico_SDK_proj.dir/home/surya/pico/pico-sdk/src/rp2_common/pico_stdio/stdio.c.obj
                0x0000000010004a5c                __wrap_putchar
 .text.stdio_set_driver_enabled
                0x0000000010004a78       0x2c CMakeFiles/pico_SDK_proj.dir/home/surya/pico/pico-sdk/src/rp2_common/pico_stdio/stdio.c.obj
                0x0000000010004a78                stdio_set_driver_enabled
 .text.stdio_flush
                0x0000000010004aa4       0x20 CMakeFiles/pico_SDK_proj.dir/home/surya/pico/pico-sdk/src/rp2_common/pico_stdio/stdio.c.obj
                0x0000000010004aa4                stdio_flush
 .text.__wrap_puts
                0x0000000010004ac4       0x1e CMakeFiles/pico_SDK_proj.dir/home/surya/pico/pico-sdk/src/rp2_common/pico_stdio/stdio.c.obj
                0x0000000010004ac4                __wrap_puts
 *fill*         0x0000000010004ae2        0x2 
 .text.__wrap_vprintf
                0x0000000010004ae4       0x40 CMakeFiles/pico_SDK_proj.dir/home/surya/pico/pico-sdk/src/rp2_common/pico_stdio/stdio.c.obj
                0x0000000010004ae4                __wrap_vprintf
 .text.__wrap_printf
                0x0000000010004b24       0x18 CMakeFiles/pico_SDK_proj.dir/home/surya/pico/pico-sdk/src/rp2_common/pico_stdio/stdio.c.obj
                0x0000000010004b24                __wrap_printf
 .text.stdio_init_all
                0x0000000010004b3c        0x8 CMakeFiles/pico_SDK_proj.dir/home/surya/pico/pico-sdk/src/rp2_common/pico_stdio/stdio.c.obj
                0x0000000010004b3c                stdio_init_all
 .text.resetd_init
                0x0000000010004b44        0x2 CMakeFiles/pico_SDK_proj.dir/home/surya/pico/pico-sdk/src/rp2_common/pico_stdio_usb/reset_interface.c.obj
 *fill*         0x0000000010004b46        0x2 
 .text.resetd_reset
                0x0000000010004b48        0xc CMakeFiles/pico_SDK_proj.dir/home/surya/pico/pico-sdk/src/rp2_common/pico_stdio_usb/reset_interface.c.obj
 .text.resetd_open
                0x0000000010004b54       0x34 CMakeFiles/pico_SDK_proj.dir/home/surya/pico/pico-sdk/src/rp2_common/pico_stdio_usb/reset_interface.c.obj
 .text.resetd_xfer_cb
                0x0000000010004b88        0x4 CMakeFiles/pico_SDK_proj.dir/home/surya/pico/pico-sdk/src/rp2_common/pico_stdio_usb/reset_interface.c.obj
 .text.resetd_control_xfer_cb
                0x0000000010004b8c       0x6c CMakeFiles/pico_SDK_proj.dir/home/surya/pico/pico-sdk/src/rp2_common/pico_stdio_usb/reset_interface.c.obj
 .text.usbd_app_driver_get_cb
                0x0000000010004bf8        0xc CMakeFiles/pico_SDK_proj.dir/home/surya/pico/pico-sdk/src/rp2_common/pico_stdio_usb/reset_interface.c.obj
                0x0000000010004bf8                usbd_app_driver_get_cb
 .text.tud_cdc_line_coding_cb
                0x0000000010004c04       0x34 CMakeFiles/pico_SDK_proj.dir/home/surya/pico/pico-sdk/src/rp2_common/pico_stdio_usb/reset_interface.c.obj
                0x0000000010004c04                tud_cdc_line_coding_cb
 .text.stdio_usb_set_chars_available_callback
                0x0000000010004c38       0x14 CMakeFiles/pico_SDK_proj.dir/home/surya/pico/pico-sdk/src/rp2_common/pico_stdio_usb/stdio_usb.c.obj
                0x0000000010004c38                stdio_usb_set_chars_available_callback
 .text.usb_irq  0x0000000010004c4c       0x10 CMakeFiles/pico_SDK_proj.dir/home/surya/pico/pico-sdk/src/rp2_common/pico_stdio_usb/stdio_usb.c.obj
 .text.timer_task
                0x0000000010004c5c       0x58 CMakeFiles/pico_SDK_proj.dir/home/surya/pico/pico-sdk/src/rp2_common/pico_stdio_usb/stdio_usb.c.obj
 .text.low_priority_worker_irq
                0x0000000010004cb4       0xd8 CMakeFiles/pico_SDK_proj.dir/home/surya/pico/pico-sdk/src/rp2_common/pico_stdio_usb/stdio_usb.c.obj
 .text.tud_cdc_rx_cb
                0x0000000010004d8c       0x20 CMakeFiles/pico_SDK_proj.dir/home/surya/pico/pico-sdk/src/rp2_common/pico_stdio_usb/stdio_usb.c.obj
                0x0000000010004d8c                tud_cdc_rx_cb
 .text.stdio_usb_init
                0x0000000010004dac      0x11c CMakeFiles/pico_SDK_proj.dir/home/surya/pico/pico-sdk/src/rp2_common/pico_stdio_usb/stdio_usb.c.obj
                0x0000000010004dac                stdio_usb_init
 .text.stdio_usb_connected
                0x0000000010004ec8        0xa CMakeFiles/pico_SDK_proj.dir/home/surya/pico/pico-sdk/src/rp2_common/pico_stdio_usb/stdio_usb.c.obj
                0x0000000010004ec8                stdio_usb_connected
 *fill*         0x0000000010004ed2        0x2 
 .text.stdio_usb_in_chars
                0x0000000010004ed4       0xc4 CMakeFiles/pico_SDK_proj.dir/home/surya/pico/pico-sdk/src/rp2_common/pico_stdio_usb/stdio_usb.c.obj
                0x0000000010004ed4                stdio_usb_in_chars
 .text.stdio_usb_out_chars
                0x0000000010004f98      0x114 CMakeFiles/pico_SDK_proj.dir/home/surya/pico/pico-sdk/src/rp2_common/pico_stdio_usb/stdio_usb.c.obj
 .text.tud_descriptor_device_cb
                0x00000000100050ac        0x8 CMakeFiles/pico_SDK_proj.dir/home/surya/pico/pico-sdk/src/rp2_common/pico_stdio_usb/stdio_usb_descriptors.c.obj
                0x00000000100050ac                tud_descriptor_device_cb
 .text.tud_descriptor_configuration_cb
                0x00000000100050b4        0x8 CMakeFiles/pico_SDK_proj.dir/home/surya/pico/pico-sdk/src/rp2_common/pico_stdio_usb/stdio_usb_descriptors.c.obj
                0x00000000100050b4                tud_descriptor_configuration_cb
 .text.tud_descriptor_string_cb
                0x00000000100050bc       0x6c CMakeFiles/pico_SDK_proj.dir/home/surya/pico/pico-sdk/src/rp2_common/pico_stdio_usb/stdio_usb_descriptors.c.obj
                0x00000000100050bc                tud_descriptor_string_cb
 .text._retrieve_unique_id_on_boot
                0x0000000010005128       0x10 CMakeFiles/pico_SDK_proj.dir/home/surya/pico/pico-sdk/src/rp2_common/pico_unique_id/unique_id.c.obj
 .text.pico_get_unique_board_id_string
                0x0000000010005138       0x60 CMakeFiles/pico_SDK_proj.dir/home/surya/pico/pico-sdk/src/rp2_common/pico_unique_id/unique_id.c.obj
                0x0000000010005138                pico_get_unique_board_id_string
 .text.flash_get_unique_id
                0x0000000010005198       0x46 CMakeFiles/pico_SDK_proj.dir/home/surya/pico/pico-sdk/src/rp2_common/hardware_flash/flash.c.obj
                0x0000000010005198                flash_get_unique_id
 *fill*         0x00000000100051de        0x2 
 .text.hw_endpoint_get_by_addr
                0x00000000100051e0       0x18 CMakeFiles/pico_SDK_proj.dir/home/surya/pico/pico-sdk/lib/tinyusb/src/portable/raspberrypi/rp2040/dcd_rp2040.c.obj
 .text._hw_endpoint_alloc
                0x00000000100051f8       0x70 CMakeFiles/pico_SDK_proj.dir/home/surya/pico/pico-sdk/lib/tinyusb/src/portable/raspberrypi/rp2040/dcd_rp2040.c.obj
 .text.hw_endpoint_init
                0x0000000010005268       0x88 CMakeFiles/pico_SDK_proj.dir/home/surya/pico/pico-sdk/lib/tinyusb/src/portable/raspberrypi/rp2040/dcd_rp2040.c.obj
 .text.hw_endpoint_xfer
                0x00000000100052f0       0x14 CMakeFiles/pico_SDK_proj.dir/home/surya/pico/pico-sdk/lib/tinyusb/src/portable/raspberrypi/rp2040/dcd_rp2040.c.obj
 .text.dcd_int_enable
                0x0000000010005304       0x2c CMakeFiles/pico_SDK_proj.dir/home/surya/pico/pico-sdk/lib/tinyusb/src/portable/raspberrypi/rp2040/dcd_rp2040.c.obj
                0x0000000010005304                dcd_int_enable
 .text.dcd_set_address
                0x0000000010005330       0x2c CMakeFiles/pico_SDK_proj.dir/home/surya/pico/pico-sdk/lib/tinyusb/src/portable/raspberrypi/rp2040/dcd_rp2040.c.obj
                0x0000000010005330                dcd_set_address
 .text.dcd_connect
                0x000000001000535c       0x10 CMakeFiles/pico_SDK_proj.dir/home/surya/pico/pico-sdk/lib/tinyusb/src/portable/raspberrypi/rp2040/dcd_rp2040.c.obj
                0x000000001000535c                dcd_connect
 .text.dcd_init
                0x000000001000536c       0x80 CMakeFiles/pico_SDK_proj.dir/home/surya/pico/pico-sdk/lib/tinyusb/src/portable/raspberrypi/rp2040/dcd_rp2040.c.obj
                0x000000001000536c                dcd_init
 .text.dcd_edpt0_status_complete
                0x00000000100053ec       0x1c CMakeFiles/pico_SDK_proj.dir/home/surya/pico/pico-sdk/lib/tinyusb/src/portable/raspberrypi/rp2040/dcd_rp2040.c.obj
                0x00000000100053ec                dcd_edpt0_status_complete
 .text.dcd_edpt_open
                0x0000000010005408       0x40 CMakeFiles/pico_SDK_proj.dir/home/surya/pico/pico-sdk/lib/tinyusb/src/portable/raspberrypi/rp2040/dcd_rp2040.c.obj
                0x0000000010005408                dcd_edpt_open
 .text.dcd_edpt_close_all
                0x0000000010005448        0x8 CMakeFiles/pico_SDK_proj.dir/home/surya/pico/pico-sdk/lib/tinyusb/src/portable/raspberrypi/rp2040/dcd_rp2040.c.obj
                0x0000000010005448                dcd_edpt_close_all
 .text.dcd_edpt_xfer
                0x0000000010005450       0x34 CMakeFiles/pico_SDK_proj.dir/home/surya/pico/pico-sdk/lib/tinyusb/src/portable/raspberrypi/rp2040/dcd_rp2040.c.obj
                0x0000000010005450                dcd_edpt_xfer
 .text.dcd_edpt_stall
                0x0000000010005484       0x2c CMakeFiles/pico_SDK_proj.dir/home/surya/pico/pico-sdk/lib/tinyusb/src/portable/raspberrypi/rp2040/dcd_rp2040.c.obj
                0x0000000010005484                dcd_edpt_stall
 .text.dcd_edpt_clear_stall
                0x00000000100054b0       0x20 CMakeFiles/pico_SDK_proj.dir/home/surya/pico/pico-sdk/lib/tinyusb/src/portable/raspberrypi/rp2040/dcd_rp2040.c.obj
                0x00000000100054b0                dcd_edpt_clear_stall
 .text.rp2040_usb_init
                0x00000000100054d0       0x4c CMakeFiles/pico_SDK_proj.dir/home/surya/pico/pico-sdk/lib/tinyusb/src/portable/raspberrypi/rp2040/rp2040_usb.c.obj
                0x00000000100054d0                rp2040_usb_init
 .text.hw_endpoint_xfer_start
                0x000000001000551c       0x50 CMakeFiles/pico_SDK_proj.dir/home/surya/pico/pico-sdk/lib/tinyusb/src/portable/raspberrypi/rp2040/rp2040_usb.c.obj
                0x000000001000551c                hw_endpoint_xfer_start
 .text.configuration_reset
                0x000000001000556c       0x84 CMakeFiles/pico_SDK_proj.dir/home/surya/pico/pico-sdk/lib/tinyusb/src/device/usbd.c.obj
 .text.usbd_reset
                0x00000000100055f0        0xc CMakeFiles/pico_SDK_proj.dir/home/surya/pico/pico-sdk/lib/tinyusb/src/device/usbd.c.obj
 .text.invoke_class_control
                0x00000000100055fc       0x1a CMakeFiles/pico_SDK_proj.dir/home/surya/pico/pico-sdk/lib/tinyusb/src/device/usbd.c.obj
 *fill*         0x0000000010005616        0x2 
 .text.process_set_config
                0x0000000010005618      0x174 CMakeFiles/pico_SDK_proj.dir/home/surya/pico/pico-sdk/lib/tinyusb/src/device/usbd.c.obj
 .text.process_get_descriptor
                0x000000001000578c       0xdc CMakeFiles/pico_SDK_proj.dir/home/surya/pico/pico-sdk/lib/tinyusb/src/device/usbd.c.obj
 .text.tud_mounted
                0x0000000010005868       0x10 CMakeFiles/pico_SDK_proj.dir/home/surya/pico/pico-sdk/lib/tinyusb/src/device/usbd.c.obj
                0x0000000010005868                tud_mounted
 .text.tud_suspended
                0x0000000010005878       0x10 CMakeFiles/pico_SDK_proj.dir/home/surya/pico/pico-sdk/lib/tinyusb/src/device/usbd.c.obj
                0x0000000010005878                tud_suspended
 .text.tud_inited
                0x0000000010005888       0x14 CMakeFiles/pico_SDK_proj.dir/home/surya/pico/pico-sdk/lib/tinyusb/src/device/usbd.c.obj
                0x0000000010005888                tud_inited
 .text.tud_init
                0x000000001000589c       0xcc CMakeFiles/pico_SDK_proj.dir/home/surya/pico/pico-sdk/lib/tinyusb/src/device/usbd.c.obj
                0x000000001000589c                tud_init
 .text.usbd_defer_func
                0x0000000010005968       0x1e CMakeFiles/pico_SDK_proj.dir/home/surya/pico/pico-sdk/lib/tinyusb/src/device/usbd.c.obj
                0x0000000010005968                usbd_defer_func
 *fill*         0x0000000010005986        0x2 
 .text.usbd_edpt_open
                0x0000000010005988       0x34 CMakeFiles/pico_SDK_proj.dir/home/surya/pico/pico-sdk/lib/tinyusb/src/device/usbd.c.obj
                0x0000000010005988                usbd_edpt_open
 .text.usbd_open_edpt_pair
                0x00000000100059bc       0x62 CMakeFiles/pico_SDK_proj.dir/home/surya/pico/pico-sdk/lib/tinyusb/src/device/usbd.c.obj
                0x00000000100059bc                usbd_open_edpt_pair
 *fill*         0x0000000010005a1e        0x2 
 .text.usbd_edpt_claim
                0x0000000010005a20       0x28 CMakeFiles/pico_SDK_proj.dir/home/surya/pico/pico-sdk/lib/tinyusb/src/device/usbd.c.obj
                0x0000000010005a20                usbd_edpt_claim
 .text.usbd_edpt_release
                0x0000000010005a48       0x28 CMakeFiles/pico_SDK_proj.dir/home/surya/pico/pico-sdk/lib/tinyusb/src/device/usbd.c.obj
                0x0000000010005a48                usbd_edpt_release
 .text.usbd_edpt_xfer
                0x0000000010005a70       0x78 CMakeFiles/pico_SDK_proj.dir/home/surya/pico/pico-sdk/lib/tinyusb/src/device/usbd.c.obj
                0x0000000010005a70                usbd_edpt_xfer
 .text.usbd_edpt_stall
                0x0000000010005ae8       0x48 CMakeFiles/pico_SDK_proj.dir/home/surya/pico/pico-sdk/lib/tinyusb/src/device/usbd.c.obj
                0x0000000010005ae8                usbd_edpt_stall
 .text.usbd_edpt_clear_stall
                0x0000000010005b30       0x48 CMakeFiles/pico_SDK_proj.dir/home/surya/pico/pico-sdk/lib/tinyusb/src/device/usbd.c.obj
                0x0000000010005b30                usbd_edpt_clear_stall
 .text.usbd_edpt_stalled
                0x0000000010005b78       0x1c CMakeFiles/pico_SDK_proj.dir/home/surya/pico/pico-sdk/lib/tinyusb/src/device/usbd.c.obj
                0x0000000010005b78                usbd_edpt_stalled
 .text.process_control_request
                0x0000000010005b94      0x37c CMakeFiles/pico_SDK_proj.dir/home/surya/pico/pico-sdk/lib/tinyusb/src/device/usbd.c.obj
 .text.tud_task_ext
                0x0000000010005f10      0x1b4 CMakeFiles/pico_SDK_proj.dir/home/surya/pico/pico-sdk/lib/tinyusb/src/device/usbd.c.obj
                0x0000000010005f10                tud_task_ext
 .text._data_stage_xact
                0x00000000100060c4       0x58 CMakeFiles/pico_SDK_proj.dir/home/surya/pico/pico-sdk/lib/tinyusb/src/device/usbd_control.c.obj
 .text.tud_control_status
                0x000000001000611c       0x38 CMakeFiles/pico_SDK_proj.dir/home/surya/pico/pico-sdk/lib/tinyusb/src/device/usbd_control.c.obj
                0x000000001000611c                tud_control_status
 .text.tud_control_xfer
                0x0000000010006154       0x74 CMakeFiles/pico_SDK_proj.dir/home/surya/pico/pico-sdk/lib/tinyusb/src/device/usbd_control.c.obj
                0x0000000010006154                tud_control_xfer
 .text.usbd_control_reset
                0x00000000100061c8       0x14 CMakeFiles/pico_SDK_proj.dir/home/surya/pico/pico-sdk/lib/tinyusb/src/device/usbd_control.c.obj
                0x00000000100061c8                usbd_control_reset
 .text.usbd_control_set_complete_callback
                0x00000000100061dc        0xc CMakeFiles/pico_SDK_proj.dir/home/surya/pico/pico-sdk/lib/tinyusb/src/device/usbd_control.c.obj
                0x00000000100061dc                usbd_control_set_complete_callback
 .text.usbd_control_set_request
                0x00000000100061e8       0x1c CMakeFiles/pico_SDK_proj.dir/home/surya/pico/pico-sdk/lib/tinyusb/src/device/usbd_control.c.obj
                0x00000000100061e8                usbd_control_set_request
 .text.usbd_control_xfer_cb
                0x0000000010006204       0xcc CMakeFiles/pico_SDK_proj.dir/home/surya/pico/pico-sdk/lib/tinyusb/src/device/usbd_control.c.obj
                0x0000000010006204                usbd_control_xfer_cb
 .text._prep_out_transaction
                0x00000000100062d0       0x4a CMakeFiles/pico_SDK_proj.dir/home/surya/pico/pico-sdk/lib/tinyusb/src/class/cdc/cdc_device.c.obj
 *fill*         0x000000001000631a        0x2 
 .text.tud_cdc_n_connected
                0x000000001000631c       0x44 CMakeFiles/pico_SDK_proj.dir/home/surya/pico/pico-sdk/lib/tinyusb/src/class/cdc/cdc_device.c.obj
                0x000000001000631c                tud_cdc_n_connected
 .text.tud_cdc_n_available
                0x0000000010006360       0x18 CMakeFiles/pico_SDK_proj.dir/home/surya/pico/pico-sdk/lib/tinyusb/src/class/cdc/cdc_device.c.obj
                0x0000000010006360                tud_cdc_n_available
 .text.tud_cdc_n_read
                0x0000000010006378       0x28 CMakeFiles/pico_SDK_proj.dir/home/surya/pico/pico-sdk/lib/tinyusb/src/class/cdc/cdc_device.c.obj
                0x0000000010006378                tud_cdc_n_read
 .text.tud_cdc_n_write_flush
                0x00000000100063a0       0xb8 CMakeFiles/pico_SDK_proj.dir/home/surya/pico/pico-sdk/lib/tinyusb/src/class/cdc/cdc_device.c.obj
                0x00000000100063a0                tud_cdc_n_write_flush
 .text.tud_cdc_n_write
                0x0000000010006458       0x38 CMakeFiles/pico_SDK_proj.dir/home/surya/pico/pico-sdk/lib/tinyusb/src/class/cdc/cdc_device.c.obj
                0x0000000010006458                tud_cdc_n_write
 .text.tud_cdc_n_write_available
                0x0000000010006490       0x1c CMakeFiles/pico_SDK_proj.dir/home/surya/pico/pico-sdk/lib/tinyusb/src/class/cdc/cdc_device.c.obj
                0x0000000010006490                tud_cdc_n_write_available
 .text.cdcd_init
                0x00000000100064ac       0xbc CMakeFiles/pico_SDK_proj.dir/home/surya/pico/pico-sdk/lib/tinyusb/src/class/cdc/cdc_device.c.obj
                0x00000000100064ac                cdcd_init
 .text.cdcd_reset
                0x0000000010006568       0x44 CMakeFiles/pico_SDK_proj.dir/home/surya/pico/pico-sdk/lib/tinyusb/src/class/cdc/cdc_device.c.obj
                0x0000000010006568                cdcd_reset
 .text.cdcd_open
                0x00000000100065ac       0xcc CMakeFiles/pico_SDK_proj.dir/home/surya/pico/pico-sdk/lib/tinyusb/src/class/cdc/cdc_device.c.obj
                0x00000000100065ac                cdcd_open
 .text.cdcd_control_xfer_cb
                0x0000000010006678      0x134 CMakeFiles/pico_SDK_proj.dir/home/surya/pico/pico-sdk/lib/tinyusb/src/class/cdc/cdc_device.c.obj
                0x0000000010006678                cdcd_control_xfer_cb
 .text.cdcd_xfer_cb
                0x00000000100067ac      0x130 CMakeFiles/pico_SDK_proj.dir/home/surya/pico/pico-sdk/lib/tinyusb/src/class/cdc/cdc_device.c.obj
                0x00000000100067ac                cdcd_xfer_cb
 .text.tusb_init
                0x00000000100068dc        0xa CMakeFiles/pico_SDK_proj.dir/home/surya/pico/pico-sdk/lib/tinyusb/src/tusb.c.obj
                0x00000000100068dc                tusb_init
 .text.tusb_inited
                0x00000000100068e6        0xe CMakeFiles/pico_SDK_proj.dir/home/surya/pico/pico-sdk/lib/tinyusb/src/tusb.c.obj
                0x00000000100068e6                tusb_inited
 .text.tu_edpt_claim
                0x00000000100068f4       0x50 CMakeFiles/pico_SDK_proj.dir/home/surya/pico/pico-sdk/lib/tinyusb/src/tusb.c.obj
                0x00000000100068f4                tu_edpt_claim
 .text.tu_edpt_release
                0x0000000010006944       0x3c CMakeFiles/pico_SDK_proj.dir/home/surya/pico/pico-sdk/lib/tinyusb/src/tusb.c.obj
                0x0000000010006944                tu_edpt_release
 .text.tu_edpt_validate
                0x0000000010006980       0x78 CMakeFiles/pico_SDK_proj.dir/home/surya/pico/pico-sdk/lib/tinyusb/src/tusb.c.obj
                0x0000000010006980                tu_edpt_validate
 .text.tu_edpt_bind_driver
                0x00000000100069f8       0x26 CMakeFiles/pico_SDK_proj.dir/home/surya/pico/pico-sdk/lib/tinyusb/src/tusb.c.obj
                0x00000000100069f8                tu_edpt_bind_driver
 .text.advance_index
                0x0000000010006a1e       0x1a CMakeFiles/pico_SDK_proj.dir/home/surya/pico/pico-sdk/lib/tinyusb/src/common/tusb_fifo.c.obj
 .text._tu_fifo_peek
                0x0000000010006a38       0x56 CMakeFiles/pico_SDK_proj.dir/home/surya/pico/pico-sdk/lib/tinyusb/src/common/tusb_fifo.c.obj
 .text._ff_pull_const_addr
                0x0000000010006a8e       0x4c CMakeFiles/pico_SDK_proj.dir/home/surya/pico/pico-sdk/lib/tinyusb/src/common/tusb_fifo.c.obj
 .text._ff_pull_n
                0x0000000010006ada      0x110 CMakeFiles/pico_SDK_proj.dir/home/surya/pico/pico-sdk/lib/tinyusb/src/common/tusb_fifo.c.obj
 .text._tu_fifo_peek_n
                0x0000000010006bea       0x6a CMakeFiles/pico_SDK_proj.dir/home/surya/pico/pico-sdk/lib/tinyusb/src/common/tusb_fifo.c.obj
 .text._tu_fifo_read_n
                0x0000000010006c54       0x4e CMakeFiles/pico_SDK_proj.dir/home/surya/pico/pico-sdk/lib/tinyusb/src/common/tusb_fifo.c.obj
 .text._ff_push_const_addr
                0x0000000010006ca2       0x40 CMakeFiles/pico_SDK_proj.dir/home/surya/pico/pico-sdk/lib/tinyusb/src/common/tusb_fifo.c.obj
 .text._ff_push_n
                0x0000000010006ce2      0x10a CMakeFiles/pico_SDK_proj.dir/home/surya/pico/pico-sdk/lib/tinyusb/src/common/tusb_fifo.c.obj
 .text._tu_fifo_write_n
                0x0000000010006dec       0xf0 CMakeFiles/pico_SDK_proj.dir/home/surya/pico/pico-sdk/lib/tinyusb/src/common/tusb_fifo.c.obj
 .text.tu_fifo_config
                0x0000000010006edc       0x7e CMakeFiles/pico_SDK_proj.dir/home/surya/pico/pico-sdk/lib/tinyusb/src/common/tusb_fifo.c.obj
                0x0000000010006edc                tu_fifo_config
 .text.tu_fifo_count
                0x0000000010006f5a       0x2a CMakeFiles/pico_SDK_proj.dir/home/surya/pico/pico-sdk/lib/tinyusb/src/common/tusb_fifo.c.obj
                0x0000000010006f5a                tu_fifo_count
 .text.tu_fifo_empty
                0x0000000010006f84        0xe CMakeFiles/pico_SDK_proj.dir/home/surya/pico/pico-sdk/lib/tinyusb/src/common/tusb_fifo.c.obj
                0x0000000010006f84                tu_fifo_empty
 .text.tu_fifo_full
                0x0000000010006f92       0x28 CMakeFiles/pico_SDK_proj.dir/home/surya/pico/pico-sdk/lib/tinyusb/src/common/tusb_fifo.c.obj
                0x0000000010006f92                tu_fifo_full
 .text.tu_fifo_remaining
                0x0000000010006fba       0x2c CMakeFiles/pico_SDK_proj.dir/home/surya/pico/pico-sdk/lib/tinyusb/src/common/tusb_fifo.c.obj
                0x0000000010006fba                tu_fifo_remaining
 .text.tu_fifo_read
                0x0000000010006fe6       0x42 CMakeFiles/pico_SDK_proj.dir/home/surya/pico/pico-sdk/lib/tinyusb/src/common/tusb_fifo.c.obj
                0x0000000010006fe6                tu_fifo_read
 .text.tu_fifo_read_n
                0x0000000010007028        0xa CMakeFiles/pico_SDK_proj.dir/home/surya/pico/pico-sdk/lib/tinyusb/src/common/tusb_fifo.c.obj
                0x0000000010007028                tu_fifo_read_n
 .text.tu_fifo_write
                0x0000000010007032       0x64 CMakeFiles/pico_SDK_proj.dir/home/surya/pico/pico-sdk/lib/tinyusb/src/common/tusb_fifo.c.obj
                0x0000000010007032                tu_fifo_write
 .text.tu_fifo_write_n
                0x0000000010007096        0xa CMakeFiles/pico_SDK_proj.dir/home/surya/pico/pico-sdk/lib/tinyusb/src/common/tusb_fifo.c.obj
                0x0000000010007096                tu_fifo_write_n
 .text.tu_fifo_clear
                0x00000000100070a0       0x3e CMakeFiles/pico_SDK_proj.dir/home/surya/pico/pico-sdk/lib/tinyusb/src/common/tusb_fifo.c.obj
                0x00000000100070a0                tu_fifo_clear
 .text.tu_fifo_set_overwritable
                0x00000000100070de       0x46 CMakeFiles/pico_SDK_proj.dir/home/surya/pico/pico-sdk/lib/tinyusb/src/common/tusb_fifo.c.obj
                0x00000000100070de                tu_fifo_set_overwritable
 .text._pio_can_add_program_at_offset
                0x0000000010007124       0x3c CMakeFiles/pico_SDK_proj.dir/home/surya/pico/pico-sdk/src/rp2_common/hardware_pio/pio.c.obj
 .text._pio_find_offset_for_program
                0x0000000010007160       0x7c CMakeFiles/pico_SDK_proj.dir/home/surya/pico/pico-sdk/src/rp2_common/hardware_pio/pio.c.obj
 .text._pio_add_program_at_offset
                0x00000000100071dc       0x78 CMakeFiles/pico_SDK_proj.dir/home/surya/pico/pico-sdk/src/rp2_common/hardware_pio/pio.c.obj
 .text.pio_add_program
                0x0000000010007254       0x38 CMakeFiles/pico_SDK_proj.dir/home/surya/pico/pico-sdk/src/rp2_common/hardware_pio/pio.c.obj
                0x0000000010007254                pio_add_program
 .text.pio_sm_set_consecutive_pindirs
                0x000000001000728c       0xa4 CMakeFiles/pico_SDK_proj.dir/home/surya/pico/pico-sdk/src/rp2_common/hardware_pio/pio.c.obj
                0x000000001000728c                pio_sm_set_consecutive_pindirs
 .text.pio_sm_init
                0x0000000010007330       0xa8 CMakeFiles/pico_SDK_proj.dir/home/surya/pico/pico-sdk/src/rp2_common/hardware_pio/pio.c.obj
                0x0000000010007330                pio_sm_init
 .text.__cxa_end_cleanup
                0x00000000100073d8        0xc /usr/lib/gcc/arm-none-eabi/9.2.1/../../../arm-none-eabi/lib/thumb/v6-m/nofp/libstdc++.a(eh_arm.o)
                0x00000000100073d8                __cxa_end_cleanup
 .text.__cxa_type_match
                0x00000000100073e4       0xd0 /usr/lib/gcc/arm-none-eabi/9.2.1/../../../arm-none-eabi/lib/thumb/v6-m/nofp/libstdc++.a(eh_arm.o)
                0x00000000100073e4                __cxa_type_match
 .text.__cxa_begin_cleanup
                0x00000000100074b4       0x60 /usr/lib/gcc/arm-none-eabi/9.2.1/../../../arm-none-eabi/lib/thumb/v6-m/nofp/libstdc++.a(eh_arm.o)
                0x00000000100074b4                __cxa_begin_cleanup
 .text.__gnu_end_cleanup
                0x0000000010007514       0x70 /usr/lib/gcc/arm-none-eabi/9.2.1/../../../arm-none-eabi/lib/thumb/v6-m/nofp/libstdc++.a(eh_arm.o)
                0x0000000010007514                __gnu_end_cleanup
 .text.unlikely.__cxa_throw_bad_array_new_length
                0x0000000010007584       0x20 /usr/lib/gcc/arm-none-eabi/9.2.1/../../../arm-none-eabi/lib/thumb/v6-m/nofp/libstdc++.a(eh_aux_runtime.o)
                0x0000000010007584                __cxa_throw_bad_array_new_length
 .text._ZNSt9exceptionD2Ev
                0x00000000100075a4        0x4 /usr/lib/gcc/arm-none-eabi/9.2.1/../../../arm-none-eabi/lib/thumb/v6-m/nofp/libstdc++.a(eh_exception.o)
                0x00000000100075a4                std::exception::~exception()
                0x00000000100075a4                std::exception::~exception()
 .text._ZNSt13bad_exceptionD2Ev
                0x00000000100075a8        0x4 /usr/lib/gcc/arm-none-eabi/9.2.1/../../../arm-none-eabi/lib/thumb/v6-m/nofp/libstdc++.a(eh_exception.o)
                0x00000000100075a8                std::bad_exception::~bad_exception()
                0x00000000100075a8                std::bad_exception::~bad_exception()
 .text._ZNKSt13bad_exception4whatEv
                0x00000000100075ac        0x8 /usr/lib/gcc/arm-none-eabi/9.2.1/../../../arm-none-eabi/lib/thumb/v6-m/nofp/libstdc++.a(eh_exception.o)
                0x00000000100075ac                transaction clone for std::bad_exception::what() const
                0x00000000100075ac                std::bad_exception::what() const
 .text._ZNSt13bad_exceptionD0Ev
                0x00000000100075b4       0x10 /usr/lib/gcc/arm-none-eabi/9.2.1/../../../arm-none-eabi/lib/thumb/v6-m/nofp/libstdc++.a(eh_exception.o)
                0x00000000100075b4                std::bad_exception::~bad_exception()
 .text.__cxa_get_globals_fast
                0x00000000100075c4        0x8 /usr/lib/gcc/arm-none-eabi/9.2.1/../../../arm-none-eabi/lib/thumb/v6-m/nofp/libstdc++.a(eh_globals.o)
                0x00000000100075c4                __cxa_get_globals_fast
 .text.__cxa_get_globals
                0x00000000100075cc        0x8 /usr/lib/gcc/arm-none-eabi/9.2.1/../../../arm-none-eabi/lib/thumb/v6-m/nofp/libstdc++.a(eh_globals.o)
                0x00000000100075cc                __cxa_get_globals
 .text._ZL28read_encoded_value_with_basehjPKhPj
                0x00000000100075d4      0x114 /usr/lib/gcc/arm-none-eabi/9.2.1/../../../arm-none-eabi/lib/thumb/v6-m/nofp/libstdc++.a(eh_personality.o)
 .text._ZL21base_of_encoded_valuehP15_Unwind_Context
                0x00000000100076e8       0x48 /usr/lib/gcc/arm-none-eabi/9.2.1/../../../arm-none-eabi/lib/thumb/v6-m/nofp/libstdc++.a(eh_personality.o)
 .text._ZL17parse_lsda_headerP15_Unwind_ContextPKhP16lsda_header_info
                0x0000000010007730       0x98 /usr/lib/gcc/arm-none-eabi/9.2.1/../../../arm-none-eabi/lib/thumb/v6-m/nofp/libstdc++.a(eh_personality.o)
 .text.__gxx_personality_v0
                0x00000000100077c8      0x4a4 /usr/lib/gcc/arm-none-eabi/9.2.1/../../../arm-none-eabi/lib/thumb/v6-m/nofp/libstdc++.a(eh_personality.o)
                0x00000000100077c8                __gxx_personality_v0
 .text._ZN10__cxxabiv111__terminateEPFvvE
                0x0000000010007c6c       0x28 /usr/lib/gcc/arm-none-eabi/9.2.1/../../../arm-none-eabi/lib/thumb/v6-m/nofp/libstdc++.a(eh_terminate.o)
                0x0000000010007c6c                __cxxabiv1::__terminate(void (*)())
 .text._ZSt9terminatev
                0x0000000010007c94       0x10 /usr/lib/gcc/arm-none-eabi/9.2.1/../../../arm-none-eabi/lib/thumb/v6-m/nofp/libstdc++.a(eh_terminate.o)
                0x0000000010007c94                std::terminate()
 .text._ZN10__cxxabiv112__unexpectedEPFvvE
                0x0000000010007ca4        0x8 /usr/lib/gcc/arm-none-eabi/9.2.1/../../../arm-none-eabi/lib/thumb/v6-m/nofp/libstdc++.a(eh_terminate.o)
                0x0000000010007ca4                __cxxabiv1::__unexpected(void (*)())
 .text._ZSt10unexpectedv
                0x0000000010007cac       0x10 /usr/lib/gcc/arm-none-eabi/9.2.1/../../../arm-none-eabi/lib/thumb/v6-m/nofp/libstdc++.a(eh_terminate.o)
                0x0000000010007cac                std::unexpected()
 .text._ZSt13get_terminatev
                0x0000000010007cbc        0xc /usr/lib/gcc/arm-none-eabi/9.2.1/../../../arm-none-eabi/lib/thumb/v6-m/nofp/libstdc++.a(eh_terminate.o)
                0x0000000010007cbc                std::get_terminate()
 .text._ZSt14get_unexpectedv
                0x0000000010007cc8        0xc /usr/lib/gcc/arm-none-eabi/9.2.1/../../../arm-none-eabi/lib/thumb/v6-m/nofp/libstdc++.a(eh_terminate.o)
                0x0000000010007cc8                std::get_unexpected()
 .text._ZL23__gxx_exception_cleanup19_Unwind_Reason_CodeP21_Unwind_Control_Block
                0x0000000010007cd4       0x34 /usr/lib/gcc/arm-none-eabi/9.2.1/../../../arm-none-eabi/lib/thumb/v6-m/nofp/libstdc++.a(eh_throw.o)
 .text.__cxa_init_primary_exception
                0x0000000010007d08       0x4c /usr/lib/gcc/arm-none-eabi/9.2.1/../../../arm-none-eabi/lib/thumb/v6-m/nofp/libstdc++.a(eh_throw.o)
                0x0000000010007d08                __cxa_init_primary_exception
 .text.__cxa_throw
                0x0000000010007d54       0x34 /usr/lib/gcc/arm-none-eabi/9.2.1/../../../arm-none-eabi/lib/thumb/v6-m/nofp/libstdc++.a(eh_throw.o)
                0x0000000010007d54                __cxa_throw
 .text.__cxa_rethrow
                0x0000000010007d88       0x70 /usr/lib/gcc/arm-none-eabi/9.2.1/../../../arm-none-eabi/lib/thumb/v6-m/nofp/libstdc++.a(eh_throw.o)
                0x0000000010007d88                __cxa_rethrow
 .text._Znaj    0x0000000010007df8        0x8 /usr/lib/gcc/arm-none-eabi/9.2.1/../../../arm-none-eabi/lib/thumb/v6-m/nofp/libstdc++.a(new_opv.o)
                0x0000000010007df8                operator new[](unsigned int)
 .text._ZN10__cxxabiv120__si_class_type_infoD2Ev
                0x0000000010007e00       0x18 /usr/lib/gcc/arm-none-eabi/9.2.1/../../../arm-none-eabi/lib/thumb/v6-m/nofp/libstdc++.a(si_class_type_info.o)
                0x0000000010007e00                __cxxabiv1::__si_class_type_info::~__si_class_type_info()
                0x0000000010007e00                __cxxabiv1::__si_class_type_info::~__si_class_type_info()
 .text._ZN10__cxxabiv120__si_class_type_infoD0Ev
                0x0000000010007e18       0x20 /usr/lib/gcc/arm-none-eabi/9.2.1/../../../arm-none-eabi/lib/thumb/v6-m/nofp/libstdc++.a(si_class_type_info.o)
                0x0000000010007e18                __cxxabiv1::__si_class_type_info::~__si_class_type_info()
 .text._ZNK10__cxxabiv120__si_class_type_info20__do_find_public_srcEiPKvPKNS_17__class_type_infoES2_
                0x0000000010007e38       0x38 /usr/lib/gcc/arm-none-eabi/9.2.1/../../../arm-none-eabi/lib/thumb/v6-m/nofp/libstdc++.a(si_class_type_info.o)
                0x0000000010007e38                __cxxabiv1::__si_class_type_info::__do_find_public_src(int, void const*, __cxxabiv1::__class_type_info const*, void const*) const
 .text._ZNK10__cxxabiv120__si_class_type_info12__do_dyncastEiNS_17__class_type_info10__sub_kindEPKS1_PKvS4_S6_RNS1_16__dyncast_resultE
                0x0000000010007e70       0x9c /usr/lib/gcc/arm-none-eabi/9.2.1/../../../arm-none-eabi/lib/thumb/v6-m/nofp/libstdc++.a(si_class_type_info.o)
                0x0000000010007e70                __cxxabiv1::__si_class_type_info::__do_dyncast(int, __cxxabiv1::__class_type_info::__sub_kind, __cxxabiv1::__class_type_info const*, void const*, __cxxabiv1::__class_type_info const*, void const*, __cxxabiv1::__class_type_info::__dyncast_result&) const
 .text._ZNK10__cxxabiv120__si_class_type_info11__do_upcastEPKNS_17__class_type_infoEPKvRNS1_15__upcast_resultE
                0x0000000010007f0c       0x24 /usr/lib/gcc/arm-none-eabi/9.2.1/../../../arm-none-eabi/lib/thumb/v6-m/nofp/libstdc++.a(si_class_type_info.o)
                0x0000000010007f0c                __cxxabiv1::__si_class_type_info::__do_upcast(__cxxabiv1::__class_type_info const*, void const*, __cxxabiv1::__class_type_info::__upcast_result&) const
 .text._ZNSt9type_infoD2Ev
                0x0000000010007f30        0x4 /usr/lib/gcc/arm-none-eabi/9.2.1/../../../arm-none-eabi/lib/thumb/v6-m/nofp/libstdc++.a(tinfo.o)
                0x0000000010007f30                std::type_info::~type_info()
                0x0000000010007f30                std::type_info::~type_info()
 .text._ZNKSt9type_info14__is_pointer_pEv
                0x0000000010007f34        0x4 /usr/lib/gcc/arm-none-eabi/9.2.1/../../../arm-none-eabi/lib/thumb/v6-m/nofp/libstdc++.a(tinfo.o)
                0x0000000010007f34                std::type_info::__is_function_p() const
                0x0000000010007f34                std::type_info::__is_pointer_p() const
 .text._ZNKSt9type_infoeqERKS_
                0x0000000010007f38       0x30 /usr/lib/gcc/arm-none-eabi/9.2.1/../../../arm-none-eabi/lib/thumb/v6-m/nofp/libstdc++.a(tinfo.o)
                0x0000000010007f38                std::type_info::operator==(std::type_info const&) const
 .text._ZNKSt20bad_array_new_length4whatEv
                0x0000000010007f68        0x8 /usr/lib/gcc/arm-none-eabi/9.2.1/../../../arm-none-eabi/lib/thumb/v6-m/nofp/libstdc++.a(bad_array_new.o)
                0x0000000010007f68                std::bad_array_new_length::what() const
 .text._ZNSt20bad_array_new_lengthD2Ev
                0x0000000010007f70       0x18 /usr/lib/gcc/arm-none-eabi/9.2.1/../../../arm-none-eabi/lib/thumb/v6-m/nofp/libstdc++.a(bad_array_new.o)
                0x0000000010007f70                std::bad_array_new_length::~bad_array_new_length()
                0x0000000010007f70                std::bad_array_new_length::~bad_array_new_length()
 .text._ZNSt20bad_array_new_lengthD0Ev
                0x0000000010007f88       0x20 /usr/lib/gcc/arm-none-eabi/9.2.1/../../../arm-none-eabi/lib/thumb/v6-m/nofp/libstdc++.a(bad_array_new.o)
                0x0000000010007f88                std::bad_array_new_length::~bad_array_new_length()
 .text._ZNK10__cxxabiv117__class_type_info11__do_upcastEPKS0_PPv
                0x0000000010007fa8       0x38 /usr/lib/gcc/arm-none-eabi/9.2.1/../../../arm-none-eabi/lib/thumb/v6-m/nofp/libstdc++.a(class_type_info.o)
                0x0000000010007fa8                __cxxabiv1::__class_type_info::__do_upcast(__cxxabiv1::__class_type_info const*, void**) const
 .text._ZNK10__cxxabiv117__class_type_info20__do_find_public_srcEiPKvPKS0_S2_
                0x0000000010007fe0       0x14 /usr/lib/gcc/arm-none-eabi/9.2.1/../../../arm-none-eabi/lib/thumb/v6-m/nofp/libstdc++.a(class_type_info.o)
                0x0000000010007fe0                __cxxabiv1::__class_type_info::__do_find_public_src(int, void const*, __cxxabiv1::__class_type_info const*, void const*) const
 .text._ZN10__cxxabiv117__class_type_infoD2Ev
                0x0000000010007ff4       0x18 /usr/lib/gcc/arm-none-eabi/9.2.1/../../../arm-none-eabi/lib/thumb/v6-m/nofp/libstdc++.a(class_type_info.o)
                0x0000000010007ff4                __cxxabiv1::__class_type_info::~__class_type_info()
                0x0000000010007ff4                __cxxabiv1::__class_type_info::~__class_type_info()
 .text._ZN10__cxxabiv117__class_type_infoD0Ev
                0x000000001000800c       0x20 /usr/lib/gcc/arm-none-eabi/9.2.1/../../../arm-none-eabi/lib/thumb/v6-m/nofp/libstdc++.a(class_type_info.o)
                0x000000001000800c                __cxxabiv1::__class_type_info::~__class_type_info()
 .text._ZNK10__cxxabiv117__class_type_info12__do_dyncastEiNS0_10__sub_kindEPKS0_PKvS3_S5_RNS0_16__dyncast_resultE
                0x000000001000802c       0x40 /usr/lib/gcc/arm-none-eabi/9.2.1/../../../arm-none-eabi/lib/thumb/v6-m/nofp/libstdc++.a(class_type_info.o)
                0x000000001000802c                __cxxabiv1::__class_type_info::__do_dyncast(int, __cxxabiv1::__class_type_info::__sub_kind, __cxxabiv1::__class_type_info const*, void const*, __cxxabiv1::__class_type_info const*, void const*, __cxxabiv1::__class_type_info::__dyncast_result&) const
 .text._ZNK10__cxxabiv117__class_type_info11__do_upcastEPKS0_PKvRNS0_15__upcast_resultE
                0x000000001000806c       0x1c /usr/lib/gcc/arm-none-eabi/9.2.1/../../../arm-none-eabi/lib/thumb/v6-m/nofp/libstdc++.a(class_type_info.o)
                0x000000001000806c                __cxxabiv1::__class_type_info::__do_upcast(__cxxabiv1::__class_type_info const*, void const*, __cxxabiv1::__class_type_info::__upcast_result&) const
 .text._ZNK10__cxxabiv117__class_type_info10__do_catchEPKSt9type_infoPPvj
                0x0000000010008088       0x24 /usr/lib/gcc/arm-none-eabi/9.2.1/../../../arm-none-eabi/lib/thumb/v6-m/nofp/libstdc++.a(class_type_info.o)
                0x0000000010008088                __cxxabiv1::__class_type_info::__do_catch(std::type_info const*, void**, unsigned int) const
 .text._ZdlPvj  0x00000000100080ac        0x8 /usr/lib/gcc/arm-none-eabi/9.2.1/../../../arm-none-eabi/lib/thumb/v6-m/nofp/libstdc++.a(del_ops.o)
                0x00000000100080ac                operator delete(void*, unsigned int)
 .text._ZN12_GLOBAL__N_14pool4freeEPv.constprop.0
                0x00000000100080b4       0x78 /usr/lib/gcc/arm-none-eabi/9.2.1/../../../arm-none-eabi/lib/thumb/v6-m/nofp/libstdc++.a(eh_alloc.o)
 .text._ZN12_GLOBAL__N_14pool8allocateEj.constprop.0
                0x000000001000812c       0x50 /usr/lib/gcc/arm-none-eabi/9.2.1/../../../arm-none-eabi/lib/thumb/v6-m/nofp/libstdc++.a(eh_alloc.o)
 .text.__cxa_allocate_exception
                0x000000001000817c       0x2c /usr/lib/gcc/arm-none-eabi/9.2.1/../../../arm-none-eabi/lib/thumb/v6-m/nofp/libstdc++.a(eh_alloc.o)
                0x000000001000817c                __cxa_allocate_exception
 .text.__cxa_free_exception
                0x00000000100081a8       0x24 /usr/lib/gcc/arm-none-eabi/9.2.1/../../../arm-none-eabi/lib/thumb/v6-m/nofp/libstdc++.a(eh_alloc.o)
                0x00000000100081a8                __cxa_free_exception
 .text.startup._GLOBAL__sub_I__ZN9__gnu_cxx9__freeresEv
                0x00000000100081cc       0x2c /usr/lib/gcc/arm-none-eabi/9.2.1/../../../arm-none-eabi/lib/thumb/v6-m/nofp/libstdc++.a(eh_alloc.o)
 .text._ZN10__cxxabiv1L24__is_gxx_exception_classEPc
                0x00000000100081f8       0x3c /usr/lib/gcc/arm-none-eabi/9.2.1/../../../arm-none-eabi/lib/thumb/v6-m/nofp/libstdc++.a(eh_call.o)
 .text.__cxa_call_terminate
                0x0000000010008234       0x20 /usr/lib/gcc/arm-none-eabi/9.2.1/../../../arm-none-eabi/lib/thumb/v6-m/nofp/libstdc++.a(eh_call.o)
                0x0000000010008234                __cxa_call_terminate
 .text.unlikely.__cxa_call_unexpected
                0x0000000010008254      0x100 /usr/lib/gcc/arm-none-eabi/9.2.1/../../../arm-none-eabi/lib/thumb/v6-m/nofp/libstdc++.a(eh_call.o)
                0x0000000010008254                __cxa_call_unexpected
 .text.__cxa_begin_catch
                0x0000000010008354       0x74 /usr/lib/gcc/arm-none-eabi/9.2.1/../../../arm-none-eabi/lib/thumb/v6-m/nofp/libstdc++.a(eh_catch.o)
                0x0000000010008354                __cxa_begin_catch
 .text.__cxa_end_catch
                0x00000000100083c8       0x90 /usr/lib/gcc/arm-none-eabi/9.2.1/../../../arm-none-eabi/lib/thumb/v6-m/nofp/libstdc++.a(eh_catch.o)
                0x00000000100083c8                __cxa_end_catch
 .text._Znwj    0x0000000010008458       0x40 /usr/lib/gcc/arm-none-eabi/9.2.1/../../../arm-none-eabi/lib/thumb/v6-m/nofp/libstdc++.a(new_op.o)
                0x0000000010008458                operator new(unsigned int)
 .text._ZNKSt9bad_alloc4whatEv
                0x0000000010008498        0x8 /usr/lib/gcc/arm-none-eabi/9.2.1/../../../arm-none-eabi/lib/thumb/v6-m/nofp/libstdc++.a(bad_alloc.o)
                0x0000000010008498                std::bad_alloc::what() const
 .text._ZNSt9bad_allocD2Ev
                0x00000000100084a0       0x18 /usr/lib/gcc/arm-none-eabi/9.2.1/../../../arm-none-eabi/lib/thumb/v6-m/nofp/libstdc++.a(bad_alloc.o)
                0x00000000100084a0                std::bad_alloc::~bad_alloc()
                0x00000000100084a0                std::bad_alloc::~bad_alloc()
 .text._ZNSt9bad_allocD0Ev
                0x00000000100084b8       0x20 /usr/lib/gcc/arm-none-eabi/9.2.1/../../../arm-none-eabi/lib/thumb/v6-m/nofp/libstdc++.a(bad_alloc.o)
                0x00000000100084b8                std::bad_alloc::~bad_alloc()
 .text._ZdlPv   0x00000000100084d8        0x8 /usr/lib/gcc/arm-none-eabi/9.2.1/../../../arm-none-eabi/lib/thumb/v6-m/nofp/libstdc++.a(del_op.o)
                0x00000000100084d8                operator delete(void*)
 .text._ZSt15get_new_handlerv
                0x00000000100084e0        0xc /usr/lib/gcc/arm-none-eabi/9.2.1/../../../arm-none-eabi/lib/thumb/v6-m/nofp/libstdc++.a(new_handler.o)
                0x00000000100084e0                std::get_new_handler()
 .text          0x00000000100084ec       0x10 /usr/lib/gcc/arm-none-eabi/9.2.1/../../../arm-none-eabi/lib/thumb/v6-m/nofp/libg.a(lib_a-abort.o)
                0x00000000100084ec                abort
 .text          0x00000000100084fc       0x28 /usr/lib/gcc/arm-none-eabi/9.2.1/../../../arm-none-eabi/lib/thumb/v6-m/nofp/libg.a(lib_a-malloc.o)
                0x00000000100084fc                malloc
                0x0000000010008510                free
 .text          0x0000000010008524      0x58c /usr/lib/gcc/arm-none-eabi/9.2.1/../../../arm-none-eabi/lib/thumb/v6-m/nofp/libg.a(lib_a-mallocr.o)
                0x0000000010008524                _malloc_r
 .text          0x0000000010008ab0        0x8 /usr/lib/gcc/arm-none-eabi/9.2.1/../../../arm-none-eabi/lib/thumb/v6-m/nofp/libg.a(lib_a-mlock.o)
                0x0000000010008ab0                __malloc_lock
                0x0000000010008ab4                __malloc_unlock
 .text          0x0000000010008ab8       0x48 /usr/lib/gcc/arm-none-eabi/9.2.1/../../../arm-none-eabi/lib/thumb/v6-m/nofp/libg.a(lib_a-rand.o)
                0x0000000010008ab8                srand
                0x0000000010008acc                rand
 .text          0x0000000010008b00       0x24 /usr/lib/gcc/arm-none-eabi/9.2.1/../../../arm-none-eabi/lib/thumb/v6-m/nofp/libg.a(lib_a-sbrkr.o)
                0x0000000010008b00                _sbrk_r
 .text          0x0000000010008b24      0x190 /usr/lib/gcc/arm-none-eabi/9.2.1/../../../arm-none-eabi/lib/thumb/v6-m/nofp/libg.a(lib_a-signal.o)
                0x0000000010008b50                _init_signal_r
                0x0000000010008b6c                _signal_r
                0x0000000010008ba8                _raise_r
                0x0000000010008c04                __sigtramp_r
                0x0000000010008c54                raise
                0x0000000010008c68                signal
                0x0000000010008c80                _init_signal
                0x0000000010008ca0                __sigtramp
 .text          0x0000000010008cb4       0x30 /usr/lib/gcc/arm-none-eabi/9.2.1/../../../arm-none-eabi/lib/thumb/v6-m/nofp/libg.a(lib_a-signalr.o)
                0x0000000010008cb4                _kill_r
                0x0000000010008cdc                _getpid_r
 .text          0x0000000010008ce4       0x88 /usr/lib/gcc/arm-none-eabi/9.2.1/../../../arm-none-eabi/lib/thumb/v6-m/nofp/libg.a(lib_a-strcmp.o)
                0x0000000010008ce4                strcmp
 .text          0x0000000010008d6c       0x68 /usr/lib/gcc/arm-none-eabi/9.2.1/../../../arm-none-eabi/lib/thumb/v6-m/nofp/libg.a(lib_a-strlen-stub.o)
                0x0000000010008d6c                strlen
 .text          0x0000000010008dd4      0x27c /usr/lib/gcc/arm-none-eabi/9.2.1/../../../arm-none-eabi/lib/thumb/v6-m/nofp/libg.a(lib_a-freer.o)
                0x0000000010008dd4                _malloc_trim_r
                0x0000000010008e74                _free_r
 *(.fini)
 .fini          0x0000000010009050        0x4 /usr/lib/gcc/arm-none-eabi/9.2.1/thumb/v6-m/nofp/crti.o
                0x0000000010009050                _fini
 *fill*         0x0000000010009054        0x4 
 .fini.__stub   0x0000000010009058      0x1a0 linker stubs
 *crtbegin.o(.ctors)
 *crtbegin?.o(.ctors)
 *(EXCLUDE_FILE(*crtend.o *crtend?.o) .ctors)
 *(SORT_BY_NAME(.ctors.*))
 *(.ctors)
 *crtbegin.o(.dtors)
 *crtbegin?.o(.dtors)
 *(EXCLUDE_FILE(*crtend.o *crtend?.o) .dtors)
 *(SORT_BY_NAME(.dtors.*))
 *(.dtors)
 *(.eh_frame*)
 .eh_frame      0x00000000100091f8        0x0 /usr/lib/gcc/arm-none-eabi/9.2.1/thumb/v6-m/nofp/crtbegin.o
                0x00000000100091f8                . = ALIGN (0x4)

.glue_7         0x00000000100091f8        0x0
 .glue_7        0x00000000100091f8        0x0 linker stubs

.glue_7t        0x00000000100091f8        0x0
 .glue_7t       0x00000000100091f8        0x0 linker stubs

.vfp11_veneer   0x00000000100091f8        0x0
 .vfp11_veneer  0x00000000100091f8        0x0 linker stubs

.v4_bx          0x00000000100091f8        0x0
 .v4_bx         0x00000000100091f8        0x0 linker stubs

.iplt           0x00000000100091f8        0x0
 .iplt          0x00000000100091f8        0x0 /usr/lib/gcc/arm-none-eabi/9.2.1/thumb/v6-m/nofp/crtbegin.o

.rodata         0x00000000100091f8     0x18fc
 *(EXCLUDE_FILE(*libm.a: *libc.a:*lib_a-mem*.o *libgcc.a:) .rodata*)
 .rodata.main.str1.4
                0x00000000100091f8       0xaf CMakeFiles/pico_SDK_proj.dir/pico_SDK_proj.cpp.obj
 *fill*         0x00000000100092a7        0x1 
 .rodata._ZL14ws2812_program
                0x00000000100092a8        0x6 CMakeFiles/pico_SDK_proj.dir/WS2812.cpp.obj
 *fill*         0x00000000100092ae        0x2 
 .rodata._ZL27ws2812_program_instructions
                0x00000000100092b0        0x8 CMakeFiles/pico_SDK_proj.dir/WS2812.cpp.obj
 .rodata.spin_lock_claim_unused.str1.4
                0x00000000100092b8       0x1b CMakeFiles/pico_SDK_proj.dir/home/surya/pico/pico-sdk/src/rp2_common/hardware_sync/sync.c.obj
 *fill*         0x00000000100092d3        0x1 
 .rodata.make_branch.str1.4
                0x00000000100092d4       0x6c CMakeFiles/pico_SDK_proj.dir/home/surya/pico/pico-sdk/src/rp2_common/hardware_irq/irq.c.obj
 .rodata.insert_branch_and_link.str1.4
                0x0000000010009340       0x10 CMakeFiles/pico_SDK_proj.dir/home/surya/pico/pico-sdk/src/rp2_common/hardware_irq/irq.c.obj
 .rodata.irq_set_exclusive_handler.str1.4
                0x0000000010009350       0x36 CMakeFiles/pico_SDK_proj.dir/home/surya/pico/pico-sdk/src/rp2_common/hardware_irq/irq.c.obj
 *fill*         0x0000000010009386        0x2 
 .rodata.irq_add_shared_handler.str1.4
                0x0000000010009388       0xd9 CMakeFiles/pico_SDK_proj.dir/home/surya/pico/pico-sdk/src/rp2_common/hardware_irq/irq.c.obj
 *fill*         0x0000000010009461        0x3 
 .rodata.irq_remove_handler.str1.4
                0x0000000010009464       0x3a CMakeFiles/pico_SDK_proj.dir/home/surya/pico/pico-sdk/src/rp2_common/hardware_irq/irq.c.obj
 *fill*         0x000000001000949e        0x2 
 .rodata.irq_add_tail_to_free_list.str1.4
                0x00000000100094a0       0x3a CMakeFiles/pico_SDK_proj.dir/home/surya/pico/pico-sdk/src/rp2_common/hardware_irq/irq.c.obj
 *fill*         0x00000000100094da        0x2 
 .rodata.user_irq_claim_unused.str1.4
                0x00000000100094dc       0x1b CMakeFiles/pico_SDK_proj.dir/home/surya/pico/pico-sdk/src/rp2_common/hardware_irq/irq.c.obj
 *fill*         0x00000000100094f7        0x1 
 .rodata.__func__.4809
                0x00000000100094f8       0x1a CMakeFiles/pico_SDK_proj.dir/home/surya/pico/pico-sdk/src/rp2_common/hardware_irq/irq.c.obj
 *fill*         0x0000000010009512        0x2 
 .rodata.__func__.4823
                0x0000000010009514        0xc CMakeFiles/pico_SDK_proj.dir/home/surya/pico/pico-sdk/src/rp2_common/hardware_irq/irq.c.obj
 .rodata.__func__.4831
                0x0000000010009520       0x17 CMakeFiles/pico_SDK_proj.dir/home/surya/pico/pico-sdk/src/rp2_common/hardware_irq/irq.c.obj
 *fill*         0x0000000010009537        0x1 
 .rodata.__func__.4835
                0x0000000010009538        0xf CMakeFiles/pico_SDK_proj.dir/home/surya/pico/pico-sdk/src/rp2_common/hardware_irq/irq.c.obj
 *fill*         0x0000000010009547        0x1 
 .rodata.__func__.4852
                0x0000000010009548       0x17 CMakeFiles/pico_SDK_proj.dir/home/surya/pico/pico-sdk/src/rp2_common/hardware_irq/irq.c.obj
 *fill*         0x000000001000955f        0x1 
 .rodata.__func__.4874
                0x0000000010009560       0x13 CMakeFiles/pico_SDK_proj.dir/home/surya/pico/pico-sdk/src/rp2_common/hardware_irq/irq.c.obj
 *fill*         0x0000000010009573        0x1 
 .rodata.__func__.4896
                0x0000000010009574       0x1a CMakeFiles/pico_SDK_proj.dir/home/surya/pico/pico-sdk/src/rp2_common/hardware_irq/irq.c.obj
 *fill*         0x000000001000958e        0x2 
 .rodata.str1.4
                0x0000000010009590       0xe9 CMakeFiles/pico_SDK_proj.dir/home/surya/pico/pico-sdk/src/common/pico_sync/mutex.c.obj
 *fill*         0x0000000010009679        0x3 
 .rodata.__func__.4193
                0x000000001000967c       0x15 CMakeFiles/pico_SDK_proj.dir/home/surya/pico/pico-sdk/src/common/pico_sync/mutex.c.obj
 *fill*         0x0000000010009691        0x3 
 .rodata.__func__.4724
                0x0000000010009694       0x18 CMakeFiles/pico_SDK_proj.dir/home/surya/pico/pico-sdk/src/common/pico_sync/mutex.c.obj
 .rodata.__func__.4743
                0x00000000100096ac        0xb CMakeFiles/pico_SDK_proj.dir/home/surya/pico/pico-sdk/src/common/pico_sync/mutex.c.obj
 *fill*         0x00000000100096b7        0x1 
 .rodata.repeating_timer_callback.str1.4
                0x00000000100096b8       0x4a CMakeFiles/pico_SDK_proj.dir/home/surya/pico/pico-sdk/src/common/pico_time/time.c.obj
 *fill*         0x0000000010009702        0x2 
 .rodata.timer_pool_entry_comparator.str1.4
                0x0000000010009704       0x22 CMakeFiles/pico_SDK_proj.dir/home/surya/pico/pico-sdk/src/common/pico_time/time.c.obj
 *fill*         0x0000000010009726        0x2 
 .rodata.ph_add_child_node.str1.4
                0x0000000010009728       0x96 CMakeFiles/pico_SDK_proj.dir/home/surya/pico/pico-sdk/src/common/pico_time/time.c.obj
 *fill*         0x00000000100097be        0x2 
 .rodata.add_alarm_under_lock.str1.4
                0x00000000100097c0       0x28 CMakeFiles/pico_SDK_proj.dir/home/surya/pico/pico-sdk/src/common/pico_time/time.c.obj
                                         0x2b (size before relaxing)
 .rodata.alarm_pool_alarm_callback.str1.4
                0x00000000100097e8       0x98 CMakeFiles/pico_SDK_proj.dir/home/surya/pico/pico-sdk/src/common/pico_time/time.c.obj
                                         0xf8 (size before relaxing)
 .rodata.alarm_pool_get_default.str1.4
                0x0000000010009880       0x21 CMakeFiles/pico_SDK_proj.dir/home/surya/pico/pico-sdk/src/common/pico_time/time.c.obj
 *fill*         0x00000000100098a1        0x3 
 .rodata.alarm_pool_cancel_alarm.str1.4
                0x00000000100098a4       0x27 CMakeFiles/pico_SDK_proj.dir/home/surya/pico/pico-sdk/src/common/pico_time/time.c.obj
 *fill*         0x00000000100098cb        0x1 
 .rodata.sleep_until.str1.4
                0x00000000100098cc       0x4d CMakeFiles/pico_SDK_proj.dir/home/surya/pico/pico-sdk/src/common/pico_time/time.c.obj
 *fill*         0x0000000010009919        0x3 
 .rodata.__func__.5701
                0x000000001000991c       0x15 CMakeFiles/pico_SDK_proj.dir/home/surya/pico/pico-sdk/src/common/pico_time/time.c.obj
 *fill*         0x0000000010009931        0x3 
 .rodata.__func__.6045
                0x0000000010009934        0xc CMakeFiles/pico_SDK_proj.dir/home/surya/pico/pico-sdk/src/common/pico_time/time.c.obj
 .rodata.__func__.6052
                0x0000000010009940       0x12 CMakeFiles/pico_SDK_proj.dir/home/surya/pico/pico-sdk/src/common/pico_time/time.c.obj
 *fill*         0x0000000010009952        0x2 
 .rodata.__func__.6068
                0x0000000010009954        0xf CMakeFiles/pico_SDK_proj.dir/home/surya/pico/pico-sdk/src/common/pico_time/time.c.obj
 *fill*         0x0000000010009963        0x1 
 .rodata.__func__.6090
                0x0000000010009964        0xd CMakeFiles/pico_SDK_proj.dir/home/surya/pico/pico-sdk/src/common/pico_time/time.c.obj
 *fill*         0x0000000010009971        0x3 
 .rodata.__func__.6319
                0x0000000010009974        0xa CMakeFiles/pico_SDK_proj.dir/home/surya/pico/pico-sdk/src/common/pico_time/time.c.obj
 *fill*         0x000000001000997e        0x2 
 .rodata.__func__.6324
                0x0000000010009980       0x12 CMakeFiles/pico_SDK_proj.dir/home/surya/pico/pico-sdk/src/common/pico_time/time.c.obj
 *fill*         0x0000000010009992        0x2 
 .rodata.__func__.6339
                0x0000000010009994       0x17 CMakeFiles/pico_SDK_proj.dir/home/surya/pico/pico-sdk/src/common/pico_time/time.c.obj
 *fill*         0x00000000100099ab        0x1 
 .rodata.__func__.6350
                0x00000000100099ac       0x15 CMakeFiles/pico_SDK_proj.dir/home/surya/pico/pico-sdk/src/common/pico_time/time.c.obj
 *fill*         0x00000000100099c1        0x3 
 .rodata.__func__.6367
                0x00000000100099c4       0x1a CMakeFiles/pico_SDK_proj.dir/home/surya/pico/pico-sdk/src/common/pico_time/time.c.obj
 *fill*         0x00000000100099de        0x2 